<html>
<body>
<pre>
<h1>µVision Build Log</h1>
<h2>Project:</h2>
C:\Users\LEGION\Desktop\Project Junks\RTOS\RTOS ASSIGN TEAM 12\Team_12_ARM\Assignment-5\Mailbox\mailbx.uvproj
Project File Date:  11/24/2022

<h2>Output:</h2>
Rebuild target 'Target 1'
compiling RTX_Config.c...
assembling Startup.s...
compiling mailbox_uart.c...
mailbox_uart.c(22): warning:  #1295-D: Deprecated declaration keypad_lcd_init - give arg types
  void keypad_lcd_init();
mailbox_uart.c: 1 warning, 0 errors
linking...
Program Size: Code=5044 RO-data=68 RW-data=176 ZI-data=5456  
".\mailbx.axf" - 0 Error(s), 1 Warning(s).
</pre>
</body>
</html>
