Product: MDK-ARM Lite 5.10
Component: ARM Compiler 5.04 update 1 (build 49)
Tool: armlink [5040049]

==============================================================================

Section Cross References

    rtx_config.o(.text) refers to rtx_config.o(.text) for os_def_interrupt
    rtx_config.o(.text) refers to hal_arm.o(.emb_text) for os_clock_interrupt
    startup.o(RESET) refers to hal_arm.o(.emb_text) for SWI_Handler
    startup.o(RESET) refers to startup.o(STACK) for Stack_Top
    startup.o(RESET) refers to entry.o(.ARM.Collect$$$$00000000) for __main
    mailbox_uart.o(.text) refers to rt_mailbox.o(i.os_mbx_wait) for os_mbx_wait
    mailbox_uart.o(.text) refers to rt_task.o(i.os_tsk_create0) for os_tsk_create0
    mailbox_uart.o(.text) refers to rt_mailbox.o(i.os_mbx_init) for os_mbx_init
    mailbox_uart.o(.text) refers to rt_mailbox.o(i.os_mbx_send) for os_mbx_send
    mailbox_uart.o(.text) refers to rt_time.o(i.os_dly_wait) for os_dly_wait
    mailbox_uart.o(.text) refers to rt_membox.o(i._init_box) for _init_box
    mailbox_uart.o(.text) refers to hal_arm.o(.emb_text) for os_sys_init0
    mailbox_uart.o(.text) refers to mailbox_uart.o(.bss) for MsgBox
    mailbox_uart.o(.text) refers to mailbox_uart.o(.data) for msg1
    rt_task.o(i.os_block) refers to rt_list.o(i.os_put_dly) for os_put_dly
    rt_task.o(i.os_block) refers to rt_list.o(i.os_get_first) for os_get_first
    rt_task.o(i.os_block) refers to rt_task.o(.data) for .data
    rt_task.o(i.os_block) refers to rt_list.o(.bss) for os_rdy
    rt_task.o(i.os_dispatch) refers to rt_list.o(i.os_put_rdy_first) for os_put_rdy_first
    rt_task.o(i.os_dispatch) refers to rt_list.o(i.os_get_first) for os_get_first
    rt_task.o(i.os_dispatch) refers to rt_list.o(i.os_put_prio) for os_put_prio
    rt_task.o(i.os_dispatch) refers to rt_task.o(.data) for .data
    rt_task.o(i.os_dispatch) refers to rt_list.o(.bss) for os_rdy
    rt_task.o(i.os_init_context) refers to hal_arm.o(i.os_init_stack) for os_init_stack
    rt_task.o(i.os_init_context) refers to rtx_config.o(.bss) for mp_stk
    rt_task.o(i.os_sys_init1) refers to rt_membox.o(i._init_box) for _init_box
    rt_task.o(i.os_sys_init1) refers to rt_task.o(i.os_init_context) for os_init_context
    rt_task.o(i.os_sys_init1) refers to hal_arm.o(.emb_text) for os_set_env
    rt_task.o(i.os_sys_init1) refers to rtx_config.o(.text) for os_tmr_init
    rt_task.o(i.os_sys_init1) refers to rtx_config.o(.text) for os_idle_demon
    rt_task.o(i.os_sys_init1) refers to rtx_config.o(.bss) for os_active_TCB
    rt_task.o(i.os_sys_init1) refers to rtx_config.o(.constdata) for os_maxtaskrun
    rt_task.o(i.os_sys_init1) refers to rtx_config.o(.data) for m_tmr
    rt_task.o(i.os_sys_init1) refers to rt_task.o(.bss) for .bss
    rt_task.o(i.os_sys_init1) refers to rt_list.o(.bss) for os_rdy
    rt_task.o(i.os_sys_init1) refers to rt_task.o(.data) for .data
    rt_task.o(i.os_sys_init1) refers to rt_task.o(i.os_tsk_create0) for os_tsk_create0
    rt_task.o(i.os_tsk_create0) refers to rt_task.o(i.os_init_context) for os_init_context
    rt_task.o(i.os_tsk_create0) refers to rtx_config.o(.text) for tsk_unlock
    rt_task.o(i.os_tsk_create0) refers to rt_task.o(i.os_dispatch) for os_dispatch
    rt_task.o(i.os_tsk_create0) refers to rtx_config.o(.bss) for mp_tcb
    rt_task.o(i.os_tsk_create0) refers to rtx_config.o(.constdata) for os_maxtaskrun
    rt_task.o(i.os_tsk_create_ex0) refers to rt_task.o(i.os_tsk_create0) for os_tsk_create0
    rt_task.o(i.os_tsk_delete) refers to hal_arm.o(i.os_stk_check) for os_stk_check
    rt_task.o(i.os_tsk_delete) refers to rt_list.o(i.os_get_first) for os_get_first
    rt_task.o(i.os_tsk_delete) refers to rt_list.o(i.os_rmv_dly) for os_rmv_dly
    rt_task.o(i.os_tsk_delete) refers to rt_list.o(i.os_put_prio) for os_put_prio
    rt_task.o(i.os_tsk_delete) refers to rt_list.o(i.os_rmv_list) for os_rmv_list
    rt_task.o(i.os_tsk_delete) refers to rtx_config.o(.text) for tsk_unlock
    rt_task.o(i.os_tsk_delete) refers to rt_task.o(i.os_dispatch) for os_dispatch
    rt_task.o(i.os_tsk_delete) refers to rtx_config.o(.bss) for os_active_TCB
    rt_task.o(i.os_tsk_delete) refers to rt_task.o(.data) for .data
    rt_task.o(i.os_tsk_delete) refers to rt_list.o(.bss) for os_rdy
    rt_task.o(i.os_tsk_delete) refers to rtx_config.o(.constdata) for os_maxtaskrun
    rt_task.o(i.os_tsk_pass) refers to rt_list.o(i.os_get_same_rdy_prio) for os_get_same_rdy_prio
    rt_task.o(i.os_tsk_pass) refers to rt_list.o(i.os_put_prio) for os_put_prio
    rt_task.o(i.os_tsk_pass) refers to rtx_config.o(.text) for tsk_unlock
    rt_task.o(i.os_tsk_pass) refers to rt_task.o(.data) for .data
    rt_task.o(i.os_tsk_pass) refers to rt_list.o(.bss) for os_rdy
    rt_task.o(i.os_tsk_prio) refers to rt_list.o(i.os_put_prio) for os_put_prio
    rt_task.o(i.os_tsk_prio) refers to rtx_config.o(.text) for tsk_unlock
    rt_task.o(i.os_tsk_prio) refers to rt_list.o(i.os_resort_prio) for os_resort_prio
    rt_task.o(i.os_tsk_prio) refers to rt_list.o(i.os_get_first) for os_get_first
    rt_task.o(i.os_tsk_prio) refers to rt_task.o(i.os_dispatch) for os_dispatch
    rt_task.o(i.os_tsk_prio) refers to rt_task.o(.data) for .data
    rt_task.o(i.os_tsk_prio) refers to rtx_config.o(.constdata) for os_maxtaskrun
    rt_task.o(i.os_tsk_prio) refers to rtx_config.o(.bss) for os_active_TCB
    rt_task.o(i.os_tsk_prio) refers to rt_list.o(.bss) for os_rdy
    rt_task.o(i.os_tsk_self) refers to rt_task.o(.data) for .data
    rt_time.o(i.os_dly_wait) refers to rt_task.o(i.os_block) for os_block
    rt_time.o(i.os_dly_wait) refers to rtx_config.o(.text) for tsk_unlock
    rt_time.o(i.os_itv_set) refers to rt_task.o(.data) for os_runtask
    rt_time.o(i.os_itv_set) refers to rt_time.o(.data) for .data
    rt_time.o(i.os_itv_wait) refers to rt_task.o(i.os_block) for os_block
    rt_time.o(i.os_itv_wait) refers to rtx_config.o(.text) for tsk_unlock
    rt_time.o(i.os_itv_wait) refers to rt_task.o(.data) for os_runtask
    rt_time.o(i.os_itv_wait) refers to rt_time.o(.data) for .data
    rt_time.o(i.os_time_get) refers to rt_time.o(.data) for .data
    rt_mailbox.o(i.isr_mbx_receive) refers to rt_list.o(i.os_psq_enq) for os_psq_enq
    rt_mailbox.o(i.isr_mbx_receive) refers to rt_system.o(i.os_psh_req) for os_psh_req
    rt_mailbox.o(i.isr_mbx_send) refers to rt_list.o(i.os_psq_enq) for os_psq_enq
    rt_mailbox.o(i.isr_mbx_send) refers to rt_system.o(i.os_psh_req) for os_psh_req
    rt_mailbox.o(i.os_mbx_init) refers to rtx_config.o(.text) for tsk_unlock
    rt_mailbox.o(i.os_mbx_psh) refers to rt_list.o(i.os_get_first) for os_get_first
    rt_mailbox.o(i.os_mbx_psh) refers to rt_list.o(i.os_rmv_dly) for os_rmv_dly
    rt_mailbox.o(i.os_mbx_psh) refers to rt_list.o(i.os_put_prio) for os_put_prio
    rt_mailbox.o(i.os_mbx_psh) refers to rtx_config.o(.text) for os_error
    rt_mailbox.o(i.os_mbx_psh) refers to rt_list.o(.bss) for os_rdy
    rt_mailbox.o(i.os_mbx_send) refers to rt_list.o(i.os_put_prio) for os_put_prio
    rt_mailbox.o(i.os_mbx_send) refers to rt_list.o(i.os_get_first) for os_get_first
    rt_mailbox.o(i.os_mbx_send) refers to rt_list.o(i.os_rmv_dly) for os_rmv_dly
    rt_mailbox.o(i.os_mbx_send) refers to rt_task.o(i.os_dispatch) for os_dispatch
    rt_mailbox.o(i.os_mbx_send) refers to rt_task.o(i.os_block) for os_block
    rt_mailbox.o(i.os_mbx_send) refers to rtx_config.o(.text) for tsk_unlock
    rt_mailbox.o(i.os_mbx_send) refers to rt_task.o(.data) for os_runtask
    rt_mailbox.o(i.os_mbx_wait) refers to rt_list.o(i.os_get_first) for os_get_first
    rt_mailbox.o(i.os_mbx_wait) refers to rt_list.o(i.os_rmv_dly) for os_rmv_dly
    rt_mailbox.o(i.os_mbx_wait) refers to rt_task.o(i.os_dispatch) for os_dispatch
    rt_mailbox.o(i.os_mbx_wait) refers to rtx_config.o(.text) for tsk_unlock
    rt_mailbox.o(i.os_mbx_wait) refers to rt_list.o(i.os_put_prio) for os_put_prio
    rt_mailbox.o(i.os_mbx_wait) refers to rt_task.o(i.os_block) for os_block
    rt_mailbox.o(i.os_mbx_wait) refers to rt_task.o(.data) for os_runtask
    hal_arm.o(.emb_text) refers to hal_arm.o(.data) for sys_stktop
    hal_arm.o(.emb_text) refers to rt_task.o(i.os_sys_init1) for os_sys_init1
    hal_arm.o(.emb_text) refers to hal_arm.o(.data) for sys_mode
    hal_arm.o(.emb_text) refers to rtx_config.o(.text) for os_irq_ack_lock
    hal_arm.o(.emb_text) refers to rt_system.o(.data) for os_psh
    hal_arm.o(.emb_text) refers to rt_system.o(i.os_sys_manager) for os_sys_manager
    hal_arm.o(.emb_text) refers to swi_table.o(SWI_TABLE) for SWI_Table
    hal_arm.o(i.__SWI_0) refers to hal_arm.o(i.os_stk_check) for os_stk_check
    hal_arm.o(i.__SWI_0) refers to rtx_config.o(.text) for tsk_unlock
    hal_arm.o(i.__SWI_0) refers to hal_arm.o(.emb_text) for os_switch_tasks_ret
    hal_arm.o(i.__SWI_0) refers to rt_task.o(.data) for os_runtask
    hal_arm.o(i.os_init_stack) refers to rtx_config.o(.constdata) for os_stackinfo
    hal_arm.o(i.os_init_stack) refers to hal_arm.o(.data) for .data
    hal_arm.o(i.os_stk_check) refers to rtx_config.o(.text) for os_error
    hal_arm.o(i.os_stk_check) refers to rt_task.o(.data) for os_runtask
    rt_system.o(i.os_psh_req) refers to rtx_config.o(.text) for os_tmr_inspect_ovf
    rt_system.o(i.os_psh_req) refers to rt_system.o(.data) for .data
    rt_system.o(i.os_resume) refers to rt_list.o(i.os_put_rdy_first) for os_put_rdy_first
    rt_system.o(i.os_resume) refers to rt_list.o(i.os_dec_dly) for os_dec_dly
    rt_system.o(i.os_resume) refers to rt_timer.o(i.os_tmr_tick) for os_tmr_tick
    rt_system.o(i.os_resume) refers to rt_task.o(i.os_dispatch) for os_dispatch
    rt_system.o(i.os_resume) refers to rtx_config.o(.text) for tsk_unlock
    rt_system.o(i.os_resume) refers to rt_task.o(.data) for os_runtask
    rt_system.o(i.os_resume) refers to rt_robin.o(.data) for os_robin
    rt_system.o(i.os_resume) refers to rt_list.o(.bss) for os_dly
    rt_system.o(i.os_resume) refers to rt_time.o(.data) for os_time
    rt_system.o(i.os_resume) refers to rt_timer.o(.data) for os_tmr
    rt_system.o(i.os_suspend) refers to rt_list.o(.bss) for os_dly
    rt_system.o(i.os_suspend) refers to rt_timer.o(.data) for os_tmr
    rt_system.o(i.os_sys_manager) refers to rt_list.o(i.os_put_rdy_first) for os_put_rdy_first
    rt_system.o(i.os_sys_manager) refers to rtx_config.o(.text) for os_tmr_inspect_cnt
    rt_system.o(i.os_sys_manager) refers to rt_list.o(i.os_dec_dly) for os_dec_dly
    rt_system.o(i.os_sys_manager) refers to rt_semaphore.o(i.os_sem_psh) for os_sem_psh
    rt_system.o(i.os_sys_manager) refers to hal_arm.o(.emb_text) for _dec_qc
    rt_system.o(i.os_sys_manager) refers to rt_timer.o(i.os_tmr_tick) for os_tmr_tick
    rt_system.o(i.os_sys_manager) refers to hal_arm.o(i.os_stk_check) for os_stk_check
    rt_system.o(i.os_sys_manager) refers to rt_list.o(i.os_get_first) for os_get_first
    rt_system.o(i.os_sys_manager) refers to rt_event.o(i.os_evt_psh) for os_evt_psh
    rt_system.o(i.os_sys_manager) refers to rt_mailbox.o(i.os_mbx_psh) for os_mbx_psh
    rt_system.o(i.os_sys_manager) refers to rt_task.o(.data) for os_runtask
    rt_system.o(i.os_sys_manager) refers to rt_system.o(.data) for .data
    rt_system.o(i.os_sys_manager) refers to rt_time.o(.data) for os_time
    rt_system.o(i.os_sys_manager) refers to rtx_config.o(.bss) for os_fifo
    rt_system.o(i.os_sys_manager) refers to rt_list.o(.bss) for os_rdy
    rt_list.o(i.os_dec_dly) refers to rt_list.o(i.os_put_prio) for os_put_prio
    rt_list.o(i.os_dec_dly) refers to rt_list.o(.bss) for .bss
    rt_list.o(i.os_dec_dly) refers to rt_time.o(.data) for os_time
    rt_list.o(i.os_get_same_rdy_prio) refers to rt_list.o(.bss) for .bss
    rt_list.o(i.os_get_same_rdy_prio) refers to rt_task.o(.data) for os_runtask
    rt_list.o(i.os_psq_enq) refers to hal_arm.o(.emb_text) for _inc_qi
    rt_list.o(i.os_psq_enq) refers to rtx_config.o(.text) for os_error
    rt_list.o(i.os_psq_enq) refers to rtx_config.o(.bss) for os_fifo
    rt_list.o(i.os_put_dly) refers to rt_list.o(.bss) for .bss
    rt_list.o(i.os_put_rdy_first) refers to rt_list.o(.bss) for .bss
    rt_list.o(i.os_resort_prio) refers to rt_list.o(i.os_rmv_list) for os_rmv_list
    rt_list.o(i.os_resort_prio) refers to rt_list.o(i.os_put_prio) for os_put_prio
    rt_list.o(i.os_resort_prio) refers to rt_list.o(.bss) for .bss
    rt_list.o(i.os_rmv_list) refers to rt_list.o(.bss) for .bss
    swi_table.o(SWI_TABLE) refers to hal_arm.o(i.__SWI_0) for __SWI_0
    swi_table.o(SWI_TABLE) refers to rt_membox.o(i.__SWI_1) for __SWI_1
    swi_table.o(SWI_TABLE) refers to rt_membox.o(i.__SWI_2) for __SWI_2
    swi_table.o(SWI_TABLE) refers to hal_arm.o(i.__SWI_3) for __SWI_3
    swi_table.o(SWI_TABLE) refers to hal_arm.o(i.__SWI_4) for __SWI_4
    swi_table.o(SWI_TABLE) refers to rtx_config.o(.text) for __SWI_5
    swi_table.o(SWI_TABLE) refers to hal_arm.o(i.__SWI_6) for __SWI_6
    swi_table.o(SWI_TABLE) refers to hal_arm.o(i.__SWI_7) for __SWI_7
    rt_event.o(i.isr_evt_set) refers to rt_list.o(i.os_psq_enq) for os_psq_enq
    rt_event.o(i.isr_evt_set) refers to rt_system.o(i.os_psh_req) for os_psh_req
    rt_event.o(i.isr_evt_set) refers to rtx_config.o(.bss) for os_active_TCB
    rt_event.o(i.os_evt_clr) refers to rtx_config.o(.text) for tsk_unlock
    rt_event.o(i.os_evt_clr) refers to rtx_config.o(.bss) for os_active_TCB
    rt_event.o(i.os_evt_get) refers to rt_task.o(.data) for os_runtask
    rt_event.o(i.os_evt_psh) refers to rt_list.o(i.os_rmv_dly) for os_rmv_dly
    rt_event.o(i.os_evt_psh) refers to rt_list.o(i.os_put_prio) for os_put_prio
    rt_event.o(i.os_evt_psh) refers to rt_list.o(.bss) for os_rdy
    rt_event.o(i.os_evt_set) refers to rt_list.o(i.os_rmv_dly) for os_rmv_dly
    rt_event.o(i.os_evt_set) refers to rt_task.o(i.os_dispatch) for os_dispatch
    rt_event.o(i.os_evt_set) refers to rtx_config.o(.text) for tsk_unlock
    rt_event.o(i.os_evt_set) refers to rtx_config.o(.bss) for os_active_TCB
    rt_event.o(i.os_evt_wait) refers to rt_task.o(i.os_block) for os_block
    rt_event.o(i.os_evt_wait) refers to rtx_config.o(.text) for tsk_unlock
    rt_event.o(i.os_evt_wait) refers to rt_task.o(.data) for os_runtask
    rt_semaphore.o(i.isr_sem_send) refers to rt_list.o(i.os_psq_enq) for os_psq_enq
    rt_semaphore.o(i.isr_sem_send) refers to rt_system.o(i.os_psh_req) for os_psh_req
    rt_semaphore.o(i.os_sem_init) refers to rtx_config.o(.text) for tsk_unlock
    rt_semaphore.o(i.os_sem_psh) refers to rt_list.o(i.os_get_first) for os_get_first
    rt_semaphore.o(i.os_sem_psh) refers to rt_list.o(i.os_rmv_dly) for os_rmv_dly
    rt_semaphore.o(i.os_sem_psh) refers to rt_list.o(i.os_put_prio) for os_put_prio
    rt_semaphore.o(i.os_sem_psh) refers to rt_list.o(.bss) for os_rdy
    rt_semaphore.o(i.os_sem_send) refers to rt_list.o(i.os_get_first) for os_get_first
    rt_semaphore.o(i.os_sem_send) refers to rt_list.o(i.os_rmv_dly) for os_rmv_dly
    rt_semaphore.o(i.os_sem_send) refers to rt_task.o(i.os_dispatch) for os_dispatch
    rt_semaphore.o(i.os_sem_send) refers to rtx_config.o(.text) for tsk_unlock
    rt_semaphore.o(i.os_sem_wait) refers to rtx_config.o(.text) for tsk_unlock
    rt_semaphore.o(i.os_sem_wait) refers to rt_list.o(i.os_put_prio) for os_put_prio
    rt_semaphore.o(i.os_sem_wait) refers to rt_task.o(i.os_block) for os_block
    rt_semaphore.o(i.os_sem_wait) refers to rt_task.o(.data) for os_runtask
    rt_timer.o(i.os_tmr_create) refers to rtx_config.o(.text) for tsk_unlock
    rt_timer.o(i.os_tmr_create) refers to rtx_config.o(.data) for m_tmr
    rt_timer.o(i.os_tmr_create) refers to rt_timer.o(.data) for .data
    rt_timer.o(i.os_tmr_kill) refers to rtx_config.o(.text) for tsk_unlock
    rt_timer.o(i.os_tmr_kill) refers to rt_timer.o(.data) for .data
    rt_timer.o(i.os_tmr_kill) refers to rtx_config.o(.data) for m_tmr
    rt_timer.o(i.os_tmr_tick) refers to rtx_config.o(.text) for os_tmr_call
    rt_timer.o(i.os_tmr_tick) refers to rt_timer.o(.data) for .data
    rt_timer.o(i.os_tmr_tick) refers to rtx_config.o(.data) for m_tmr
    rt_robin.o(i.os_chk_robin) refers to rt_list.o(i.os_get_first) for os_get_first
    rt_robin.o(i.os_chk_robin) refers to rt_list.o(i.os_put_prio) for os_put_prio
    rt_robin.o(i.os_chk_robin) refers to rt_robin.o(.data) for .data
    rt_robin.o(i.os_chk_robin) refers to rt_list.o(.bss) for os_rdy
    rt_robin.o(i.os_chk_robin) refers to rt_time.o(.data) for os_time
    rt_robin.o(i.os_init_robin) refers to rt_robin.o(.data) for .data
    rt_robin.o(i.os_init_robin) refers to rtx_config.o(.constdata) for os_rrobin
    entry.o(.ARM.Collect$$$$00000000) refers (Special) to entry10a.o(.ARM.Collect$$$$0000000D) for __rt_final_cpp
    entry.o(.ARM.Collect$$$$00000000) refers (Special) to entry11a.o(.ARM.Collect$$$$0000000F) for __rt_final_exit
    entry.o(.ARM.Collect$$$$00000000) refers (Special) to entry7b.o(.ARM.Collect$$$$00000008) for _main_clock
    entry.o(.ARM.Collect$$$$00000000) refers (Special) to entry8b.o(.ARM.Collect$$$$0000000A) for _main_cpp_init
    entry.o(.ARM.Collect$$$$00000000) refers (Special) to entry9a.o(.ARM.Collect$$$$0000000B) for _main_init
    entry.o(.ARM.Collect$$$$00000000) refers (Special) to entry5.o(.ARM.Collect$$$$00000004) for _main_scatterload
    entry.o(.ARM.Collect$$$$00000000) refers (Special) to entry2.o(.ARM.Collect$$$$00000001) for _main_stk
    entry2.o(.ARM.Collect$$$$00000001) refers to entry2.o(.ARM.Collect$$$$00002712) for __lit__00000000
    entry2.o(.ARM.Collect$$$$00002712) refers to startup.o(STACK) for __initial_sp
    entry5.o(.ARM.Collect$$$$00000004) refers to init.o(.text) for __scatterload
    entry9a.o(.ARM.Collect$$$$0000000B) refers to mailbox_uart.o(.text) for main
    entry9b.o(.ARM.Collect$$$$0000000C) refers to mailbox_uart.o(.text) for main
    init.o(.text) refers to init.o(i.__ARM_common_call_via_r3) for __ARM_common_call_via_r3
    init.o(.text) refers to entry5.o(.ARM.Collect$$$$00000004) for __main_after_scatterload


==============================================================================

Removing Unused input sections from the image.

    Removing startup.o(HEAP), (0 bytes).
    Removing rt_task.o(i.os_tsk_create_ex0), (12 bytes).
    Removing rt_task.o(i.os_tsk_delete), (336 bytes).
    Removing rt_task.o(i.os_tsk_pass), (52 bytes).
    Removing rt_task.o(i.os_tsk_prio), (144 bytes).
    Removing rt_task.o(i.os_tsk_self), (16 bytes).
    Removing rt_time.o(i.os_itv_set), (24 bytes).
    Removing rt_time.o(i.os_itv_wait), (56 bytes).
    Removing rt_time.o(i.os_time_get), (12 bytes).
    Removing rt_mailbox.o(i.isr_mbx_receive), (76 bytes).
    Removing rt_mailbox.o(i.isr_mbx_send), (16 bytes).
    Removing rt_mailbox.o(i.os_mbx_check), (8 bytes).
    Removing rt_membox.o(i._calloc_box), (34 bytes).
    Removing rt_system.o(.emb_text), (0 bytes).
    Removing rt_system.o(i.os_psh_req), (52 bytes).
    Removing rt_system.o(i.os_resume), (168 bytes).
    Removing rt_system.o(i.os_suspend), (52 bytes).
    Removing rt_list.o(i.os_get_same_rdy_prio), (36 bytes).
    Removing rt_list.o(i.os_psq_enq), (52 bytes).
    Removing rt_list.o(i.os_resort_prio), (52 bytes).
    Removing rt_list.o(i.os_rmv_list), (52 bytes).
    Removing rt_event.o(i.isr_evt_set), (40 bytes).
    Removing rt_event.o(i.os_evt_clr), (40 bytes).
    Removing rt_event.o(i.os_evt_get), (12 bytes).
    Removing rt_event.o(i.os_evt_set), (100 bytes).
    Removing rt_event.o(i.os_evt_wait), (96 bytes).
    Removing rt_semaphore.o(i.isr_sem_send), (18 bytes).
    Removing rt_semaphore.o(i.os_sem_init), (28 bytes).
    Removing rt_semaphore.o(i.os_sem_send), (58 bytes).
    Removing rt_semaphore.o(i.os_sem_wait), (96 bytes).
    Removing rt_timer.o(i.os_tmr_create), (92 bytes).
    Removing rt_timer.o(i.os_tmr_kill), (72 bytes).
    Removing rt_robin.o(i.os_chk_robin), (72 bytes).
    Removing rt_robin.o(i.os_init_robin), (24 bytes).
    Removing rt_robin.o(.data), (8 bytes).

35 unused section(s) (total 2006 bytes) removed from the image.

==============================================================================

Adding Veneers to the image

    Adding AT veneer (8 bytes, Inline) for call to 'os_sys_init0' from mailbox_uart.o(.text).
    Adding TA veneer (4 bytes, Inline) for call to 'os_idle_demon' from rt_task.o(i.os_sys_init1).
    Adding AT veneer (8 bytes, Inline) for call to '__scatterload' from entry5.o(.ARM.Collect$$$$00000004).
    Adding TA veneer (8 bytes, Short) for call to '__main_after_scatterload' from init.o(.text).
    Adding TA veneer (8 bytes, Short) for call to 'os_error' from rt_mailbox.o(i.os_mbx_psh).
    Adding TA veneer (8 bytes, Short) for call to 'os_tmr_call' from rt_timer.o(i.os_tmr_tick).
    Adding AT veneer (8 bytes, Inline) for call to '_init_box' from mailbox_uart.o(.text).
    Adding AT veneer (8 bytes, Inline) for call to 'os_dly_wait' from mailbox_uart.o(.text).
    Adding AT veneer (8 bytes, Inline) for call to 'os_mbx_init' from mailbox_uart.o(.text).
    Adding AT veneer (8 bytes, Inline) for call to 'os_mbx_send' from mailbox_uart.o(.text).
    Adding AT veneer (8 bytes, Inline) for call to 'os_mbx_wait' from mailbox_uart.o(.text).
    Adding AT veneer (8 bytes, Inline) for call to 'os_tsk_create0' from mailbox_uart.o(.text).

12 Veneer(s) (total 92 bytes) added to the image.

==============================================================================

Image Symbol Table

    Local Symbols

    Symbol Name                              Value     Ov Type        Size  Object(Section)

    RESET                                    0x00000000   Section      260  startup.o(RESET)
    ../clib/microlib/init/entry.s            0x00000000   Number         0  entry9b.o ABSOLUTE
    ../clib/microlib/init/entry.s            0x00000000   Number         0  entry2.o ABSOLUTE
    ../clib/microlib/init/entry.s            0x00000000   Number         0  entry10a.o ABSOLUTE
    ../clib/microlib/init/entry.s            0x00000000   Number         0  entry10b.o ABSOLUTE
    ../clib/microlib/init/entry.s            0x00000000   Number         0  entry11a.o ABSOLUTE
    ../clib/microlib/init/entry.s            0x00000000   Number         0  entry.o ABSOLUTE
    ../clib/microlib/init/entry.s            0x00000000   Number         0  entry11b.o ABSOLUTE
    ../clib/microlib/init/entry.s            0x00000000   Number         0  entry5.o ABSOLUTE
    ../clib/microlib/init/entry.s            0x00000000   Number         0  entry7a.o ABSOLUTE
    ../clib/microlib/init/entry.s            0x00000000   Number         0  entry7b.o ABSOLUTE
    ../clib/microlib/init/entry.s            0x00000000   Number         0  entry8a.o ABSOLUTE
    ../clib/microlib/init/entry.s            0x00000000   Number         0  entry8b.o ABSOLUTE
    ../clib/microlib/init/entry.s            0x00000000   Number         0  entry9a.o ABSOLUTE
    RTX_Config.c                             0x00000000   Number         0  rtx_config.o ABSOLUTE
    SRC\ARM\HAL_ARM.c                        0x00000000   Number         0  hal_arm.o ABSOLUTE
    SRC\ARM\SWI_Table.s                      0x00000000   Number         0  swi_table.o ABSOLUTE
    SRC\ARM\rt_Event.c                       0x00000000   Number         0  rt_event.o ABSOLUTE
    SRC\ARM\rt_List.c                        0x00000000   Number         0  rt_list.o ABSOLUTE
    SRC\ARM\rt_Mailbox.c                     0x00000000   Number         0  rt_mailbox.o ABSOLUTE
    SRC\ARM\rt_MemBox.c                      0x00000000   Number         0  rt_membox.o ABSOLUTE
    SRC\ARM\rt_Robin.c                       0x00000000   Number         0  rt_robin.o ABSOLUTE
    SRC\ARM\rt_Semaphore.c                   0x00000000   Number         0  rt_semaphore.o ABSOLUTE
    SRC\ARM\rt_System.c                      0x00000000   Number         0  rt_system.o ABSOLUTE
    SRC\ARM\rt_Task.c                        0x00000000   Number         0  rt_task.o ABSOLUTE
    SRC\ARM\rt_Time.c                        0x00000000   Number         0  rt_time.o ABSOLUTE
    SRC\ARM\rt_Timer.c                       0x00000000   Number         0  rt_timer.o ABSOLUTE
    SRC\\ARM\\HAL_ARM.c                      0x00000000   Number         0  hal_arm.o ABSOLUTE
    SRC\\ARM\\rt_System.c                    0x00000000   Number         0  rt_system.o ABSOLUTE
    Startup.s                                0x00000000   Number         0  startup.o ABSOLUTE
    dc.s                                     0x00000000   Number         0  dc.o ABSOLUTE
    handlers.s                               0x00000000   Number         0  handlers.o ABSOLUTE
    init.s                                   0x00000000   Number         0  init.o ABSOLUTE
    mailbox_uart.c                           0x00000000   Number         0  mailbox_uart.o ABSOLUTE
    Undef_Handler                            0x00000040   ARM Code       4  startup.o(RESET)
    PAbt_Handler                             0x00000044   ARM Code       4  startup.o(RESET)
    DAbt_Handler                             0x00000048   ARM Code       4  startup.o(RESET)
    IRQ_Handler                              0x0000004c   ARM Code       4  startup.o(RESET)
    FIQ_Handler                              0x00000050   ARM Code       4  startup.o(RESET)
    .ARM.Collect$$$$00000000                 0x00000104   Section        0  entry.o(.ARM.Collect$$$$00000000)
    .ARM.Collect$$$$00000001                 0x00000104   Section        4  entry2.o(.ARM.Collect$$$$00000001)
    .ARM.Collect$$$$00000004                 0x00000108   Section        4  entry5.o(.ARM.Collect$$$$00000004)
    .ARM.Collect$$$$00000008                 0x0000010c   Section        0  entry7b.o(.ARM.Collect$$$$00000008)
    .ARM.Collect$$$$0000000A                 0x0000010c   Section        0  entry8b.o(.ARM.Collect$$$$0000000A)
    .ARM.Collect$$$$0000000B                 0x0000010c   Section       12  entry9a.o(.ARM.Collect$$$$0000000B)
    .ARM.Collect$$$$0000000D                 0x00000118   Section        0  entry10a.o(.ARM.Collect$$$$0000000D)
    .ARM.Collect$$$$0000000F                 0x00000118   Section        0  entry11a.o(.ARM.Collect$$$$0000000F)
    .ARM.Collect$$$$00002712                 0x00000118   Section        4  entry2.o(.ARM.Collect$$$$00002712)
    __lit__00000000                          0x00000118   Data           4  entry2.o(.ARM.Collect$$$$00002712)
    .emb_text                                0x00000124   Section      516  hal_arm.o(.emb_text)
    Switch_task                              0x000002a0   ARM Code       0  hal_arm.o(.emb_text)
    .text                                    0x0000032c   Section        0  rtx_config.o(.text)
    os_def_interrupt                         0x00000340   ARM Code      20  rtx_config.o(.text)
    .text                                    0x00000354   Section        0  rtx_config.o(.text)
    .text                                    0x000003dc   Section        0  mailbox_uart.o(.text)
    .text                                    0x00000a10   Section       32  init.o(.text)
    SWI_TABLE                                0x00000a30   Section       36  swi_table.o(SWI_TABLE)
    i.__ARM_common_call_via_r3               0x00000a6c   Section        2  init.o(i.__ARM_common_call_via_r3)
    i.__SWI_0                                0x00000a70   Section        0  hal_arm.o(i.__SWI_0)
    i.__SWI_1                                0x00000aa4   Section        0  rt_membox.o(i.__SWI_1)
    i.__SWI_2                                0x00000ab2   Section        0  rt_membox.o(i.__SWI_2)
    i.__SWI_3                                0x00000aca   Section        0  hal_arm.o(i.__SWI_3)
    i.__SWI_4                                0x00000ad2   Section        0  hal_arm.o(i.__SWI_4)
    i.__SWI_6                                0x00000ada   Section        0  hal_arm.o(i.__SWI_6)
    i.__SWI_7                                0x00000adc   Section        0  hal_arm.o(i.__SWI_7)
    i.__scatterload_copy                     0x00000ae0   Section       28  handlers.o(i.__scatterload_copy)
    i.__scatterload_null                     0x00000afc   Section        4  handlers.o(i.__scatterload_null)
    i.__scatterload_zeroinit                 0x00000b00   Section       24  handlers.o(i.__scatterload_zeroinit)
    i._init_box                              0x00000b20   Section        0  rt_membox.o(i._init_box)
    i.os_block                               0x00000b6c   Section        0  rt_task.o(i.os_block)
    i.os_dec_dly                             0x00000bb4   Section        0  rt_list.o(i.os_dec_dly)
    i.os_dispatch                            0x00000c30   Section        0  rt_task.o(i.os_dispatch)
    i.os_dly_wait                            0x00000c7c   Section        0  rt_time.o(i.os_dly_wait)
    i.os_evt_psh                             0x00000c94   Section        0  rt_event.o(i.os_evt_psh)
    i.os_get_first                           0x00000ce4   Section        0  rt_list.o(i.os_get_first)
    i.os_init_context                        0x00000d10   Section        0  rt_task.o(i.os_init_context)
    os_init_context                          0x00000d11   Thumb Code    70  rt_task.o(i.os_init_context)
    i.os_init_stack                          0x00000d5c   Section        0  hal_arm.o(i.os_init_stack)
    i.os_mbx_init                            0x00000dd8   Section        0  rt_mailbox.o(i.os_mbx_init)
    i.os_mbx_psh                             0x00000e08   Section        0  rt_mailbox.o(i.os_mbx_psh)
    i.os_mbx_send                            0x00000ea0   Section        0  rt_mailbox.o(i.os_mbx_send)
    i.os_mbx_wait                            0x00000f4c   Section        0  rt_mailbox.o(i.os_mbx_wait)
    i.os_put_dly                             0x00000fec   Section        0  rt_list.o(i.os_put_dly)
    i.os_put_prio                            0x0000103c   Section        0  rt_list.o(i.os_put_prio)
    i.os_put_rdy_first                       0x0000107c   Section        0  rt_list.o(i.os_put_rdy_first)
    i.os_rmv_dly                             0x00001090   Section        0  rt_list.o(i.os_rmv_dly)
    i.os_sem_psh                             0x000010bc   Section        0  rt_semaphore.o(i.os_sem_psh)
    i.os_stk_check                           0x000010f4   Section        0  hal_arm.o(i.os_stk_check)
    i.os_sys_init1                           0x00001124   Section        0  rt_task.o(i.os_sys_init1)
    i.os_sys_manager                         0x0000120c   Section        0  rt_system.o(i.os_sys_manager)
    i.os_tmr_tick                            0x000012d8   Section        0  rt_timer.o(i.os_tmr_tick)
    i.os_tsk_create0                         0x00001324   Section        0  rt_task.o(i.os_tsk_create0)
    .constdata                               0x000013b4   Section       32  rtx_config.o(.constdata)
    __tagsym$$used                           0x000013c0   Number         0  rtx_config.o(.constdata)
    __tagsym$$used                           0x000013c4   Number         0  rtx_config.o(.constdata)
    .constdata                               0x000013d4   Section        4  rt_system.o(.constdata)
    __tagsym$$used                           0x000013d4   Number         0  rt_system.o(.constdata)
    .data                                    0x40000000   Section        4  rtx_config.o(.data)
    .data                                    0x40000004   Section      140  mailbox_uart.o(.data)
    .data                                    0x40000090   Section        4  rt_task.o(.data)
    .data                                    0x40000094   Section        4  rt_time.o(.data)
    .data                                    0x40000098   Section        4  hal_arm.o(.data)
    .data                                    0x4000009c   Section        1  hal_arm.o(.data)
    .data                                    0x400000a0   Section        8  rt_system.o(.data)
    .data                                    0x400000a8   Section        8  rt_timer.o(.data)
    .bss                                     0x400000b0   Section     4108  rtx_config.o(.bss)
    .bss                                     0x400010bc   Section     1068  mailbox_uart.o(.bss)
    .bss                                     0x400014e8   Section       56  rt_task.o(.bss)
    .bss                                     0x40001520   Section       48  rt_list.o(.bss)
    STACK                                    0x40001550   Section      176  startup.o(STACK)
    Stack_Top                                0x40001600   Data           0  startup.o(STACK)

    Global Symbols

    Symbol Name                              Value     Ov Type        Size  Object(Section)

    BuildAttributes$$THM_ISAv1$ARM_ISAv4$S$PE$A:L22$X:L11$S22$IEEE1$IW$USESV6$~STKCKD$USESV7$~SHL$OSPACE$EBA8$MICROLIB$REQ8$EABIv2 0x00000000   Number         0  anon$$obj.o ABSOLUTE
    __ARM_use_no_argv                        0x00000000   Number         0  mailbox_uart.o ABSOLUTE
    __cpp_initialize__aeabi_                  - Undefined Weak Reference
    __cxa_finalize                            - Undefined Weak Reference
    __decompress                              - Undefined Weak Reference
    _clock_init                               - Undefined Weak Reference
    _microlib_exit                            - Undefined Weak Reference
    os_tmr_reload                             - Undefined Weak Reference
    rt_init                                   - Undefined Weak Reference
    rt_notify                                 - Undefined Weak Reference
    rt_post_taskswitch                        - Undefined Weak Reference
    Reset_Handler                            0x00000054   ARM Code       0  startup.o(RESET)
    __main                                   0x00000104   ARM Code       0  entry.o(.ARM.Collect$$$$00000000)
    _main_stk                                0x00000104   ARM Code       0  entry2.o(.ARM.Collect$$$$00000001)
    _main_scatterload                        0x00000108   ARM Code       0  entry5.o(.ARM.Collect$$$$00000004)
    __main_after_scatterload                 0x0000010c   ARM Code       0  entry5.o(.ARM.Collect$$$$00000004)
    _main_clock                              0x0000010c   ARM Code       0  entry7b.o(.ARM.Collect$$$$00000008)
    _main_cpp_init                           0x0000010c   ARM Code       0  entry8b.o(.ARM.Collect$$$$0000000A)
    _main_init                               0x0000010c   ARM Code       0  entry9a.o(.ARM.Collect$$$$0000000B)
    __rt_final_cpp                           0x00000118   ARM Code       0  entry10a.o(.ARM.Collect$$$$0000000D)
    __rt_final_exit                          0x00000118   ARM Code       0  entry11a.o(.ARM.Collect$$$$0000000F)
    Inline ARM to Thumb Veneer to os_sys_init0 0x0000011c   ARM Code       8  hal_arm.o(.emb_text)
    _inc_qi                                  0x00000125   Thumb Code    60  hal_arm.o(.emb_text)
    _dec_qc                                  0x00000161   Thumb Code    32  hal_arm.o(.emb_text)
    os_set_env                               0x00000181   Thumb Code     8  hal_arm.o(.emb_text)
    os_sys_init0                             0x00000189   Thumb Code    32  hal_arm.o(.emb_text)
    os_sys_run                               0x000001b5   Thumb Code    16  hal_arm.o(.emb_text)
    os_clock_interrupt                       0x000001c8   ARM Code     128  hal_arm.o(.emb_text)
    os_sys_manager_ret                       0x00000235   Thumb Code     0  hal_arm.o(.emb_text)
    SWI_Handler                              0x0000025c   ARM Code     196  hal_arm.o(.emb_text)
    os_switch_tasks_ret                      0x00000299   Thumb Code     0  hal_arm.o(.emb_text)
    Inline Thumb to ARM Veneer to os_idle_demon 0x00000329   Thumb Code     4  rtx_config.o(.text)
    os_idle_demon                            0x0000032c   ARM Code       8  rtx_config.o(.text)
    os_tmr_call                              0x00000334   ARM Code       4  rtx_config.o(.text)
    os_error                                 0x00000338   ARM Code       8  rtx_config.o(.text)
    os_tmr_init                              0x00000355   Thumb Code    34  rtx_config.o(.text)
    os_tmr_force_irq                         0x00000379   Thumb Code     8  rtx_config.o(.text)
    os_tmr_inspect_cnt                       0x00000381   Thumb Code     6  rtx_config.o(.text)
    os_tmr_inspect_ovf                       0x00000389   Thumb Code    10  rtx_config.o(.text)
    os_irq_ack_lock                          0x00000395   Thumb Code    20  rtx_config.o(.text)
    __SWI_5                                  0x000003a9   Thumb Code     8  rtx_config.o(.text)
    tsk_unlock                               0x000003b1   Thumb Code     8  rtx_config.o(.text)
    os_init_robin                            0x000003b9   Thumb Code     2  rtx_config.o(.text)
    os_chk_robin                             0x000003bd   Thumb Code     2  rtx_config.o(.text)
    keypad_lcd_init                          0x000003dc   ARM Code      68  mailbox_uart.o(.text)
    delay                                    0x00000420   ARM Code      24  mailbox_uart.o(.text)
    task2                                    0x00000438   ARM Code     360  mailbox_uart.o(.text)
    __RL_RTX_VER                             0x00000474   Number         0  rt_system.o ABSOLUTE
    task1                                    0x000005a0   ARM Code     996  mailbox_uart.o(.text)
    main                                     0x00000984   ARM Code      52  mailbox_uart.o(.text)
    Inline ARM to Thumb Veneer to __scatterload 0x00000a08   ARM Code       8  init.o(.text)
    __scatterload                            0x00000a11   Thumb Code    24  init.o(.text)
    __scatterload_rt2                        0x00000a11   Thumb Code     0  init.o(.text)
    SWI_Count                                0x00000a30   Data           4  swi_table.o(SWI_TABLE)
    SWI_Table                                0x00000a34   Data           0  swi_table.o(SWI_TABLE)
    Short Thumb to ARM Veneer to __main_after_scatterload 0x00000a55   Thumb Code     8  anon$$obj.o(Veneer$$Code)
    Short Thumb to ARM Veneer to os_error    0x00000a5d   Thumb Code     8  anon$$obj.o(Veneer$$Code)
    Short Thumb to ARM Veneer to os_tmr_call 0x00000a65   Thumb Code     8  anon$$obj.o(Veneer$$Code)
    __ARM_common_call_via_r3                 0x00000a6d   Thumb Code     2  init.o(i.__ARM_common_call_via_r3)
    __SWI_0                                  0x00000a71   Thumb Code    46  hal_arm.o(i.__SWI_0)
    __SWI_1                                  0x00000aa5   Thumb Code    14  rt_membox.o(i.__SWI_1)
    __SWI_2                                  0x00000ab3   Thumb Code    24  rt_membox.o(i.__SWI_2)
    __SWI_3                                  0x00000acb   Thumb Code     8  hal_arm.o(i.__SWI_3)
    __SWI_4                                  0x00000ad3   Thumb Code     8  hal_arm.o(i.__SWI_4)
    __SWI_6                                  0x00000adb   Thumb Code     2  hal_arm.o(i.__SWI_6)
    __SWI_7                                  0x00000add   Thumb Code     2  hal_arm.o(i.__SWI_7)
    __scatterload_copy                       0x00000ae0   ARM Code      28  handlers.o(i.__scatterload_copy)
    __scatterload_null                       0x00000afc   ARM Code       4  handlers.o(i.__scatterload_null)
    __scatterload_zeroinit                   0x00000b00   ARM Code      24  handlers.o(i.__scatterload_zeroinit)
    Inline ARM to Thumb Veneer to _init_box  0x00000b18   ARM Code       8  rt_membox.o(i._init_box)
    _init_box                                0x00000b21   Thumb Code    74  rt_membox.o(i._init_box)
    os_block                                 0x00000b6d   Thumb Code    58  rt_task.o(i.os_block)
    os_dec_dly                               0x00000bb5   Thumb Code   116  rt_list.o(i.os_dec_dly)
    os_dispatch                              0x00000c31   Thumb Code    60  rt_task.o(i.os_dispatch)
    Inline ARM to Thumb Veneer to os_dly_wait 0x00000c74   ARM Code       8  rt_time.o(i.os_dly_wait)
    os_dly_wait                              0x00000c7d   Thumb Code    24  rt_time.o(i.os_dly_wait)
    os_evt_psh                               0x00000c95   Thumb Code    74  rt_event.o(i.os_evt_psh)
    os_get_first                             0x00000ce5   Thumb Code    42  rt_list.o(i.os_get_first)
    os_init_stack                            0x00000d5d   Thumb Code   100  hal_arm.o(i.os_init_stack)
    Inline ARM to Thumb Veneer to os_mbx_init 0x00000dd0   ARM Code       8  rt_mailbox.o(i.os_mbx_init)
    os_mbx_init                              0x00000dd9   Thumb Code    44  rt_mailbox.o(i.os_mbx_init)
    os_mbx_psh                               0x00000e09   Thumb Code   140  rt_mailbox.o(i.os_mbx_psh)
    Inline ARM to Thumb Veneer to os_mbx_send 0x00000e98   ARM Code       8  rt_mailbox.o(i.os_mbx_send)
    os_mbx_send                              0x00000ea1   Thumb Code   158  rt_mailbox.o(i.os_mbx_send)
    Inline ARM to Thumb Veneer to os_mbx_wait 0x00000f44   ARM Code       8  rt_mailbox.o(i.os_mbx_wait)
    os_mbx_wait                              0x00000f4d   Thumb Code   154  rt_mailbox.o(i.os_mbx_wait)
    os_put_dly                               0x00000fed   Thumb Code    76  rt_list.o(i.os_put_dly)
    os_put_prio                              0x0000103d   Thumb Code    62  rt_list.o(i.os_put_prio)
    os_put_rdy_first                         0x0000107d   Thumb Code    14  rt_list.o(i.os_put_rdy_first)
    os_rmv_dly                               0x00001091   Thumb Code    44  rt_list.o(i.os_rmv_dly)
    os_sem_psh                               0x000010bd   Thumb Code    50  rt_semaphore.o(i.os_sem_psh)
    os_stk_check                             0x000010f5   Thumb Code    38  hal_arm.o(i.os_stk_check)
    os_sys_init1                             0x00001125   Thumb Code   162  rt_task.o(i.os_sys_init1)
    os_sys_manager                           0x0000120d   Thumb Code   184  rt_system.o(i.os_sys_manager)
    os_tmr_tick                              0x000012d9   Thumb Code    58  rt_timer.o(i.os_tmr_tick)
    Inline ARM to Thumb Veneer to os_tsk_create0 0x0000131c   ARM Code       8  rt_task.o(i.os_tsk_create0)
    os_tsk_create0                           0x00001325   Thumb Code   130  rt_task.o(i.os_tsk_create0)
    os_maxtaskrun                            0x000013b4   Data           2  rtx_config.o(.constdata)
    os_stackinfo                             0x000013b8   Data           4  rtx_config.o(.constdata)
    os_rrobin                                0x000013bc   Data           4  rtx_config.o(.constdata)
    os_clockrate                             0x000013c0   Data           4  rtx_config.o(.constdata)
    os_timernum                              0x000013c4   Data           4  rtx_config.o(.constdata)
    mp_tcb_size                              0x000013c8   Data           2  rtx_config.o(.constdata)
    mp_stk_size                              0x000013cc   Data           4  rtx_config.o(.constdata)
    os_fifo_size                             0x000013d0   Data           1  rtx_config.o(.constdata)
    mp_tmr_size                              0x000013d2   Data           2  rtx_config.o(.constdata)
    RL_RTX_Version                           0x000013d4   Data           4  rt_system.o(.constdata)
    Region$$Table$$Base                      0x000013d8   Number         0  anon$$obj.o(Region$$Table)
    Region$$Table$$Limit                     0x000013f8   Number         0  anon$$obj.o(Region$$Table)
    m_tmr                                    0x40000000   Data           4  rtx_config.o(.data)
    value                                    0x40000004   Data           4  mailbox_uart.o(.data)
    i                                        0x40000008   Data           4  mailbox_uart.o(.data)
    cnt                                      0x4000000c   Data           4  mailbox_uart.o(.data)
    q                                        0x40000010   Data           4  mailbox_uart.o(.data)
    c                                        0x40000014   Data          36  mailbox_uart.o(.data)
    m                                        0x40000038   Data           1  mailbox_uart.o(.data)
    j                                        0x40000039   Data           1  mailbox_uart.o(.data)
    row0                                     0x4000003c   Data          16  mailbox_uart.o(.data)
    row1                                     0x4000004c   Data          16  mailbox_uart.o(.data)
    row2                                     0x4000005c   Data          16  mailbox_uart.o(.data)
    row3                                     0x4000006c   Data          16  mailbox_uart.o(.data)
    msg1                                     0x4000007c   Data           5  mailbox_uart.o(.data)
    msg2                                     0x40000081   Data           5  mailbox_uart.o(.data)
    msg3                                     0x40000086   Data           5  mailbox_uart.o(.data)
    msg4                                     0x4000008b   Data           5  mailbox_uart.o(.data)
    os_runtask                               0x40000090   Data           4  rt_task.o(.data)
    os_time                                  0x40000094   Data           4  rt_time.o(.data)
    sys_stktop                               0x40000098   Data           4  hal_arm.o(.data)
    sys_mode                                 0x4000009c   Data           1  hal_arm.o(.data)
    os_psh                                   0x400000a0   Data           8  rt_system.o(.data)
    os_tmr                                   0x400000a8   Data           8  rt_timer.o(.data)
    mp_tcb                                   0x400000b0   Data         348  rtx_config.o(.bss)
    mp_stk                                   0x40000210   Data        3600  rtx_config.o(.bss)
    os_fifo                                  0x40001020   Data         132  rtx_config.o(.bss)
    os_active_TCB                            0x400010a4   Data          24  rtx_config.o(.bss)
    MsgBox                                   0x400010bc   Data         416  mailbox_uart.o(.bss)
    mpool                                    0x4000125c   Data         652  mailbox_uart.o(.bss)
    os_idle_TCB                              0x400014e8   Data          56  rt_task.o(.bss)
    os_rdy                                   0x40001520   Data          24  rt_list.o(.bss)
    os_dly                                   0x40001538   Data          24  rt_list.o(.bss)
    __initial_sp                             0x400015a0   Data          96  startup.o(STACK)



==============================================================================

Memory Map of the image

  Image Entry point : 0x00000104

  Load Region LR_IROM1 (Base: 0x00000000, Size: 0x000014a8, Max: 0x00080000, ABSOLUTE)

    Execution Region ER_IROM1 (Base: 0x00000000, Size: 0x000013f8, Max: 0x00080000, ABSOLUTE)

    Base Addr    Size         Type   Attr      Idx    E Section Name        Object

    0x00000000   0x00000104   Code   RO           37    RESET               startup.o
    0x00000104   0x00000000   Code   RO          581  * .ARM.Collect$$$$00000000  mc_t.l(entry.o)
    0x00000104   0x00000004   Code   RO          584    .ARM.Collect$$$$00000001  mc_t.l(entry2.o)
    0x00000108   0x00000004   Code   RO          586    .ARM.Collect$$$$00000004  mc_t.l(entry5.o)
    0x0000010c   0x00000000   Code   RO          588    .ARM.Collect$$$$00000008  mc_t.l(entry7b.o)
    0x0000010c   0x00000000   Code   RO          590    .ARM.Collect$$$$0000000A  mc_t.l(entry8b.o)
    0x0000010c   0x0000000c   Code   RO          591    .ARM.Collect$$$$0000000B  mc_t.l(entry9a.o)
    0x00000118   0x00000000   Code   RO          593    .ARM.Collect$$$$0000000D  mc_t.l(entry10a.o)
    0x00000118   0x00000000   Code   RO          595    .ARM.Collect$$$$0000000F  mc_t.l(entry11a.o)
    0x00000118   0x00000004   Code   RO          585    .ARM.Collect$$$$00002712  mc_t.l(entry2.o)
    0x0000011c   0x00000008   Ven    RO          275    .emb_text           RTX_ARM_L.LIB(hal_arm.o)
    0x00000124   0x00000204   Code   RO          275    .emb_text           RTX_ARM_L.LIB(hal_arm.o)
    0x00000328   0x00000004   Ven    RO            1    .text               rtx_config.o
    0x0000032c   0x00000028   Code   RO            1    .text               rtx_config.o
    0x00000354   0x00000088   Code   RO            2    .text               rtx_config.o
    0x000003dc   0x0000062c   Code   RO           41    .text               mailbox_uart.o
    0x00000a08   0x00000008   Ven    RO          597    .text               mc_t.l(init.o)
    0x00000a10   0x00000020   Code   RO          597    .text               mc_t.l(init.o)
    0x00000a30   0x00000024   Code   RO          452    SWI_TABLE           RTX_ARM_L.LIB(swi_table.o)
    0x00000a54   0x00000008   Ven    RO          618    Veneer$$Code        anon$$obj.o
    0x00000a5c   0x00000008   Ven    RO          619    Veneer$$Code        anon$$obj.o
    0x00000a64   0x00000008   Ven    RO          620    Veneer$$Code        anon$$obj.o
    0x00000a6c   0x00000002   Code   RO          599    i.__ARM_common_call_via_r3  mc_t.l(init.o)
    0x00000a6e   0x00000002   PAD
    0x00000a70   0x00000034   Code   RO          276    i.__SWI_0           RTX_ARM_L.LIB(hal_arm.o)
    0x00000aa4   0x0000000e   Code   RO          245    i.__SWI_1           RTX_ARM_L.LIB(rt_membox.o)
    0x00000ab2   0x00000018   Code   RO          246    i.__SWI_2           RTX_ARM_L.LIB(rt_membox.o)
    0x00000aca   0x00000008   Code   RO          277    i.__SWI_3           RTX_ARM_L.LIB(hal_arm.o)
    0x00000ad2   0x00000008   Code   RO          278    i.__SWI_4           RTX_ARM_L.LIB(hal_arm.o)
    0x00000ada   0x00000002   Code   RO          279    i.__SWI_6           RTX_ARM_L.LIB(hal_arm.o)
    0x00000adc   0x00000002   Code   RO          280    i.__SWI_7           RTX_ARM_L.LIB(hal_arm.o)
    0x00000ade   0x00000002   PAD
    0x00000ae0   0x0000001c   Code   RO          603    i.__scatterload_copy  mc_t.l(handlers.o)
    0x00000afc   0x00000004   Code   RO          604    i.__scatterload_null  mc_t.l(handlers.o)
    0x00000b00   0x00000018   Code   RO          605    i.__scatterload_zeroinit  mc_t.l(handlers.o)
    0x00000b18   0x00000008   Ven    RO          248    i._init_box         RTX_ARM_L.LIB(rt_membox.o)
    0x00000b20   0x0000004a   Code   RO          248    i._init_box         RTX_ARM_L.LIB(rt_membox.o)
    0x00000b6a   0x00000002   PAD
    0x00000b6c   0x00000048   Code   RO           67    i.os_block          RTX_ARM_L.LIB(rt_task.o)
    0x00000bb4   0x0000007c   Code   RO          380    i.os_dec_dly        RTX_ARM_L.LIB(rt_list.o)
    0x00000c30   0x00000044   Code   RO           68    i.os_dispatch       RTX_ARM_L.LIB(rt_task.o)
    0x00000c74   0x00000008   Ven    RO          160    i.os_dly_wait       RTX_ARM_L.LIB(rt_time.o)
    0x00000c7c   0x00000018   Code   RO          160    i.os_dly_wait       RTX_ARM_L.LIB(rt_time.o)
    0x00000c94   0x00000050   Code   RO          458    i.os_evt_psh        RTX_ARM_L.LIB(rt_event.o)
    0x00000ce4   0x0000002a   Code   RO          381    i.os_get_first      RTX_ARM_L.LIB(rt_list.o)
    0x00000d0e   0x00000002   PAD
    0x00000d10   0x0000004c   Code   RO           69    i.os_init_context   RTX_ARM_L.LIB(rt_task.o)
    0x00000d5c   0x00000074   Code   RO          281    i.os_init_stack     RTX_ARM_L.LIB(hal_arm.o)
    0x00000dd0   0x00000008   Ven    RO          200    i.os_mbx_init       RTX_ARM_L.LIB(rt_mailbox.o)
    0x00000dd8   0x00000030   Code   RO          200    i.os_mbx_init       RTX_ARM_L.LIB(rt_mailbox.o)
    0x00000e08   0x00000090   Code   RO          201    i.os_mbx_psh        RTX_ARM_L.LIB(rt_mailbox.o)
    0x00000e98   0x00000008   Ven    RO          202    i.os_mbx_send       RTX_ARM_L.LIB(rt_mailbox.o)
    0x00000ea0   0x000000a4   Code   RO          202    i.os_mbx_send       RTX_ARM_L.LIB(rt_mailbox.o)
    0x00000f44   0x00000008   Ven    RO          203    i.os_mbx_wait       RTX_ARM_L.LIB(rt_mailbox.o)
    0x00000f4c   0x000000a0   Code   RO          203    i.os_mbx_wait       RTX_ARM_L.LIB(rt_mailbox.o)
    0x00000fec   0x00000050   Code   RO          384    i.os_put_dly        RTX_ARM_L.LIB(rt_list.o)
    0x0000103c   0x0000003e   Code   RO          385    i.os_put_prio       RTX_ARM_L.LIB(rt_list.o)
    0x0000107a   0x00000002   PAD
    0x0000107c   0x00000014   Code   RO          386    i.os_put_rdy_first  RTX_ARM_L.LIB(rt_list.o)
    0x00001090   0x0000002c   Code   RO          388    i.os_rmv_dly        RTX_ARM_L.LIB(rt_list.o)
    0x000010bc   0x00000038   Code   RO          499    i.os_sem_psh        RTX_ARM_L.LIB(rt_semaphore.o)
    0x000010f4   0x00000030   Code   RO          282    i.os_stk_check      RTX_ARM_L.LIB(hal_arm.o)
    0x00001124   0x000000e8   Code   RO           70    i.os_sys_init1      RTX_ARM_L.LIB(rt_task.o)
    0x0000120c   0x000000cc   Code   RO          338    i.os_sys_manager    RTX_ARM_L.LIB(rt_system.o)
    0x000012d8   0x00000044   Code   RO          535    i.os_tmr_tick       RTX_ARM_L.LIB(rt_timer.o)
    0x0000131c   0x00000008   Ven    RO           71    i.os_tsk_create0    RTX_ARM_L.LIB(rt_task.o)
    0x00001324   0x00000090   Code   RO           71    i.os_tsk_create0    RTX_ARM_L.LIB(rt_task.o)
    0x000013b4   0x00000020   Data   RO            4    .constdata          rtx_config.o
    0x000013d4   0x00000004   Data   RO          339    .constdata          RTX_ARM_L.LIB(rt_system.o)
    0x000013d8   0x00000020   Data   RO          601    Region$$Table       anon$$obj.o


    Execution Region RW_IRAM1 (Base: 0x40000000, Size: 0x00001600, Max: 0x00008000, ABSOLUTE)

    Base Addr    Size         Type   Attr      Idx    E Section Name        Object

    0x40000000   0x00000004   Data   RW            5    .data               rtx_config.o
    0x40000004   0x0000008c   Data   RW           43    .data               mailbox_uart.o
    0x40000090   0x00000004   Data   RW           78    .data               RTX_ARM_L.LIB(rt_task.o)
    0x40000094   0x00000004   Data   RW          164    .data               RTX_ARM_L.LIB(rt_time.o)
    0x40000098   0x00000004   Data   RW          283    .data               RTX_ARM_L.LIB(hal_arm.o)
    0x4000009c   0x00000001   Data   RW          284    .data               RTX_ARM_L.LIB(hal_arm.o)
    0x4000009d   0x00000003   PAD
    0x400000a0   0x00000008   Data   RW          340    .data               RTX_ARM_L.LIB(rt_system.o)
    0x400000a8   0x00000008   Data   RW          536    .data               RTX_ARM_L.LIB(rt_timer.o)
    0x400000b0   0x0000100c   Zero   RW            3    .bss                rtx_config.o
    0x400010bc   0x0000042c   Zero   RW           42    .bss                mailbox_uart.o
    0x400014e8   0x00000038   Zero   RW           77    .bss                RTX_ARM_L.LIB(rt_task.o)
    0x40001520   0x00000030   Zero   RW          390    .bss                RTX_ARM_L.LIB(rt_list.o)
    0x40001550   0x000000b0   Zero   RW           35    STACK               startup.o


==============================================================================

Image component sizes


      Code (inc. data)   RO Data    RW Data    ZI Data      Debug   Object Name

      1580         80          0        140       1068       8236   mailbox_uart.o
       176         30         32          4       4108      10307   rtx_config.o
       260         48          0          0        176        372   startup.o

    ----------------------------------------------------------------------
      2044        158         64        144       5352      18915   Object Totals
        28          0         32          0          0          0   (incl. Generated)
         0          0          0          0          0          0   (incl. Padding)

    ----------------------------------------------------------------------

      Code (inc. data)   RO Data    RW Data    ZI Data      Debug   Library Member Name

       760         80          0          5          0       4387   hal_arm.o
        80          6          0          0          0        633   rt_event.o
       372         18          0          0         48       3603   rt_list.o
       540         20          0          0          0       2991   rt_mailbox.o
       120          0          0          0          0       1784   rt_membox.o
        56          6          0          0          0        573   rt_semaphore.o
       204         20          4          8          0       1397   rt_system.o
       600        112          0          4         56       5754   rt_task.o
        32          0          0          4          0        648   rt_time.o
        68         10          0          8          0        695   rt_timer.o
        36         36          0          0          0        172   swi_table.o
         0          0          0          0          0          0   entry.o
         0          0          0          0          0          0   entry10a.o
         0          0          0          0          0          0   entry11a.o
         8          4          0          0          0          0   entry2.o
         4          0          0          0          0          0   entry5.o
         0          0          0          0          0          0   entry7b.o
         0          0          0          0          0          0   entry8b.o
        12          4          0          0          0          0   entry9a.o
        56          0          0          0          0          0   handlers.o
        42          8          0          0          0        136   init.o

    ----------------------------------------------------------------------
      3000        324          4         32        104      22773   Library Totals
        10          0          0          3          0          0   (incl. Padding)

    ----------------------------------------------------------------------

      Code (inc. data)   RO Data    RW Data    ZI Data      Debug   Library Name

      2868        308          4         29        104      22637   RTX_ARM_L.LIB
       122         16          0          0          0        136   mc_t.l

    ----------------------------------------------------------------------
      3000        324          4         32        104      22773   Library Totals

    ----------------------------------------------------------------------

==============================================================================


      Code (inc. data)   RO Data    RW Data    ZI Data      Debug   

      5044        482         68        176       5456      40556   Grand Totals
      5044        482         68        176       5456      40556   ELF Image Totals
      5044        482         68        176          0          0   ROM Totals

==============================================================================

    Total RO  Size (Code + RO Data)                 5112 (   4.99kB)
    Total RW  Size (RW Data + ZI Data)              5632 (   5.50kB)
    Total ROM Size (Code + RO Data + RW Data)       5288 (   5.16kB)

==============================================================================

