<html>
<body>
<pre>
<h1>µVision Build Log</h1>
<h2>Project:</h2>
C:\Users\LEGION\Desktop\Project Junks\RTOS\RTOS ASSIGN TEAM 12\Team_12_ARM\Assignment-3\SWI\swi_int.uvproj
Project File Date:  11/09/2022

<h2>Output:</h2>
Rebuild target 'Target 1'
compiling swi_prgm.c...
swi_prgm.c(115): warning:  #1-D: last line of file ends without a newline
  }
swi_prgm.c: 1 warning, 0 errors
compiling RTX_Config.c...
assembling Startup.s...
assembling SWI_Table.s...
linking...
Program Size: Code=3984 RO-data=68 RW-data=84 ZI-data=2212  
FromELF: creating hex file...
".\swi_int.axf" - 0 Error(s), 1 Warning(s).
</pre>
</body>
</html>
