Product: MDK-ARM Lite 5.10
Component: ARM Compiler 5.04 update 1 (build 49)
Tool: armlink [5040049]

==============================================================================

Section Cross References

    swi_prgm.o(.text) refers to rt_event.o(i.isr_evt_set) for isr_evt_set
    swi_prgm.o(.text) refers to rt_event.o(i.os_evt_wait) for os_evt_wait
    swi_prgm.o(.text) refers to rt_task.o(i.os_tsk_self) for os_tsk_self
    swi_prgm.o(.text) refers to rt_task.o(i.os_tsk_create0) for os_tsk_create0
    swi_prgm.o(.text) refers to rt_event.o(i.os_evt_set) for os_evt_set
    swi_prgm.o(.text) refers to hal_arm.o(.emb_text) for os_sys_init0
    swi_prgm.o(.text) refers to swi_prgm.o(.data) for tsk1
    rtx_config.o(.text) refers to rtx_config.o(.text) for os_def_interrupt
    rtx_config.o(.text) refers to hal_arm.o(.emb_text) for os_clock_interrupt
    startup.o(RESET) refers to hal_arm.o(.emb_text) for SWI_Handler
    startup.o(RESET) refers to startup.o(STACK) for Stack_Top
    startup.o(RESET) refers to entry.o(.ARM.Collect$$$$00000000) for __main
    swi_table.o(SWI_TABLE) refers to hal_arm.o(i.__SWI_0) for __SWI_0
    swi_table.o(SWI_TABLE) refers to rt_membox.o(i.__SWI_1) for __SWI_1
    swi_table.o(SWI_TABLE) refers to rt_membox.o(i.__SWI_2) for __SWI_2
    swi_table.o(SWI_TABLE) refers to hal_arm.o(i.__SWI_3) for __SWI_3
    swi_table.o(SWI_TABLE) refers to hal_arm.o(i.__SWI_4) for __SWI_4
    swi_table.o(SWI_TABLE) refers to rtx_config.o(.text) for __SWI_5
    swi_table.o(SWI_TABLE) refers to hal_arm.o(i.__SWI_6) for __SWI_6
    swi_table.o(SWI_TABLE) refers to hal_arm.o(i.__SWI_7) for __SWI_7
    swi_table.o(SWI_TABLE) refers to swi_prgm.o(.text) for __SWI_8
    rt_task.o(i.os_block) refers to rt_list.o(i.os_put_dly) for os_put_dly
    rt_task.o(i.os_block) refers to rt_list.o(i.os_get_first) for os_get_first
    rt_task.o(i.os_block) refers to rt_task.o(.data) for .data
    rt_task.o(i.os_block) refers to rt_list.o(.bss) for os_rdy
    rt_task.o(i.os_dispatch) refers to rt_list.o(i.os_put_rdy_first) for os_put_rdy_first
    rt_task.o(i.os_dispatch) refers to rt_list.o(i.os_get_first) for os_get_first
    rt_task.o(i.os_dispatch) refers to rt_list.o(i.os_put_prio) for os_put_prio
    rt_task.o(i.os_dispatch) refers to rt_task.o(.data) for .data
    rt_task.o(i.os_dispatch) refers to rt_list.o(.bss) for os_rdy
    rt_task.o(i.os_init_context) refers to hal_arm.o(i.os_init_stack) for os_init_stack
    rt_task.o(i.os_init_context) refers to rtx_config.o(.bss) for mp_stk
    rt_task.o(i.os_sys_init1) refers to rt_membox.o(i._init_box) for _init_box
    rt_task.o(i.os_sys_init1) refers to rt_task.o(i.os_init_context) for os_init_context
    rt_task.o(i.os_sys_init1) refers to hal_arm.o(.emb_text) for os_set_env
    rt_task.o(i.os_sys_init1) refers to rtx_config.o(.text) for os_tmr_init
    rt_task.o(i.os_sys_init1) refers to rt_robin.o(i.os_init_robin) for os_init_robin
    rt_task.o(i.os_sys_init1) refers to rtx_config.o(.text) for os_idle_demon
    rt_task.o(i.os_sys_init1) refers to rtx_config.o(.bss) for os_active_TCB
    rt_task.o(i.os_sys_init1) refers to rtx_config.o(.constdata) for os_maxtaskrun
    rt_task.o(i.os_sys_init1) refers to rtx_config.o(.data) for m_tmr
    rt_task.o(i.os_sys_init1) refers to rt_task.o(.bss) for .bss
    rt_task.o(i.os_sys_init1) refers to rt_list.o(.bss) for os_rdy
    rt_task.o(i.os_sys_init1) refers to rt_task.o(.data) for .data
    rt_task.o(i.os_sys_init1) refers to rt_task.o(i.os_tsk_create0) for os_tsk_create0
    rt_task.o(i.os_tsk_create0) refers to rt_task.o(i.os_init_context) for os_init_context
    rt_task.o(i.os_tsk_create0) refers to rtx_config.o(.text) for tsk_unlock
    rt_task.o(i.os_tsk_create0) refers to rt_task.o(i.os_dispatch) for os_dispatch
    rt_task.o(i.os_tsk_create0) refers to rtx_config.o(.bss) for mp_tcb
    rt_task.o(i.os_tsk_create0) refers to rtx_config.o(.constdata) for os_maxtaskrun
    rt_task.o(i.os_tsk_create_ex0) refers to rt_task.o(i.os_tsk_create0) for os_tsk_create0
    rt_task.o(i.os_tsk_delete) refers to hal_arm.o(i.os_stk_check) for os_stk_check
    rt_task.o(i.os_tsk_delete) refers to rt_list.o(i.os_get_first) for os_get_first
    rt_task.o(i.os_tsk_delete) refers to rt_list.o(i.os_rmv_dly) for os_rmv_dly
    rt_task.o(i.os_tsk_delete) refers to rt_list.o(i.os_put_prio) for os_put_prio
    rt_task.o(i.os_tsk_delete) refers to rt_list.o(i.os_rmv_list) for os_rmv_list
    rt_task.o(i.os_tsk_delete) refers to rtx_config.o(.text) for tsk_unlock
    rt_task.o(i.os_tsk_delete) refers to rt_task.o(i.os_dispatch) for os_dispatch
    rt_task.o(i.os_tsk_delete) refers to rtx_config.o(.bss) for os_active_TCB
    rt_task.o(i.os_tsk_delete) refers to rt_task.o(.data) for .data
    rt_task.o(i.os_tsk_delete) refers to rt_list.o(.bss) for os_rdy
    rt_task.o(i.os_tsk_delete) refers to rtx_config.o(.constdata) for os_maxtaskrun
    rt_task.o(i.os_tsk_pass) refers to rt_list.o(i.os_get_same_rdy_prio) for os_get_same_rdy_prio
    rt_task.o(i.os_tsk_pass) refers to rt_list.o(i.os_put_prio) for os_put_prio
    rt_task.o(i.os_tsk_pass) refers to rtx_config.o(.text) for tsk_unlock
    rt_task.o(i.os_tsk_pass) refers to rt_task.o(.data) for .data
    rt_task.o(i.os_tsk_pass) refers to rt_list.o(.bss) for os_rdy
    rt_task.o(i.os_tsk_prio) refers to rt_list.o(i.os_put_prio) for os_put_prio
    rt_task.o(i.os_tsk_prio) refers to rtx_config.o(.text) for tsk_unlock
    rt_task.o(i.os_tsk_prio) refers to rt_list.o(i.os_resort_prio) for os_resort_prio
    rt_task.o(i.os_tsk_prio) refers to rt_list.o(i.os_get_first) for os_get_first
    rt_task.o(i.os_tsk_prio) refers to rt_task.o(i.os_dispatch) for os_dispatch
    rt_task.o(i.os_tsk_prio) refers to rt_task.o(.data) for .data
    rt_task.o(i.os_tsk_prio) refers to rtx_config.o(.constdata) for os_maxtaskrun
    rt_task.o(i.os_tsk_prio) refers to rtx_config.o(.bss) for os_active_TCB
    rt_task.o(i.os_tsk_prio) refers to rt_list.o(.bss) for os_rdy
    rt_task.o(i.os_tsk_self) refers to rt_task.o(.data) for .data
    rt_event.o(i.isr_evt_set) refers to rt_list.o(i.os_psq_enq) for os_psq_enq
    rt_event.o(i.isr_evt_set) refers to rt_system.o(i.os_psh_req) for os_psh_req
    rt_event.o(i.isr_evt_set) refers to rtx_config.o(.bss) for os_active_TCB
    rt_event.o(i.os_evt_clr) refers to rtx_config.o(.text) for tsk_unlock
    rt_event.o(i.os_evt_clr) refers to rtx_config.o(.bss) for os_active_TCB
    rt_event.o(i.os_evt_get) refers to rt_task.o(.data) for os_runtask
    rt_event.o(i.os_evt_psh) refers to rt_list.o(i.os_rmv_dly) for os_rmv_dly
    rt_event.o(i.os_evt_psh) refers to rt_list.o(i.os_put_prio) for os_put_prio
    rt_event.o(i.os_evt_psh) refers to rt_list.o(.bss) for os_rdy
    rt_event.o(i.os_evt_set) refers to rt_list.o(i.os_rmv_dly) for os_rmv_dly
    rt_event.o(i.os_evt_set) refers to rt_task.o(i.os_dispatch) for os_dispatch
    rt_event.o(i.os_evt_set) refers to rtx_config.o(.text) for tsk_unlock
    rt_event.o(i.os_evt_set) refers to rtx_config.o(.bss) for os_active_TCB
    rt_event.o(i.os_evt_wait) refers to rt_task.o(i.os_block) for os_block
    rt_event.o(i.os_evt_wait) refers to rtx_config.o(.text) for tsk_unlock
    rt_event.o(i.os_evt_wait) refers to rt_task.o(.data) for os_runtask
    hal_arm.o(.emb_text) refers to hal_arm.o(.data) for sys_stktop
    hal_arm.o(.emb_text) refers to rt_task.o(i.os_sys_init1) for os_sys_init1
    hal_arm.o(.emb_text) refers to hal_arm.o(.data) for sys_mode
    hal_arm.o(.emb_text) refers to rtx_config.o(.text) for os_irq_ack_lock
    hal_arm.o(.emb_text) refers to rt_system.o(.data) for os_psh
    hal_arm.o(.emb_text) refers to rt_system.o(i.os_sys_manager) for os_sys_manager
    hal_arm.o(.emb_text) refers to swi_table.o(SWI_TABLE) for SWI_Table
    hal_arm.o(i.__SWI_0) refers to hal_arm.o(i.os_stk_check) for os_stk_check
    hal_arm.o(i.__SWI_0) refers to rtx_config.o(.text) for tsk_unlock
    hal_arm.o(i.__SWI_0) refers to hal_arm.o(.emb_text) for os_switch_tasks_ret
    hal_arm.o(i.__SWI_0) refers to rt_task.o(.data) for os_runtask
    hal_arm.o(i.os_init_stack) refers to rtx_config.o(.constdata) for os_stackinfo
    hal_arm.o(i.os_init_stack) refers to hal_arm.o(.data) for .data
    hal_arm.o(i.os_stk_check) refers to rtx_config.o(.text) for os_error
    hal_arm.o(i.os_stk_check) refers to rt_task.o(.data) for os_runtask
    rt_system.o(i.os_psh_req) refers to rtx_config.o(.text) for os_tmr_inspect_ovf
    rt_system.o(i.os_psh_req) refers to rt_system.o(.data) for .data
    rt_system.o(i.os_resume) refers to rt_list.o(i.os_put_rdy_first) for os_put_rdy_first
    rt_system.o(i.os_resume) refers to rt_list.o(i.os_dec_dly) for os_dec_dly
    rt_system.o(i.os_resume) refers to rt_timer.o(i.os_tmr_tick) for os_tmr_tick
    rt_system.o(i.os_resume) refers to rt_task.o(i.os_dispatch) for os_dispatch
    rt_system.o(i.os_resume) refers to rtx_config.o(.text) for tsk_unlock
    rt_system.o(i.os_resume) refers to rt_task.o(.data) for os_runtask
    rt_system.o(i.os_resume) refers to rt_robin.o(.data) for os_robin
    rt_system.o(i.os_resume) refers to rt_list.o(.bss) for os_dly
    rt_system.o(i.os_resume) refers to rt_time.o(.data) for os_time
    rt_system.o(i.os_resume) refers to rt_timer.o(.data) for os_tmr
    rt_system.o(i.os_suspend) refers to rt_list.o(.bss) for os_dly
    rt_system.o(i.os_suspend) refers to rt_timer.o(.data) for os_tmr
    rt_system.o(i.os_sys_manager) refers to rt_list.o(i.os_put_rdy_first) for os_put_rdy_first
    rt_system.o(i.os_sys_manager) refers to rtx_config.o(.text) for os_tmr_inspect_cnt
    rt_system.o(i.os_sys_manager) refers to rt_robin.o(i.os_chk_robin) for os_chk_robin
    rt_system.o(i.os_sys_manager) refers to rt_list.o(i.os_dec_dly) for os_dec_dly
    rt_system.o(i.os_sys_manager) refers to rt_semaphore.o(i.os_sem_psh) for os_sem_psh
    rt_system.o(i.os_sys_manager) refers to hal_arm.o(.emb_text) for _dec_qc
    rt_system.o(i.os_sys_manager) refers to rt_timer.o(i.os_tmr_tick) for os_tmr_tick
    rt_system.o(i.os_sys_manager) refers to hal_arm.o(i.os_stk_check) for os_stk_check
    rt_system.o(i.os_sys_manager) refers to rt_list.o(i.os_get_first) for os_get_first
    rt_system.o(i.os_sys_manager) refers to rt_event.o(i.os_evt_psh) for os_evt_psh
    rt_system.o(i.os_sys_manager) refers to rt_mailbox.o(i.os_mbx_psh) for os_mbx_psh
    rt_system.o(i.os_sys_manager) refers to rt_task.o(.data) for os_runtask
    rt_system.o(i.os_sys_manager) refers to rt_system.o(.data) for .data
    rt_system.o(i.os_sys_manager) refers to rt_time.o(.data) for os_time
    rt_system.o(i.os_sys_manager) refers to rtx_config.o(.bss) for os_fifo
    rt_system.o(i.os_sys_manager) refers to rt_list.o(.bss) for os_rdy
    rt_list.o(i.os_dec_dly) refers to rt_list.o(i.os_put_prio) for os_put_prio
    rt_list.o(i.os_dec_dly) refers to rt_list.o(.bss) for .bss
    rt_list.o(i.os_dec_dly) refers to rt_time.o(.data) for os_time
    rt_list.o(i.os_get_same_rdy_prio) refers to rt_list.o(.bss) for .bss
    rt_list.o(i.os_get_same_rdy_prio) refers to rt_task.o(.data) for os_runtask
    rt_list.o(i.os_psq_enq) refers to hal_arm.o(.emb_text) for _inc_qi
    rt_list.o(i.os_psq_enq) refers to rtx_config.o(.text) for os_error
    rt_list.o(i.os_psq_enq) refers to rtx_config.o(.bss) for os_fifo
    rt_list.o(i.os_put_dly) refers to rt_list.o(.bss) for .bss
    rt_list.o(i.os_put_rdy_first) refers to rt_list.o(.bss) for .bss
    rt_list.o(i.os_resort_prio) refers to rt_list.o(i.os_rmv_list) for os_rmv_list
    rt_list.o(i.os_resort_prio) refers to rt_list.o(i.os_put_prio) for os_put_prio
    rt_list.o(i.os_resort_prio) refers to rt_list.o(.bss) for .bss
    rt_list.o(i.os_rmv_list) refers to rt_list.o(.bss) for .bss
    rt_robin.o(i.os_chk_robin) refers to rt_list.o(i.os_get_first) for os_get_first
    rt_robin.o(i.os_chk_robin) refers to rt_list.o(i.os_put_prio) for os_put_prio
    rt_robin.o(i.os_chk_robin) refers to rt_robin.o(.data) for .data
    rt_robin.o(i.os_chk_robin) refers to rt_list.o(.bss) for os_rdy
    rt_robin.o(i.os_chk_robin) refers to rt_time.o(.data) for os_time
    rt_robin.o(i.os_init_robin) refers to rt_robin.o(.data) for .data
    rt_robin.o(i.os_init_robin) refers to rtx_config.o(.constdata) for os_rrobin
    rt_time.o(i.os_dly_wait) refers to rt_task.o(i.os_block) for os_block
    rt_time.o(i.os_dly_wait) refers to rtx_config.o(.text) for tsk_unlock
    rt_time.o(i.os_itv_set) refers to rt_task.o(.data) for os_runtask
    rt_time.o(i.os_itv_set) refers to rt_time.o(.data) for .data
    rt_time.o(i.os_itv_wait) refers to rt_task.o(i.os_block) for os_block
    rt_time.o(i.os_itv_wait) refers to rtx_config.o(.text) for tsk_unlock
    rt_time.o(i.os_itv_wait) refers to rt_task.o(.data) for os_runtask
    rt_time.o(i.os_itv_wait) refers to rt_time.o(.data) for .data
    rt_time.o(i.os_time_get) refers to rt_time.o(.data) for .data
    rt_mailbox.o(i.isr_mbx_receive) refers to rt_list.o(i.os_psq_enq) for os_psq_enq
    rt_mailbox.o(i.isr_mbx_receive) refers to rt_system.o(i.os_psh_req) for os_psh_req
    rt_mailbox.o(i.isr_mbx_send) refers to rt_list.o(i.os_psq_enq) for os_psq_enq
    rt_mailbox.o(i.isr_mbx_send) refers to rt_system.o(i.os_psh_req) for os_psh_req
    rt_mailbox.o(i.os_mbx_init) refers to rtx_config.o(.text) for tsk_unlock
    rt_mailbox.o(i.os_mbx_psh) refers to rt_list.o(i.os_get_first) for os_get_first
    rt_mailbox.o(i.os_mbx_psh) refers to rt_list.o(i.os_rmv_dly) for os_rmv_dly
    rt_mailbox.o(i.os_mbx_psh) refers to rt_list.o(i.os_put_prio) for os_put_prio
    rt_mailbox.o(i.os_mbx_psh) refers to rtx_config.o(.text) for os_error
    rt_mailbox.o(i.os_mbx_psh) refers to rt_list.o(.bss) for os_rdy
    rt_mailbox.o(i.os_mbx_send) refers to rt_list.o(i.os_put_prio) for os_put_prio
    rt_mailbox.o(i.os_mbx_send) refers to rt_list.o(i.os_get_first) for os_get_first
    rt_mailbox.o(i.os_mbx_send) refers to rt_list.o(i.os_rmv_dly) for os_rmv_dly
    rt_mailbox.o(i.os_mbx_send) refers to rt_task.o(i.os_dispatch) for os_dispatch
    rt_mailbox.o(i.os_mbx_send) refers to rt_task.o(i.os_block) for os_block
    rt_mailbox.o(i.os_mbx_send) refers to rtx_config.o(.text) for tsk_unlock
    rt_mailbox.o(i.os_mbx_send) refers to rt_task.o(.data) for os_runtask
    rt_mailbox.o(i.os_mbx_wait) refers to rt_list.o(i.os_get_first) for os_get_first
    rt_mailbox.o(i.os_mbx_wait) refers to rt_list.o(i.os_rmv_dly) for os_rmv_dly
    rt_mailbox.o(i.os_mbx_wait) refers to rt_task.o(i.os_dispatch) for os_dispatch
    rt_mailbox.o(i.os_mbx_wait) refers to rtx_config.o(.text) for tsk_unlock
    rt_mailbox.o(i.os_mbx_wait) refers to rt_list.o(i.os_put_prio) for os_put_prio
    rt_mailbox.o(i.os_mbx_wait) refers to rt_task.o(i.os_block) for os_block
    rt_mailbox.o(i.os_mbx_wait) refers to rt_task.o(.data) for os_runtask
    rt_semaphore.o(i.isr_sem_send) refers to rt_list.o(i.os_psq_enq) for os_psq_enq
    rt_semaphore.o(i.isr_sem_send) refers to rt_system.o(i.os_psh_req) for os_psh_req
    rt_semaphore.o(i.os_sem_init) refers to rtx_config.o(.text) for tsk_unlock
    rt_semaphore.o(i.os_sem_psh) refers to rt_list.o(i.os_get_first) for os_get_first
    rt_semaphore.o(i.os_sem_psh) refers to rt_list.o(i.os_rmv_dly) for os_rmv_dly
    rt_semaphore.o(i.os_sem_psh) refers to rt_list.o(i.os_put_prio) for os_put_prio
    rt_semaphore.o(i.os_sem_psh) refers to rt_list.o(.bss) for os_rdy
    rt_semaphore.o(i.os_sem_send) refers to rt_list.o(i.os_get_first) for os_get_first
    rt_semaphore.o(i.os_sem_send) refers to rt_list.o(i.os_rmv_dly) for os_rmv_dly
    rt_semaphore.o(i.os_sem_send) refers to rt_task.o(i.os_dispatch) for os_dispatch
    rt_semaphore.o(i.os_sem_send) refers to rtx_config.o(.text) for tsk_unlock
    rt_semaphore.o(i.os_sem_wait) refers to rtx_config.o(.text) for tsk_unlock
    rt_semaphore.o(i.os_sem_wait) refers to rt_list.o(i.os_put_prio) for os_put_prio
    rt_semaphore.o(i.os_sem_wait) refers to rt_task.o(i.os_block) for os_block
    rt_semaphore.o(i.os_sem_wait) refers to rt_task.o(.data) for os_runtask
    rt_timer.o(i.os_tmr_create) refers to rtx_config.o(.text) for tsk_unlock
    rt_timer.o(i.os_tmr_create) refers to rtx_config.o(.data) for m_tmr
    rt_timer.o(i.os_tmr_create) refers to rt_timer.o(.data) for .data
    rt_timer.o(i.os_tmr_kill) refers to rtx_config.o(.text) for tsk_unlock
    rt_timer.o(i.os_tmr_kill) refers to rt_timer.o(.data) for .data
    rt_timer.o(i.os_tmr_kill) refers to rtx_config.o(.data) for m_tmr
    rt_timer.o(i.os_tmr_tick) refers to rtx_config.o(.text) for os_tmr_call
    rt_timer.o(i.os_tmr_tick) refers to rt_timer.o(.data) for .data
    rt_timer.o(i.os_tmr_tick) refers to rtx_config.o(.data) for m_tmr
    entry.o(.ARM.Collect$$$$00000000) refers (Special) to entry10a.o(.ARM.Collect$$$$0000000D) for __rt_final_cpp
    entry.o(.ARM.Collect$$$$00000000) refers (Special) to entry11a.o(.ARM.Collect$$$$0000000F) for __rt_final_exit
    entry.o(.ARM.Collect$$$$00000000) refers (Special) to entry7b.o(.ARM.Collect$$$$00000008) for _main_clock
    entry.o(.ARM.Collect$$$$00000000) refers (Special) to entry8b.o(.ARM.Collect$$$$0000000A) for _main_cpp_init
    entry.o(.ARM.Collect$$$$00000000) refers (Special) to entry9a.o(.ARM.Collect$$$$0000000B) for _main_init
    entry.o(.ARM.Collect$$$$00000000) refers (Special) to entry5.o(.ARM.Collect$$$$00000004) for _main_scatterload
    entry.o(.ARM.Collect$$$$00000000) refers (Special) to entry2.o(.ARM.Collect$$$$00000001) for _main_stk
    entry2.o(.ARM.Collect$$$$00000001) refers to entry2.o(.ARM.Collect$$$$00002712) for __lit__00000000
    entry2.o(.ARM.Collect$$$$00002712) refers to startup.o(STACK) for __initial_sp
    entry5.o(.ARM.Collect$$$$00000004) refers to init.o(.text) for __scatterload
    entry9a.o(.ARM.Collect$$$$0000000B) refers to swi_prgm.o(.text) for main
    entry9b.o(.ARM.Collect$$$$0000000C) refers to swi_prgm.o(.text) for main
    init.o(.text) refers to init.o(i.__ARM_common_call_via_r3) for __ARM_common_call_via_r3
    init.o(.text) refers to entry5.o(.ARM.Collect$$$$00000004) for __main_after_scatterload


==============================================================================

Removing Unused input sections from the image.

    Removing startup.o(HEAP), (0 bytes).
    Removing rt_task.o(i.os_tsk_create_ex0), (12 bytes).
    Removing rt_task.o(i.os_tsk_delete), (336 bytes).
    Removing rt_task.o(i.os_tsk_pass), (52 bytes).
    Removing rt_task.o(i.os_tsk_prio), (144 bytes).
    Removing rt_event.o(i.os_evt_clr), (40 bytes).
    Removing rt_event.o(i.os_evt_get), (12 bytes).
    Removing rt_membox.o(i._calloc_box), (34 bytes).
    Removing rt_system.o(.emb_text), (0 bytes).
    Removing rt_system.o(i.os_resume), (168 bytes).
    Removing rt_system.o(i.os_suspend), (52 bytes).
    Removing rt_list.o(i.os_get_same_rdy_prio), (36 bytes).
    Removing rt_list.o(i.os_resort_prio), (52 bytes).
    Removing rt_list.o(i.os_rmv_list), (52 bytes).
    Removing rt_time.o(i.os_dly_wait), (24 bytes).
    Removing rt_time.o(i.os_itv_set), (24 bytes).
    Removing rt_time.o(i.os_itv_wait), (56 bytes).
    Removing rt_time.o(i.os_time_get), (12 bytes).
    Removing rt_mailbox.o(i.isr_mbx_receive), (76 bytes).
    Removing rt_mailbox.o(i.isr_mbx_send), (16 bytes).
    Removing rt_mailbox.o(i.os_mbx_check), (8 bytes).
    Removing rt_mailbox.o(i.os_mbx_init), (48 bytes).
    Removing rt_mailbox.o(i.os_mbx_send), (164 bytes).
    Removing rt_mailbox.o(i.os_mbx_wait), (160 bytes).
    Removing rt_semaphore.o(i.isr_sem_send), (18 bytes).
    Removing rt_semaphore.o(i.os_sem_init), (28 bytes).
    Removing rt_semaphore.o(i.os_sem_send), (58 bytes).
    Removing rt_semaphore.o(i.os_sem_wait), (96 bytes).
    Removing rt_timer.o(i.os_tmr_create), (92 bytes).
    Removing rt_timer.o(i.os_tmr_kill), (72 bytes).

30 unused section(s) (total 1942 bytes) removed from the image.

==============================================================================

Adding Veneers to the image

    Adding AT veneer (8 bytes, Inline) for call to 'os_sys_init0' from swi_prgm.o(.text).
    Adding TA veneer (4 bytes, Inline) for call to 'os_idle_demon' from rt_task.o(i.os_sys_init1).
    Adding AT veneer (8 bytes, Inline) for call to '__scatterload' from entry5.o(.ARM.Collect$$$$00000004).
    Adding TA veneer (8 bytes, Short) for call to '__main_after_scatterload' from init.o(.text).
    Adding TA veneer (8 bytes, Short) for call to 'os_error' from rt_mailbox.o(i.os_mbx_psh).
    Adding TA veneer (8 bytes, Short) for call to 'os_tmr_call' from rt_timer.o(i.os_tmr_tick).
    Adding AT veneer (8 bytes, Inline) for call to 'isr_evt_set' from swi_prgm.o(.text).
    Adding AT veneer (8 bytes, Inline) for call to 'os_evt_set' from swi_prgm.o(.text).
    Adding AT veneer (8 bytes, Inline) for call to 'os_evt_wait' from swi_prgm.o(.text).
    Adding AT veneer (8 bytes, Inline) for call to 'os_tsk_create0' from swi_prgm.o(.text).
    Adding AT veneer (8 bytes, Inline) for call to 'os_tsk_self' from swi_prgm.o(.text).

11 Veneer(s) (total 84 bytes) added to the image.

==============================================================================

Image Symbol Table

    Local Symbols

    Symbol Name                              Value     Ov Type        Size  Object(Section)

    RESET                                    0x00000000   Section      260  startup.o(RESET)
    ../clib/microlib/init/entry.s            0x00000000   Number         0  entry.o ABSOLUTE
    ../clib/microlib/init/entry.s            0x00000000   Number         0  entry7a.o ABSOLUTE
    ../clib/microlib/init/entry.s            0x00000000   Number         0  entry7b.o ABSOLUTE
    ../clib/microlib/init/entry.s            0x00000000   Number         0  entry11b.o ABSOLUTE
    ../clib/microlib/init/entry.s            0x00000000   Number         0  entry8a.o ABSOLUTE
    ../clib/microlib/init/entry.s            0x00000000   Number         0  entry8b.o ABSOLUTE
    ../clib/microlib/init/entry.s            0x00000000   Number         0  entry9a.o ABSOLUTE
    ../clib/microlib/init/entry.s            0x00000000   Number         0  entry11a.o ABSOLUTE
    ../clib/microlib/init/entry.s            0x00000000   Number         0  entry9b.o ABSOLUTE
    ../clib/microlib/init/entry.s            0x00000000   Number         0  entry10a.o ABSOLUTE
    ../clib/microlib/init/entry.s            0x00000000   Number         0  entry10b.o ABSOLUTE
    ../clib/microlib/init/entry.s            0x00000000   Number         0  entry5.o ABSOLUTE
    ../clib/microlib/init/entry.s            0x00000000   Number         0  entry2.o ABSOLUTE
    RTX_Config.c                             0x00000000   Number         0  rtx_config.o ABSOLUTE
    SRC\ARM\HAL_ARM.c                        0x00000000   Number         0  hal_arm.o ABSOLUTE
    SRC\ARM\rt_Event.c                       0x00000000   Number         0  rt_event.o ABSOLUTE
    SRC\ARM\rt_List.c                        0x00000000   Number         0  rt_list.o ABSOLUTE
    SRC\ARM\rt_Mailbox.c                     0x00000000   Number         0  rt_mailbox.o ABSOLUTE
    SRC\ARM\rt_MemBox.c                      0x00000000   Number         0  rt_membox.o ABSOLUTE
    SRC\ARM\rt_Robin.c                       0x00000000   Number         0  rt_robin.o ABSOLUTE
    SRC\ARM\rt_Semaphore.c                   0x00000000   Number         0  rt_semaphore.o ABSOLUTE
    SRC\ARM\rt_System.c                      0x00000000   Number         0  rt_system.o ABSOLUTE
    SRC\ARM\rt_Task.c                        0x00000000   Number         0  rt_task.o ABSOLUTE
    SRC\ARM\rt_Time.c                        0x00000000   Number         0  rt_time.o ABSOLUTE
    SRC\ARM\rt_Timer.c                       0x00000000   Number         0  rt_timer.o ABSOLUTE
    SRC\\ARM\\HAL_ARM.c                      0x00000000   Number         0  hal_arm.o ABSOLUTE
    SRC\\ARM\\rt_System.c                    0x00000000   Number         0  rt_system.o ABSOLUTE
    SWI_Table.s                              0x00000000   Number         0  swi_table.o ABSOLUTE
    Startup.s                                0x00000000   Number         0  startup.o ABSOLUTE
    dc.s                                     0x00000000   Number         0  dc.o ABSOLUTE
    handlers.s                               0x00000000   Number         0  handlers.o ABSOLUTE
    init.s                                   0x00000000   Number         0  init.o ABSOLUTE
    swi_prgm.c                               0x00000000   Number         0  swi_prgm.o ABSOLUTE
    Undef_Handler                            0x00000040   ARM Code       4  startup.o(RESET)
    PAbt_Handler                             0x00000044   ARM Code       4  startup.o(RESET)
    DAbt_Handler                             0x00000048   ARM Code       4  startup.o(RESET)
    IRQ_Handler                              0x0000004c   ARM Code       4  startup.o(RESET)
    FIQ_Handler                              0x00000050   ARM Code       4  startup.o(RESET)
    .ARM.Collect$$$$00000000                 0x00000104   Section        0  entry.o(.ARM.Collect$$$$00000000)
    .ARM.Collect$$$$00000001                 0x00000104   Section        4  entry2.o(.ARM.Collect$$$$00000001)
    .ARM.Collect$$$$00000004                 0x00000108   Section        4  entry5.o(.ARM.Collect$$$$00000004)
    .ARM.Collect$$$$00000008                 0x0000010c   Section        0  entry7b.o(.ARM.Collect$$$$00000008)
    .ARM.Collect$$$$0000000A                 0x0000010c   Section        0  entry8b.o(.ARM.Collect$$$$0000000A)
    .ARM.Collect$$$$0000000B                 0x0000010c   Section       12  entry9a.o(.ARM.Collect$$$$0000000B)
    .ARM.Collect$$$$0000000D                 0x00000118   Section        0  entry10a.o(.ARM.Collect$$$$0000000D)
    .ARM.Collect$$$$0000000F                 0x00000118   Section        0  entry11a.o(.ARM.Collect$$$$0000000F)
    .ARM.Collect$$$$00002712                 0x00000118   Section        4  entry2.o(.ARM.Collect$$$$00002712)
    __lit__00000000                          0x00000118   Data           4  entry2.o(.ARM.Collect$$$$00002712)
    .emb_text                                0x00000124   Section      516  hal_arm.o(.emb_text)
    Switch_task                              0x000002a0   ARM Code       0  hal_arm.o(.emb_text)
    .text                                    0x00000328   Section        0  swi_prgm.o(.text)
    .text                                    0x00000504   Section        0  rtx_config.o(.text)
    os_def_interrupt                         0x00000518   ARM Code      20  rtx_config.o(.text)
    .text                                    0x0000052c   Section        0  rtx_config.o(.text)
    .text                                    0x000005b4   Section       32  init.o(.text)
    SWI_TABLE                                0x000005d4   Section       44  swi_table.o(SWI_TABLE)
    i.__ARM_common_call_via_r3               0x00000618   Section        2  init.o(i.__ARM_common_call_via_r3)
    i.__SWI_0                                0x0000061c   Section        0  hal_arm.o(i.__SWI_0)
    i.__SWI_1                                0x00000650   Section        0  rt_membox.o(i.__SWI_1)
    i.__SWI_2                                0x0000065e   Section        0  rt_membox.o(i.__SWI_2)
    i.__SWI_3                                0x00000676   Section        0  hal_arm.o(i.__SWI_3)
    i.__SWI_4                                0x0000067e   Section        0  hal_arm.o(i.__SWI_4)
    i.__SWI_6                                0x00000686   Section        0  hal_arm.o(i.__SWI_6)
    i.__SWI_7                                0x00000688   Section        0  hal_arm.o(i.__SWI_7)
    i.__scatterload_copy                     0x0000068c   Section       28  handlers.o(i.__scatterload_copy)
    i.__scatterload_null                     0x000006a8   Section        4  handlers.o(i.__scatterload_null)
    i.__scatterload_zeroinit                 0x000006ac   Section       24  handlers.o(i.__scatterload_zeroinit)
    i._init_box                              0x000006c4   Section        0  rt_membox.o(i._init_box)
    i.isr_evt_set                            0x00000718   Section        0  rt_event.o(i.isr_evt_set)
    i.os_block                               0x00000740   Section        0  rt_task.o(i.os_block)
    i.os_chk_robin                           0x00000788   Section        0  rt_robin.o(i.os_chk_robin)
    i.os_dec_dly                             0x000007d0   Section        0  rt_list.o(i.os_dec_dly)
    i.os_dispatch                            0x0000084c   Section        0  rt_task.o(i.os_dispatch)
    i.os_evt_psh                             0x00000890   Section        0  rt_event.o(i.os_evt_psh)
    i.os_evt_set                             0x000008e8   Section        0  rt_event.o(i.os_evt_set)
    i.os_evt_wait                            0x00000954   Section        0  rt_event.o(i.os_evt_wait)
    i.os_get_first                           0x000009b4   Section        0  rt_list.o(i.os_get_first)
    i.os_init_context                        0x000009e0   Section        0  rt_task.o(i.os_init_context)
    os_init_context                          0x000009e1   Thumb Code    70  rt_task.o(i.os_init_context)
    i.os_init_robin                          0x00000a2c   Section        0  rt_robin.o(i.os_init_robin)
    i.os_init_stack                          0x00000a44   Section        0  hal_arm.o(i.os_init_stack)
    i.os_mbx_psh                             0x00000ab8   Section        0  rt_mailbox.o(i.os_mbx_psh)
    i.os_psh_req                             0x00000b48   Section        0  rt_system.o(i.os_psh_req)
    i.os_psq_enq                             0x00000b7c   Section        0  rt_list.o(i.os_psq_enq)
    i.os_put_dly                             0x00000bb0   Section        0  rt_list.o(i.os_put_dly)
    i.os_put_prio                            0x00000c00   Section        0  rt_list.o(i.os_put_prio)
    i.os_put_rdy_first                       0x00000c40   Section        0  rt_list.o(i.os_put_rdy_first)
    i.os_rmv_dly                             0x00000c54   Section        0  rt_list.o(i.os_rmv_dly)
    i.os_sem_psh                             0x00000c80   Section        0  rt_semaphore.o(i.os_sem_psh)
    i.os_stk_check                           0x00000cb8   Section        0  hal_arm.o(i.os_stk_check)
    i.os_sys_init1                           0x00000ce8   Section        0  rt_task.o(i.os_sys_init1)
    i.os_sys_manager                         0x00000dd0   Section        0  rt_system.o(i.os_sys_manager)
    i.os_tmr_tick                            0x00000e9c   Section        0  rt_timer.o(i.os_tmr_tick)
    i.os_tsk_create0                         0x00000ee8   Section        0  rt_task.o(i.os_tsk_create0)
    i.os_tsk_self                            0x00000f80   Section        0  rt_task.o(i.os_tsk_self)
    .constdata                               0x00000f90   Section       32  rtx_config.o(.constdata)
    __tagsym$$used                           0x00000f9c   Number         0  rtx_config.o(.constdata)
    __tagsym$$used                           0x00000fa0   Number         0  rtx_config.o(.constdata)
    .constdata                               0x00000fb0   Section        4  rt_system.o(.constdata)
    __tagsym$$used                           0x00000fb0   Number         0  rt_system.o(.constdata)
    .data                                    0x40000000   Section       40  swi_prgm.o(.data)
    .data                                    0x40000028   Section        4  rtx_config.o(.data)
    .data                                    0x4000002c   Section        4  rt_task.o(.data)
    .data                                    0x40000030   Section        4  hal_arm.o(.data)
    .data                                    0x40000034   Section        1  hal_arm.o(.data)
    .data                                    0x40000038   Section        8  rt_system.o(.data)
    .data                                    0x40000040   Section        8  rt_robin.o(.data)
    .data                                    0x40000048   Section        4  rt_time.o(.data)
    .data                                    0x4000004c   Section        8  rt_timer.o(.data)
    .bss                                     0x40000058   Section     1924  rtx_config.o(.bss)
    .bss                                     0x400007dc   Section       56  rt_task.o(.bss)
    .bss                                     0x40000814   Section       48  rt_list.o(.bss)
    STACK                                    0x40000848   Section      176  startup.o(STACK)
    Stack_Top                                0x400008f8   Data           0  startup.o(STACK)

    Global Symbols

    Symbol Name                              Value     Ov Type        Size  Object(Section)

    BuildAttributes$$THM_ISAv1$ARM_ISAv4$S$PE$A:L22$X:L11$S22$IEEE1$IW$USESV6$~STKCKD$USESV7$~SHL$OSPACE$EBA8$MICROLIB$REQ8$EABIv2 0x00000000   Number         0  anon$$obj.o ABSOLUTE
    __ARM_use_no_argv                        0x00000000   Number         0  swi_prgm.o ABSOLUTE
    __cpp_initialize__aeabi_                  - Undefined Weak Reference
    __cxa_finalize                            - Undefined Weak Reference
    __decompress                              - Undefined Weak Reference
    _clock_init                               - Undefined Weak Reference
    _microlib_exit                            - Undefined Weak Reference
    os_tmr_reload                             - Undefined Weak Reference
    rt_init                                   - Undefined Weak Reference
    rt_notify                                 - Undefined Weak Reference
    rt_post_taskswitch                        - Undefined Weak Reference
    Reset_Handler                            0x00000054   ARM Code       0  startup.o(RESET)
    __main                                   0x00000104   ARM Code       0  entry.o(.ARM.Collect$$$$00000000)
    _main_stk                                0x00000104   ARM Code       0  entry2.o(.ARM.Collect$$$$00000001)
    _main_scatterload                        0x00000108   ARM Code       0  entry5.o(.ARM.Collect$$$$00000004)
    __main_after_scatterload                 0x0000010c   ARM Code       0  entry5.o(.ARM.Collect$$$$00000004)
    _main_clock                              0x0000010c   ARM Code       0  entry7b.o(.ARM.Collect$$$$00000008)
    _main_cpp_init                           0x0000010c   ARM Code       0  entry8b.o(.ARM.Collect$$$$0000000A)
    _main_init                               0x0000010c   ARM Code       0  entry9a.o(.ARM.Collect$$$$0000000B)
    __rt_final_cpp                           0x00000118   ARM Code       0  entry10a.o(.ARM.Collect$$$$0000000D)
    __rt_final_exit                          0x00000118   ARM Code       0  entry11a.o(.ARM.Collect$$$$0000000F)
    Inline ARM to Thumb Veneer to os_sys_init0 0x0000011c   ARM Code       8  hal_arm.o(.emb_text)
    _inc_qi                                  0x00000125   Thumb Code    60  hal_arm.o(.emb_text)
    _dec_qc                                  0x00000161   Thumb Code    32  hal_arm.o(.emb_text)
    os_set_env                               0x00000181   Thumb Code     8  hal_arm.o(.emb_text)
    os_sys_init0                             0x00000189   Thumb Code    32  hal_arm.o(.emb_text)
    os_sys_run                               0x000001b5   Thumb Code    16  hal_arm.o(.emb_text)
    os_clock_interrupt                       0x000001c8   ARM Code     128  hal_arm.o(.emb_text)
    os_sys_manager_ret                       0x00000235   Thumb Code     0  hal_arm.o(.emb_text)
    SWI_Handler                              0x0000025c   ARM Code     196  hal_arm.o(.emb_text)
    os_switch_tasks_ret                      0x00000299   Thumb Code     0  hal_arm.o(.emb_text)
    delay                                    0x00000328   ARM Code      24  swi_prgm.o(.text)
    serial                                   0x00000340   ARM Code      52  swi_prgm.o(.text)
    ext0_int                                 0x00000374   ARM Code      48  swi_prgm.o(.text)
    job2                                     0x000003a4   ARM Code      56  swi_prgm.o(.text)
    job1                                     0x000003dc   ARM Code     108  swi_prgm.o(.text)
    __SWI_8                                  0x00000448   ARM Code       8  swi_prgm.o(.text)
    __SWI_9                                  0x00000450   ARM Code      64  swi_prgm.o(.text)
    __RL_RTX_VER                             0x00000474   Number         0  rt_system.o ABSOLUTE
    main                                     0x00000490   ARM Code      80  swi_prgm.o(.text)
    Inline Thumb to ARM Veneer to os_idle_demon 0x00000501   Thumb Code     4  rtx_config.o(.text)
    os_idle_demon                            0x00000504   ARM Code       8  rtx_config.o(.text)
    os_tmr_call                              0x0000050c   ARM Code       4  rtx_config.o(.text)
    os_error                                 0x00000510   ARM Code       8  rtx_config.o(.text)
    os_tmr_init                              0x0000052d   Thumb Code    34  rtx_config.o(.text)
    os_tmr_force_irq                         0x00000551   Thumb Code     8  rtx_config.o(.text)
    os_tmr_inspect_cnt                       0x00000559   Thumb Code     6  rtx_config.o(.text)
    os_tmr_inspect_ovf                       0x00000561   Thumb Code    10  rtx_config.o(.text)
    os_irq_ack_lock                          0x0000056d   Thumb Code    20  rtx_config.o(.text)
    __SWI_5                                  0x00000581   Thumb Code     8  rtx_config.o(.text)
    tsk_unlock                               0x00000589   Thumb Code     8  rtx_config.o(.text)
    Inline ARM to Thumb Veneer to __scatterload 0x000005ac   ARM Code       8  init.o(.text)
    __scatterload                            0x000005b5   Thumb Code    24  init.o(.text)
    __scatterload_rt2                        0x000005b5   Thumb Code     0  init.o(.text)
    SWI_Count                                0x000005d4   Data           4  swi_table.o(SWI_TABLE)
    SWI_Table                                0x000005d8   Data           0  swi_table.o(SWI_TABLE)
    Short Thumb to ARM Veneer to __main_after_scatterload 0x00000601   Thumb Code     8  anon$$obj.o(Veneer$$Code)
    Short Thumb to ARM Veneer to os_error    0x00000609   Thumb Code     8  anon$$obj.o(Veneer$$Code)
    Short Thumb to ARM Veneer to os_tmr_call 0x00000611   Thumb Code     8  anon$$obj.o(Veneer$$Code)
    __ARM_common_call_via_r3                 0x00000619   Thumb Code     2  init.o(i.__ARM_common_call_via_r3)
    __SWI_0                                  0x0000061d   Thumb Code    46  hal_arm.o(i.__SWI_0)
    __SWI_1                                  0x00000651   Thumb Code    14  rt_membox.o(i.__SWI_1)
    __SWI_2                                  0x0000065f   Thumb Code    24  rt_membox.o(i.__SWI_2)
    __SWI_3                                  0x00000677   Thumb Code     8  hal_arm.o(i.__SWI_3)
    __SWI_4                                  0x0000067f   Thumb Code     8  hal_arm.o(i.__SWI_4)
    __SWI_6                                  0x00000687   Thumb Code     2  hal_arm.o(i.__SWI_6)
    __SWI_7                                  0x00000689   Thumb Code     2  hal_arm.o(i.__SWI_7)
    __scatterload_copy                       0x0000068c   ARM Code      28  handlers.o(i.__scatterload_copy)
    __scatterload_null                       0x000006a8   ARM Code       4  handlers.o(i.__scatterload_null)
    __scatterload_zeroinit                   0x000006ac   ARM Code      24  handlers.o(i.__scatterload_zeroinit)
    _init_box                                0x000006c5   Thumb Code    74  rt_membox.o(i._init_box)
    Inline ARM to Thumb Veneer to isr_evt_set 0x00000710   ARM Code       8  rt_event.o(i.isr_evt_set)
    isr_evt_set                              0x00000719   Thumb Code    34  rt_event.o(i.isr_evt_set)
    os_block                                 0x00000741   Thumb Code    58  rt_task.o(i.os_block)
    os_chk_robin                             0x00000789   Thumb Code    60  rt_robin.o(i.os_chk_robin)
    os_dec_dly                               0x000007d1   Thumb Code   116  rt_list.o(i.os_dec_dly)
    os_dispatch                              0x0000084d   Thumb Code    60  rt_task.o(i.os_dispatch)
    os_evt_psh                               0x00000891   Thumb Code    74  rt_event.o(i.os_evt_psh)
    Inline ARM to Thumb Veneer to os_evt_set 0x000008e0   ARM Code       8  rt_event.o(i.os_evt_set)
    os_evt_set                               0x000008e9   Thumb Code    94  rt_event.o(i.os_evt_set)
    Inline ARM to Thumb Veneer to os_evt_wait 0x0000094c   ARM Code       8  rt_event.o(i.os_evt_wait)
    os_evt_wait                              0x00000955   Thumb Code    90  rt_event.o(i.os_evt_wait)
    os_get_first                             0x000009b5   Thumb Code    42  rt_list.o(i.os_get_first)
    os_init_robin                            0x00000a2d   Thumb Code    16  rt_robin.o(i.os_init_robin)
    os_init_stack                            0x00000a45   Thumb Code   100  hal_arm.o(i.os_init_stack)
    os_mbx_psh                               0x00000ab9   Thumb Code   140  rt_mailbox.o(i.os_mbx_psh)
    os_psh_req                               0x00000b49   Thumb Code    46  rt_system.o(i.os_psh_req)
    os_psq_enq                               0x00000b7d   Thumb Code    46  rt_list.o(i.os_psq_enq)
    os_put_dly                               0x00000bb1   Thumb Code    76  rt_list.o(i.os_put_dly)
    os_put_prio                              0x00000c01   Thumb Code    62  rt_list.o(i.os_put_prio)
    os_put_rdy_first                         0x00000c41   Thumb Code    14  rt_list.o(i.os_put_rdy_first)
    os_rmv_dly                               0x00000c55   Thumb Code    44  rt_list.o(i.os_rmv_dly)
    os_sem_psh                               0x00000c81   Thumb Code    50  rt_semaphore.o(i.os_sem_psh)
    os_stk_check                             0x00000cb9   Thumb Code    38  hal_arm.o(i.os_stk_check)
    os_sys_init1                             0x00000ce9   Thumb Code   162  rt_task.o(i.os_sys_init1)
    os_sys_manager                           0x00000dd1   Thumb Code   184  rt_system.o(i.os_sys_manager)
    os_tmr_tick                              0x00000e9d   Thumb Code    58  rt_timer.o(i.os_tmr_tick)
    Inline ARM to Thumb Veneer to os_tsk_create0 0x00000ee0   ARM Code       8  rt_task.o(i.os_tsk_create0)
    os_tsk_create0                           0x00000ee9   Thumb Code   130  rt_task.o(i.os_tsk_create0)
    Inline ARM to Thumb Veneer to os_tsk_self 0x00000f78   ARM Code       8  rt_task.o(i.os_tsk_self)
    os_tsk_self                              0x00000f81   Thumb Code    12  rt_task.o(i.os_tsk_self)
    os_maxtaskrun                            0x00000f90   Data           2  rtx_config.o(.constdata)
    os_stackinfo                             0x00000f94   Data           4  rtx_config.o(.constdata)
    os_rrobin                                0x00000f98   Data           4  rtx_config.o(.constdata)
    os_clockrate                             0x00000f9c   Data           4  rtx_config.o(.constdata)
    os_timernum                              0x00000fa0   Data           4  rtx_config.o(.constdata)
    mp_tcb_size                              0x00000fa4   Data           2  rtx_config.o(.constdata)
    mp_stk_size                              0x00000fa8   Data           4  rtx_config.o(.constdata)
    os_fifo_size                             0x00000fac   Data           1  rtx_config.o(.constdata)
    mp_tmr_size                              0x00000fae   Data           2  rtx_config.o(.constdata)
    RL_RTX_Version                           0x00000fb0   Data           4  rt_system.o(.constdata)
    Region$$Table$$Base                      0x00000fb4   Number         0  anon$$obj.o(Region$$Table)
    Region$$Table$$Limit                     0x00000fd4   Number         0  anon$$obj.o(Region$$Table)
    tsk1                                     0x40000000   Data           4  swi_prgm.o(.data)
    tsk2                                     0x40000004   Data           4  swi_prgm.o(.data)
    RE1                                      0x40000008   Data           4  swi_prgm.o(.data)
    RE2                                      0x4000000c   Data           4  swi_prgm.o(.data)
    num_ints                                 0x40000010   Data           4  swi_prgm.o(.data)
    mg                                       0x40000014   Data          20  swi_prgm.o(.data)
    m_tmr                                    0x40000028   Data           4  rtx_config.o(.data)
    os_runtask                               0x4000002c   Data           4  rt_task.o(.data)
    sys_stktop                               0x40000030   Data           4  hal_arm.o(.data)
    sys_mode                                 0x40000034   Data           1  hal_arm.o(.data)
    os_psh                                   0x40000038   Data           8  rt_system.o(.data)
    os_robin                                 0x40000040   Data           8  rt_robin.o(.data)
    os_time                                  0x40000048   Data           4  rt_time.o(.data)
    os_tmr                                   0x4000004c   Data           8  rt_timer.o(.data)
    mp_tcb                                   0x40000058   Data         348  rtx_config.o(.bss)
    mp_stk                                   0x400001b8   Data        1416  rtx_config.o(.bss)
    os_fifo                                  0x40000740   Data         132  rtx_config.o(.bss)
    os_active_TCB                            0x400007c4   Data          24  rtx_config.o(.bss)
    os_idle_TCB                              0x400007dc   Data          56  rt_task.o(.bss)
    os_rdy                                   0x40000814   Data          24  rt_list.o(.bss)
    os_dly                                   0x4000082c   Data          24  rt_list.o(.bss)
    __initial_sp                             0x40000898   Data          96  startup.o(STACK)



==============================================================================

Memory Map of the image

  Image Entry point : 0x00000104

  Load Region LR_IROM1 (Base: 0x00000000, Size: 0x00001028, Max: 0x00080000, ABSOLUTE)

    Execution Region ER_IROM1 (Base: 0x00000000, Size: 0x00000fd4, Max: 0x00080000, ABSOLUTE)

    Base Addr    Size         Type   Attr      Idx    E Section Name        Object

    0x00000000   0x00000104   Code   RO           62    RESET               startup.o
    0x00000104   0x00000000   Code   RO          580  * .ARM.Collect$$$$00000000  mc_t.l(entry.o)
    0x00000104   0x00000004   Code   RO          583    .ARM.Collect$$$$00000001  mc_t.l(entry2.o)
    0x00000108   0x00000004   Code   RO          585    .ARM.Collect$$$$00000004  mc_t.l(entry5.o)
    0x0000010c   0x00000000   Code   RO          587    .ARM.Collect$$$$00000008  mc_t.l(entry7b.o)
    0x0000010c   0x00000000   Code   RO          589    .ARM.Collect$$$$0000000A  mc_t.l(entry8b.o)
    0x0000010c   0x0000000c   Code   RO          590    .ARM.Collect$$$$0000000B  mc_t.l(entry9a.o)
    0x00000118   0x00000000   Code   RO          592    .ARM.Collect$$$$0000000D  mc_t.l(entry10a.o)
    0x00000118   0x00000000   Code   RO          594    .ARM.Collect$$$$0000000F  mc_t.l(entry11a.o)
    0x00000118   0x00000004   Code   RO          584    .ARM.Collect$$$$00002712  mc_t.l(entry2.o)
    0x0000011c   0x00000008   Ven    RO          238    .emb_text           RTX_ARM_L.LIB(hal_arm.o)
    0x00000124   0x00000204   Code   RO          238    .emb_text           RTX_ARM_L.LIB(hal_arm.o)
    0x00000328   0x000001d8   Code   RO            1    .text               swi_prgm.o
    0x00000500   0x00000004   Ven    RO           28    .text               rtx_config.o
    0x00000504   0x00000028   Code   RO           28    .text               rtx_config.o
    0x0000052c   0x00000080   Code   RO           29    .text               rtx_config.o
    0x000005ac   0x00000008   Ven    RO          596    .text               mc_t.l(init.o)
    0x000005b4   0x00000020   Code   RO          596    .text               mc_t.l(init.o)
    0x000005d4   0x0000002c   Code   RO           66    SWI_TABLE           swi_table.o
    0x00000600   0x00000008   Ven    RO          616    Veneer$$Code        anon$$obj.o
    0x00000608   0x00000008   Ven    RO          617    Veneer$$Code        anon$$obj.o
    0x00000610   0x00000008   Ven    RO          618    Veneer$$Code        anon$$obj.o
    0x00000618   0x00000002   Code   RO          598    i.__ARM_common_call_via_r3  mc_t.l(init.o)
    0x0000061a   0x00000002   PAD
    0x0000061c   0x00000034   Code   RO          239    i.__SWI_0           RTX_ARM_L.LIB(hal_arm.o)
    0x00000650   0x0000000e   Code   RO          208    i.__SWI_1           RTX_ARM_L.LIB(rt_membox.o)
    0x0000065e   0x00000018   Code   RO          209    i.__SWI_2           RTX_ARM_L.LIB(rt_membox.o)
    0x00000676   0x00000008   Code   RO          240    i.__SWI_3           RTX_ARM_L.LIB(hal_arm.o)
    0x0000067e   0x00000008   Code   RO          241    i.__SWI_4           RTX_ARM_L.LIB(hal_arm.o)
    0x00000686   0x00000002   Code   RO          242    i.__SWI_6           RTX_ARM_L.LIB(hal_arm.o)
    0x00000688   0x00000002   Code   RO          243    i.__SWI_7           RTX_ARM_L.LIB(hal_arm.o)
    0x0000068a   0x00000002   PAD
    0x0000068c   0x0000001c   Code   RO          602    i.__scatterload_copy  mc_t.l(handlers.o)
    0x000006a8   0x00000004   Code   RO          603    i.__scatterload_null  mc_t.l(handlers.o)
    0x000006ac   0x00000018   Code   RO          604    i.__scatterload_zeroinit  mc_t.l(handlers.o)
    0x000006c4   0x0000004a   Code   RO          211    i._init_box         RTX_ARM_L.LIB(rt_membox.o)
    0x0000070e   0x00000002   PAD
    0x00000710   0x00000008   Ven    RO          162    i.isr_evt_set       RTX_ARM_L.LIB(rt_event.o)
    0x00000718   0x00000028   Code   RO          162    i.isr_evt_set       RTX_ARM_L.LIB(rt_event.o)
    0x00000740   0x00000048   Code   RO           69    i.os_block          RTX_ARM_L.LIB(rt_task.o)
    0x00000788   0x00000048   Code   RO          415    i.os_chk_robin      RTX_ARM_L.LIB(rt_robin.o)
    0x000007d0   0x0000007c   Code   RO          343    i.os_dec_dly        RTX_ARM_L.LIB(rt_list.o)
    0x0000084c   0x00000044   Code   RO           70    i.os_dispatch       RTX_ARM_L.LIB(rt_task.o)
    0x00000890   0x00000050   Code   RO          165    i.os_evt_psh        RTX_ARM_L.LIB(rt_event.o)
    0x000008e0   0x00000008   Ven    RO          166    i.os_evt_set        RTX_ARM_L.LIB(rt_event.o)
    0x000008e8   0x00000064   Code   RO          166    i.os_evt_set        RTX_ARM_L.LIB(rt_event.o)
    0x0000094c   0x00000008   Ven    RO          167    i.os_evt_wait       RTX_ARM_L.LIB(rt_event.o)
    0x00000954   0x00000060   Code   RO          167    i.os_evt_wait       RTX_ARM_L.LIB(rt_event.o)
    0x000009b4   0x0000002a   Code   RO          344    i.os_get_first      RTX_ARM_L.LIB(rt_list.o)
    0x000009de   0x00000002   PAD
    0x000009e0   0x0000004c   Code   RO           71    i.os_init_context   RTX_ARM_L.LIB(rt_task.o)
    0x00000a2c   0x00000018   Code   RO          416    i.os_init_robin     RTX_ARM_L.LIB(rt_robin.o)
    0x00000a44   0x00000074   Code   RO          244    i.os_init_stack     RTX_ARM_L.LIB(hal_arm.o)
    0x00000ab8   0x00000090   Code   RO          473    i.os_mbx_psh        RTX_ARM_L.LIB(rt_mailbox.o)
    0x00000b48   0x00000034   Code   RO          298    i.os_psh_req        RTX_ARM_L.LIB(rt_system.o)
    0x00000b7c   0x00000034   Code   RO          346    i.os_psq_enq        RTX_ARM_L.LIB(rt_list.o)
    0x00000bb0   0x00000050   Code   RO          347    i.os_put_dly        RTX_ARM_L.LIB(rt_list.o)
    0x00000c00   0x0000003e   Code   RO          348    i.os_put_prio       RTX_ARM_L.LIB(rt_list.o)
    0x00000c3e   0x00000002   PAD
    0x00000c40   0x00000014   Code   RO          349    i.os_put_rdy_first  RTX_ARM_L.LIB(rt_list.o)
    0x00000c54   0x0000002c   Code   RO          351    i.os_rmv_dly        RTX_ARM_L.LIB(rt_list.o)
    0x00000c80   0x00000038   Code   RO          519    i.os_sem_psh        RTX_ARM_L.LIB(rt_semaphore.o)
    0x00000cb8   0x00000030   Code   RO          245    i.os_stk_check      RTX_ARM_L.LIB(hal_arm.o)
    0x00000ce8   0x000000e8   Code   RO           72    i.os_sys_init1      RTX_ARM_L.LIB(rt_task.o)
    0x00000dd0   0x000000cc   Code   RO          301    i.os_sys_manager    RTX_ARM_L.LIB(rt_system.o)
    0x00000e9c   0x00000044   Code   RO          555    i.os_tmr_tick       RTX_ARM_L.LIB(rt_timer.o)
    0x00000ee0   0x00000008   Ven    RO           73    i.os_tsk_create0    RTX_ARM_L.LIB(rt_task.o)
    0x00000ee8   0x00000090   Code   RO           73    i.os_tsk_create0    RTX_ARM_L.LIB(rt_task.o)
    0x00000f78   0x00000008   Ven    RO           78    i.os_tsk_self       RTX_ARM_L.LIB(rt_task.o)
    0x00000f80   0x00000010   Code   RO           78    i.os_tsk_self       RTX_ARM_L.LIB(rt_task.o)
    0x00000f90   0x00000020   Data   RO           31    .constdata          rtx_config.o
    0x00000fb0   0x00000004   Data   RO          302    .constdata          RTX_ARM_L.LIB(rt_system.o)
    0x00000fb4   0x00000020   Data   RO          600    Region$$Table       anon$$obj.o


    Execution Region RW_IRAM1 (Base: 0x40000000, Size: 0x000008f8, Max: 0x00008000, ABSOLUTE)

    Base Addr    Size         Type   Attr      Idx    E Section Name        Object

    0x40000000   0x00000028   Data   RW            2    .data               swi_prgm.o
    0x40000028   0x00000004   Data   RW           32    .data               rtx_config.o
    0x4000002c   0x00000004   Data   RW           80    .data               RTX_ARM_L.LIB(rt_task.o)
    0x40000030   0x00000004   Data   RW          246    .data               RTX_ARM_L.LIB(hal_arm.o)
    0x40000034   0x00000001   Data   RW          247    .data               RTX_ARM_L.LIB(hal_arm.o)
    0x40000035   0x00000003   PAD
    0x40000038   0x00000008   Data   RW          303    .data               RTX_ARM_L.LIB(rt_system.o)
    0x40000040   0x00000008   Data   RW          417    .data               RTX_ARM_L.LIB(rt_robin.o)
    0x40000048   0x00000004   Data   RW          440    .data               RTX_ARM_L.LIB(rt_time.o)
    0x4000004c   0x00000008   Data   RW          556    .data               RTX_ARM_L.LIB(rt_timer.o)
    0x40000054   0x00000004   PAD
    0x40000058   0x00000784   Zero   RW           30    .bss                rtx_config.o
    0x400007dc   0x00000038   Zero   RW           79    .bss                RTX_ARM_L.LIB(rt_task.o)
    0x40000814   0x00000030   Zero   RW          353    .bss                RTX_ARM_L.LIB(rt_list.o)
    0x40000844   0x00000004   PAD
    0x40000848   0x000000b0   Zero   RW           60    STACK               startup.o


==============================================================================

Image component sizes


      Code (inc. data)   RO Data    RW Data    ZI Data      Debug   Object Name

       168         28         32          4       1924       8620   rtx_config.o
       260         48          0          0        176        368   startup.o
       472         32          0         40          0       9035   swi_prgm.o
        44         44          0          0          0        236   swi_table.o

    ----------------------------------------------------------------------
       972        152         64         44       2100      18259   Object Totals
        28          0         32          0          0          0   (incl. Generated)
         0          0          0          0          0          0   (incl. Padding)

    ----------------------------------------------------------------------

      Code (inc. data)   RO Data    RW Data    ZI Data      Debug   Library Member Name

       760         80          0          5          0       4387   hal_arm.o
       340         24          0          0          0       2518   rt_event.o
       424         24          0          0         48       4184   rt_list.o
       144          4          0          0          0        737   rt_mailbox.o
       112          0          0          0          0       1784   rt_membox.o
        96         20          0          8          0       1070   rt_robin.o
        56          6          0          0          0        573   rt_semaphore.o
       256         26          4          8          0       1854   rt_system.o
       624        116          0          4         56       6148   rt_task.o
         0          0          0          4          0        178   rt_time.o
        68         10          0          8          0        695   rt_timer.o
         0          0          0          0          0          0   entry.o
         0          0          0          0          0          0   entry10a.o
         0          0          0          0          0          0   entry11a.o
         8          4          0          0          0          0   entry2.o
         4          0          0          0          0          0   entry5.o
         0          0          0          0          0          0   entry7b.o
         0          0          0          0          0          0   entry8b.o
        12          4          0          0          0          0   entry9a.o
        56          0          0          0          0          0   handlers.o
        42          8          0          0          0        136   init.o

    ----------------------------------------------------------------------
      3012        326          4         40        112      24264   Library Totals
        10          0          0          3          8          0   (incl. Padding)

    ----------------------------------------------------------------------

      Code (inc. data)   RO Data    RW Data    ZI Data      Debug   Library Name

      2880        310          4         37        104      24128   RTX_ARM_L.LIB
       122         16          0          0          0        136   mc_t.l

    ----------------------------------------------------------------------
      3012        326          4         40        112      24264   Library Totals

    ----------------------------------------------------------------------

==============================================================================


      Code (inc. data)   RO Data    RW Data    ZI Data      Debug   

      3984        478         68         84       2212      41163   Grand Totals
      3984        478         68         84       2212      41163   ELF Image Totals
      3984        478         68         84          0          0   ROM Totals

==============================================================================

    Total RO  Size (Code + RO Data)                 4052 (   3.96kB)
    Total RW  Size (RW Data + ZI Data)              2296 (   2.24kB)
    Total ROM Size (Code + RO Data + RW Data)       4136 (   4.04kB)

==============================================================================

