<html>
<body>
<pre>
<h1>µVision Build Log</h1>
<h2>Project:</h2>
C:\Users\LEGION\Desktop\Project Junks\RTOS\RTOS ASSIGN TEAM 12\Team_12_ARM\Assignment-4\semaphore_Assignment\sema.uvproj
Project File Date:  11/24/2022

<h2>Output:</h2>
Rebuild target 'Target 1'
compiling RTX_Config.c...
assembling Startup.s...
compiling sema.c...
sema.c(12): warning:  #1295-D: Deprecated declaration delay - give arg types
  void delay();
sema.c(30): warning:  #177-D: variable "ret" was declared but never referenced
      OS_RESULT ret;
sema.c: 2 warnings, 0 errors
linking...
Program Size: Code=3984 RO-data=68 RW-data=96 ZI-data=4392  
FromELF: creating hex file...
".\sema.axf" - 0 Error(s), 2 Warning(s).
</pre>
</body>
</html>
