Product: MDK-ARM Lite 5.10
Component: ARM Compiler 5.04 update 1 (build 49)
Tool: armlink [5040049]

==============================================================================

Section Cross References

    pgm 2.o(.text) refers to rt_task.o(i.os_tsk_self) for os_tsk_self
    pgm 2.o(.text) refers to rt_event.o(i.os_evt_wait) for os_evt_wait
    pgm 2.o(.text) refers to rt_event.o(i.os_evt_set) for os_evt_set
    pgm 2.o(.text) refers to rt_task.o(i.os_tsk_prio) for os_tsk_prio
    pgm 2.o(.text) refers to rt_task.o(i.os_tsk_create0) for os_tsk_create0
    pgm 2.o(.text) refers to hal_arm.o(.emb_text) for os_sys_init0
    pgm 2.o(.text) refers to pgm 2.o(.data) for tsk3
    pgm 2.o(.text) refers to pgm 2.o(.bss) for mg
    rtx_config.o(.text) refers to rt_task.o(i.os_tsk_self) for os_tsk_self
    rtx_config.o(.text) refers to rt_mutex.o(i.os_mut_init) for os_mut_init
    rtx_config.o(.text) refers to rt_mutex.o(i.os_mut_wait) for os_mut_wait
    rtx_config.o(.text) refers to rt_mutex.o(i.os_mut_release) for os_mut_release
    rtx_config.o(.text) refers to rtx_config.o(.text) for os_def_interrupt
    rtx_config.o(.text) refers to hal_arm.o(.emb_text) for os_clock_interrupt
    rtx_config.o(.text) refers to rtx_config.o(.bss) for .bss
    rtx_config.o(.text) refers to libspace.o(.bss) for __libspace_start
    rtx_config.o(.text) refers to rtx_config.o(.data) for .data
    startup.o(STACK) refers (Special) to heapauxi.o(.text) for __use_two_region_memory
    startup.o(HEAP) refers (Special) to heapauxi.o(.text) for __use_two_region_memory
    startup.o(RESET) refers (Special) to heapauxi.o(.text) for __use_two_region_memory
    startup.o(RESET) refers to hal_arm.o(.emb_text) for SWI_Handler
    startup.o(RESET) refers to startup.o(STACK) for Stack_Top
    startup.o(RESET) refers to __main.o(!!!main) for __main
    startup.o(.text) refers (Special) to heapauxi.o(.text) for __use_two_region_memory
    startup.o(.text) refers to startup.o(HEAP) for Heap_Mem
    startup.o(.text) refers to startup.o(STACK) for Stack_Mem
    rt_task.o(i.os_block) refers to rt_list.o(i.os_put_dly) for os_put_dly
    rt_task.o(i.os_block) refers to rt_list.o(i.os_get_first) for os_get_first
    rt_task.o(i.os_block) refers to rt_task.o(.data) for .data
    rt_task.o(i.os_block) refers to rt_list.o(.bss) for os_rdy
    rt_task.o(i.os_dispatch) refers to rt_list.o(i.os_put_rdy_first) for os_put_rdy_first
    rt_task.o(i.os_dispatch) refers to rt_list.o(i.os_get_first) for os_get_first
    rt_task.o(i.os_dispatch) refers to rt_list.o(i.os_put_prio) for os_put_prio
    rt_task.o(i.os_dispatch) refers to rt_task.o(.data) for .data
    rt_task.o(i.os_dispatch) refers to rt_list.o(.bss) for os_rdy
    rt_task.o(i.os_init_context) refers to hal_arm.o(i.os_init_stack) for os_init_stack
    rt_task.o(i.os_init_context) refers to rtx_config.o(.bss) for mp_stk
    rt_task.o(i.os_sys_init1) refers to rt_membox.o(i._init_box) for _init_box
    rt_task.o(i.os_sys_init1) refers to rt_task.o(i.os_init_context) for os_init_context
    rt_task.o(i.os_sys_init1) refers to hal_arm.o(.emb_text) for os_set_env
    rt_task.o(i.os_sys_init1) refers to rtx_config.o(.text) for os_tmr_init
    rt_task.o(i.os_sys_init1) refers to rtx_config.o(.text) for os_idle_demon
    rt_task.o(i.os_sys_init1) refers to rtx_config.o(.bss) for os_active_TCB
    rt_task.o(i.os_sys_init1) refers to rtx_config.o(.constdata) for os_maxtaskrun
    rt_task.o(i.os_sys_init1) refers to rtx_config.o(.data) for m_tmr
    rt_task.o(i.os_sys_init1) refers to rt_task.o(.bss) for .bss
    rt_task.o(i.os_sys_init1) refers to rt_list.o(.bss) for os_rdy
    rt_task.o(i.os_sys_init1) refers to rt_task.o(.data) for .data
    rt_task.o(i.os_sys_init1) refers to rt_task.o(i.os_tsk_create0) for os_tsk_create0
    rt_task.o(i.os_tsk_create0) refers to rt_task.o(i.os_init_context) for os_init_context
    rt_task.o(i.os_tsk_create0) refers to rtx_config.o(.text) for tsk_unlock
    rt_task.o(i.os_tsk_create0) refers to rt_task.o(i.os_dispatch) for os_dispatch
    rt_task.o(i.os_tsk_create0) refers to rtx_config.o(.bss) for mp_tcb
    rt_task.o(i.os_tsk_create0) refers to rtx_config.o(.constdata) for os_maxtaskrun
    rt_task.o(i.os_tsk_create_ex0) refers to rt_task.o(i.os_tsk_create0) for os_tsk_create0
    rt_task.o(i.os_tsk_delete) refers to hal_arm.o(i.os_stk_check) for os_stk_check
    rt_task.o(i.os_tsk_delete) refers to rt_list.o(i.os_get_first) for os_get_first
    rt_task.o(i.os_tsk_delete) refers to rt_list.o(i.os_rmv_dly) for os_rmv_dly
    rt_task.o(i.os_tsk_delete) refers to rt_list.o(i.os_put_prio) for os_put_prio
    rt_task.o(i.os_tsk_delete) refers to rt_list.o(i.os_rmv_list) for os_rmv_list
    rt_task.o(i.os_tsk_delete) refers to rtx_config.o(.text) for tsk_unlock
    rt_task.o(i.os_tsk_delete) refers to rt_task.o(i.os_dispatch) for os_dispatch
    rt_task.o(i.os_tsk_delete) refers to rtx_config.o(.bss) for os_active_TCB
    rt_task.o(i.os_tsk_delete) refers to rt_task.o(.data) for .data
    rt_task.o(i.os_tsk_delete) refers to rt_list.o(.bss) for os_rdy
    rt_task.o(i.os_tsk_delete) refers to rtx_config.o(.constdata) for os_maxtaskrun
    rt_task.o(i.os_tsk_pass) refers to rt_list.o(i.os_get_same_rdy_prio) for os_get_same_rdy_prio
    rt_task.o(i.os_tsk_pass) refers to rt_list.o(i.os_put_prio) for os_put_prio
    rt_task.o(i.os_tsk_pass) refers to rtx_config.o(.text) for tsk_unlock
    rt_task.o(i.os_tsk_pass) refers to rt_task.o(.data) for .data
    rt_task.o(i.os_tsk_pass) refers to rt_list.o(.bss) for os_rdy
    rt_task.o(i.os_tsk_prio) refers to rt_list.o(i.os_put_prio) for os_put_prio
    rt_task.o(i.os_tsk_prio) refers to rtx_config.o(.text) for tsk_unlock
    rt_task.o(i.os_tsk_prio) refers to rt_list.o(i.os_resort_prio) for os_resort_prio
    rt_task.o(i.os_tsk_prio) refers to rt_list.o(i.os_get_first) for os_get_first
    rt_task.o(i.os_tsk_prio) refers to rt_task.o(i.os_dispatch) for os_dispatch
    rt_task.o(i.os_tsk_prio) refers to rt_task.o(.data) for .data
    rt_task.o(i.os_tsk_prio) refers to rtx_config.o(.constdata) for os_maxtaskrun
    rt_task.o(i.os_tsk_prio) refers to rtx_config.o(.bss) for os_active_TCB
    rt_task.o(i.os_tsk_prio) refers to rt_list.o(.bss) for os_rdy
    rt_task.o(i.os_tsk_self) refers to rt_task.o(.data) for .data
    rt_event.o(i.isr_evt_set) refers to rt_list.o(i.os_psq_enq) for os_psq_enq
    rt_event.o(i.isr_evt_set) refers to rt_system.o(i.os_psh_req) for os_psh_req
    rt_event.o(i.isr_evt_set) refers to rtx_config.o(.bss) for os_active_TCB
    rt_event.o(i.os_evt_clr) refers to rtx_config.o(.text) for tsk_unlock
    rt_event.o(i.os_evt_clr) refers to rtx_config.o(.bss) for os_active_TCB
    rt_event.o(i.os_evt_get) refers to rt_task.o(.data) for os_runtask
    rt_event.o(i.os_evt_psh) refers to rt_list.o(i.os_rmv_dly) for os_rmv_dly
    rt_event.o(i.os_evt_psh) refers to rt_list.o(i.os_put_prio) for os_put_prio
    rt_event.o(i.os_evt_psh) refers to rt_list.o(.bss) for os_rdy
    rt_event.o(i.os_evt_set) refers to rt_list.o(i.os_rmv_dly) for os_rmv_dly
    rt_event.o(i.os_evt_set) refers to rt_task.o(i.os_dispatch) for os_dispatch
    rt_event.o(i.os_evt_set) refers to rtx_config.o(.text) for tsk_unlock
    rt_event.o(i.os_evt_set) refers to rtx_config.o(.bss) for os_active_TCB
    rt_event.o(i.os_evt_wait) refers to rt_task.o(i.os_block) for os_block
    rt_event.o(i.os_evt_wait) refers to rtx_config.o(.text) for tsk_unlock
    rt_event.o(i.os_evt_wait) refers to rt_task.o(.data) for os_runtask
    rt_mutex.o(i.os_mut_init) refers to rtx_config.o(.text) for tsk_unlock
    rt_mutex.o(i.os_mut_init) refers to rt_task.o(.data) for os_runtask
    rt_mutex.o(i.os_mut_release) refers to rtx_config.o(.text) for tsk_unlock
    rt_mutex.o(i.os_mut_release) refers to rt_list.o(i.os_get_first) for os_get_first
    rt_mutex.o(i.os_mut_release) refers to rt_list.o(i.os_rmv_dly) for os_rmv_dly
    rt_mutex.o(i.os_mut_release) refers to rt_list.o(i.os_put_prio) for os_put_prio
    rt_mutex.o(i.os_mut_release) refers to rt_task.o(i.os_dispatch) for os_dispatch
    rt_mutex.o(i.os_mut_release) refers to rt_task.o(.data) for os_runtask
    rt_mutex.o(i.os_mut_release) refers to rt_list.o(.bss) for os_rdy
    rt_mutex.o(i.os_mut_wait) refers to rtx_config.o(.text) for tsk_unlock
    rt_mutex.o(i.os_mut_wait) refers to rt_list.o(i.os_resort_prio) for os_resort_prio
    rt_mutex.o(i.os_mut_wait) refers to rt_list.o(i.os_put_prio) for os_put_prio
    rt_mutex.o(i.os_mut_wait) refers to rt_task.o(i.os_block) for os_block
    rt_mutex.o(i.os_mut_wait) refers to rt_task.o(.data) for os_runtask
    hal_arm.o(.emb_text) refers to hal_arm.o(.data) for sys_stktop
    hal_arm.o(.emb_text) refers to rt_task.o(i.os_sys_init1) for os_sys_init1
    hal_arm.o(.emb_text) refers to hal_arm.o(.data) for sys_mode
    hal_arm.o(.emb_text) refers to rtx_config.o(.text) for os_irq_ack_lock
    hal_arm.o(.emb_text) refers to rt_system.o(.data) for os_psh
    hal_arm.o(.emb_text) refers to rt_system.o(i.os_sys_manager) for os_sys_manager
    hal_arm.o(.emb_text) refers to swi_table.o(SWI_TABLE) for SWI_Table
    hal_arm.o(i.__SWI_0) refers to hal_arm.o(i.os_stk_check) for os_stk_check
    hal_arm.o(i.__SWI_0) refers to rtx_config.o(.text) for tsk_unlock
    hal_arm.o(i.__SWI_0) refers to hal_arm.o(.emb_text) for os_switch_tasks_ret
    hal_arm.o(i.__SWI_0) refers to rt_task.o(.data) for os_runtask
    hal_arm.o(i.os_init_stack) refers to rtx_config.o(.constdata) for os_stackinfo
    hal_arm.o(i.os_init_stack) refers to hal_arm.o(.data) for .data
    hal_arm.o(i.os_stk_check) refers to rtx_config.o(.text) for os_error
    hal_arm.o(i.os_stk_check) refers to rt_task.o(.data) for os_runtask
    rt_system.o(i.os_psh_req) refers to rtx_config.o(.text) for os_tmr_inspect_ovf
    rt_system.o(i.os_psh_req) refers to rt_system.o(.data) for .data
    rt_system.o(i.os_resume) refers to rt_list.o(i.os_put_rdy_first) for os_put_rdy_first
    rt_system.o(i.os_resume) refers to rt_list.o(i.os_dec_dly) for os_dec_dly
    rt_system.o(i.os_resume) refers to rt_timer.o(i.os_tmr_tick) for os_tmr_tick
    rt_system.o(i.os_resume) refers to rt_task.o(i.os_dispatch) for os_dispatch
    rt_system.o(i.os_resume) refers to rtx_config.o(.text) for tsk_unlock
    rt_system.o(i.os_resume) refers to rt_task.o(.data) for os_runtask
    rt_system.o(i.os_resume) refers to rt_robin.o(.data) for os_robin
    rt_system.o(i.os_resume) refers to rt_list.o(.bss) for os_dly
    rt_system.o(i.os_resume) refers to rt_time.o(.data) for os_time
    rt_system.o(i.os_resume) refers to rt_timer.o(.data) for os_tmr
    rt_system.o(i.os_suspend) refers to rt_list.o(.bss) for os_dly
    rt_system.o(i.os_suspend) refers to rt_timer.o(.data) for os_tmr
    rt_system.o(i.os_sys_manager) refers to rt_list.o(i.os_put_rdy_first) for os_put_rdy_first
    rt_system.o(i.os_sys_manager) refers to rtx_config.o(.text) for os_tmr_inspect_cnt
    rt_system.o(i.os_sys_manager) refers to rt_list.o(i.os_dec_dly) for os_dec_dly
    rt_system.o(i.os_sys_manager) refers to rt_semaphore.o(i.os_sem_psh) for os_sem_psh
    rt_system.o(i.os_sys_manager) refers to hal_arm.o(.emb_text) for _dec_qc
    rt_system.o(i.os_sys_manager) refers to rt_timer.o(i.os_tmr_tick) for os_tmr_tick
    rt_system.o(i.os_sys_manager) refers to hal_arm.o(i.os_stk_check) for os_stk_check
    rt_system.o(i.os_sys_manager) refers to rt_list.o(i.os_get_first) for os_get_first
    rt_system.o(i.os_sys_manager) refers to rt_event.o(i.os_evt_psh) for os_evt_psh
    rt_system.o(i.os_sys_manager) refers to rt_mailbox.o(i.os_mbx_psh) for os_mbx_psh
    rt_system.o(i.os_sys_manager) refers to rt_task.o(.data) for os_runtask
    rt_system.o(i.os_sys_manager) refers to rt_system.o(.data) for .data
    rt_system.o(i.os_sys_manager) refers to rt_time.o(.data) for os_time
    rt_system.o(i.os_sys_manager) refers to rtx_config.o(.bss) for os_fifo
    rt_system.o(i.os_sys_manager) refers to rt_list.o(.bss) for os_rdy
    rt_list.o(i.os_dec_dly) refers to rt_list.o(i.os_put_prio) for os_put_prio
    rt_list.o(i.os_dec_dly) refers to rt_list.o(.bss) for .bss
    rt_list.o(i.os_dec_dly) refers to rt_time.o(.data) for os_time
    rt_list.o(i.os_get_same_rdy_prio) refers to rt_list.o(.bss) for .bss
    rt_list.o(i.os_get_same_rdy_prio) refers to rt_task.o(.data) for os_runtask
    rt_list.o(i.os_psq_enq) refers to hal_arm.o(.emb_text) for _inc_qi
    rt_list.o(i.os_psq_enq) refers to rtx_config.o(.text) for os_error
    rt_list.o(i.os_psq_enq) refers to rtx_config.o(.bss) for os_fifo
    rt_list.o(i.os_put_dly) refers to rt_list.o(.bss) for .bss
    rt_list.o(i.os_put_rdy_first) refers to rt_list.o(.bss) for .bss
    rt_list.o(i.os_resort_prio) refers to rt_list.o(i.os_rmv_list) for os_rmv_list
    rt_list.o(i.os_resort_prio) refers to rt_list.o(i.os_put_prio) for os_put_prio
    rt_list.o(i.os_resort_prio) refers to rt_list.o(.bss) for .bss
    rt_list.o(i.os_rmv_list) refers to rt_list.o(.bss) for .bss
    swi_table.o(SWI_TABLE) refers to hal_arm.o(i.__SWI_0) for __SWI_0
    swi_table.o(SWI_TABLE) refers to rt_membox.o(i.__SWI_1) for __SWI_1
    swi_table.o(SWI_TABLE) refers to rt_membox.o(i.__SWI_2) for __SWI_2
    swi_table.o(SWI_TABLE) refers to hal_arm.o(i.__SWI_3) for __SWI_3
    swi_table.o(SWI_TABLE) refers to hal_arm.o(i.__SWI_4) for __SWI_4
    swi_table.o(SWI_TABLE) refers to rtx_config.o(.text) for __SWI_5
    swi_table.o(SWI_TABLE) refers to hal_arm.o(i.__SWI_6) for __SWI_6
    swi_table.o(SWI_TABLE) refers to hal_arm.o(i.__SWI_7) for __SWI_7
    rt_time.o(i.os_dly_wait) refers to rt_task.o(i.os_block) for os_block
    rt_time.o(i.os_dly_wait) refers to rtx_config.o(.text) for tsk_unlock
    rt_time.o(i.os_itv_set) refers to rt_task.o(.data) for os_runtask
    rt_time.o(i.os_itv_set) refers to rt_time.o(.data) for .data
    rt_time.o(i.os_itv_wait) refers to rt_task.o(i.os_block) for os_block
    rt_time.o(i.os_itv_wait) refers to rtx_config.o(.text) for tsk_unlock
    rt_time.o(i.os_itv_wait) refers to rt_task.o(.data) for os_runtask
    rt_time.o(i.os_itv_wait) refers to rt_time.o(.data) for .data
    rt_time.o(i.os_time_get) refers to rt_time.o(.data) for .data
    rt_mailbox.o(i.isr_mbx_receive) refers to rt_list.o(i.os_psq_enq) for os_psq_enq
    rt_mailbox.o(i.isr_mbx_receive) refers to rt_system.o(i.os_psh_req) for os_psh_req
    rt_mailbox.o(i.isr_mbx_send) refers to rt_list.o(i.os_psq_enq) for os_psq_enq
    rt_mailbox.o(i.isr_mbx_send) refers to rt_system.o(i.os_psh_req) for os_psh_req
    rt_mailbox.o(i.os_mbx_init) refers to rtx_config.o(.text) for tsk_unlock
    rt_mailbox.o(i.os_mbx_psh) refers to rt_list.o(i.os_get_first) for os_get_first
    rt_mailbox.o(i.os_mbx_psh) refers to rt_list.o(i.os_rmv_dly) for os_rmv_dly
    rt_mailbox.o(i.os_mbx_psh) refers to rt_list.o(i.os_put_prio) for os_put_prio
    rt_mailbox.o(i.os_mbx_psh) refers to rtx_config.o(.text) for os_error
    rt_mailbox.o(i.os_mbx_psh) refers to rt_list.o(.bss) for os_rdy
    rt_mailbox.o(i.os_mbx_send) refers to rt_list.o(i.os_put_prio) for os_put_prio
    rt_mailbox.o(i.os_mbx_send) refers to rt_list.o(i.os_get_first) for os_get_first
    rt_mailbox.o(i.os_mbx_send) refers to rt_list.o(i.os_rmv_dly) for os_rmv_dly
    rt_mailbox.o(i.os_mbx_send) refers to rt_task.o(i.os_dispatch) for os_dispatch
    rt_mailbox.o(i.os_mbx_send) refers to rt_task.o(i.os_block) for os_block
    rt_mailbox.o(i.os_mbx_send) refers to rtx_config.o(.text) for tsk_unlock
    rt_mailbox.o(i.os_mbx_send) refers to rt_task.o(.data) for os_runtask
    rt_mailbox.o(i.os_mbx_wait) refers to rt_list.o(i.os_get_first) for os_get_first
    rt_mailbox.o(i.os_mbx_wait) refers to rt_list.o(i.os_rmv_dly) for os_rmv_dly
    rt_mailbox.o(i.os_mbx_wait) refers to rt_task.o(i.os_dispatch) for os_dispatch
    rt_mailbox.o(i.os_mbx_wait) refers to rtx_config.o(.text) for tsk_unlock
    rt_mailbox.o(i.os_mbx_wait) refers to rt_list.o(i.os_put_prio) for os_put_prio
    rt_mailbox.o(i.os_mbx_wait) refers to rt_task.o(i.os_block) for os_block
    rt_mailbox.o(i.os_mbx_wait) refers to rt_task.o(.data) for os_runtask
    rt_semaphore.o(i.isr_sem_send) refers to rt_list.o(i.os_psq_enq) for os_psq_enq
    rt_semaphore.o(i.isr_sem_send) refers to rt_system.o(i.os_psh_req) for os_psh_req
    rt_semaphore.o(i.os_sem_init) refers to rtx_config.o(.text) for tsk_unlock
    rt_semaphore.o(i.os_sem_psh) refers to rt_list.o(i.os_get_first) for os_get_first
    rt_semaphore.o(i.os_sem_psh) refers to rt_list.o(i.os_rmv_dly) for os_rmv_dly
    rt_semaphore.o(i.os_sem_psh) refers to rt_list.o(i.os_put_prio) for os_put_prio
    rt_semaphore.o(i.os_sem_psh) refers to rt_list.o(.bss) for os_rdy
    rt_semaphore.o(i.os_sem_send) refers to rt_list.o(i.os_get_first) for os_get_first
    rt_semaphore.o(i.os_sem_send) refers to rt_list.o(i.os_rmv_dly) for os_rmv_dly
    rt_semaphore.o(i.os_sem_send) refers to rt_task.o(i.os_dispatch) for os_dispatch
    rt_semaphore.o(i.os_sem_send) refers to rtx_config.o(.text) for tsk_unlock
    rt_semaphore.o(i.os_sem_wait) refers to rtx_config.o(.text) for tsk_unlock
    rt_semaphore.o(i.os_sem_wait) refers to rt_list.o(i.os_put_prio) for os_put_prio
    rt_semaphore.o(i.os_sem_wait) refers to rt_task.o(i.os_block) for os_block
    rt_semaphore.o(i.os_sem_wait) refers to rt_task.o(.data) for os_runtask
    rt_timer.o(i.os_tmr_create) refers to rtx_config.o(.text) for tsk_unlock
    rt_timer.o(i.os_tmr_create) refers to rtx_config.o(.data) for m_tmr
    rt_timer.o(i.os_tmr_create) refers to rt_timer.o(.data) for .data
    rt_timer.o(i.os_tmr_kill) refers to rtx_config.o(.text) for tsk_unlock
    rt_timer.o(i.os_tmr_kill) refers to rt_timer.o(.data) for .data
    rt_timer.o(i.os_tmr_kill) refers to rtx_config.o(.data) for m_tmr
    rt_timer.o(i.os_tmr_tick) refers to rtx_config.o(.text) for os_tmr_call
    rt_timer.o(i.os_tmr_tick) refers to rt_timer.o(.data) for .data
    rt_timer.o(i.os_tmr_tick) refers to rtx_config.o(.data) for m_tmr
    rt_robin.o(i.os_chk_robin) refers to rt_list.o(i.os_get_first) for os_get_first
    rt_robin.o(i.os_chk_robin) refers to rt_list.o(i.os_put_prio) for os_put_prio
    rt_robin.o(i.os_chk_robin) refers to rt_robin.o(.data) for .data
    rt_robin.o(i.os_chk_robin) refers to rt_list.o(.bss) for os_rdy
    rt_robin.o(i.os_chk_robin) refers to rt_time.o(.data) for os_time
    rt_robin.o(i.os_init_robin) refers to rt_robin.o(.data) for .data
    rt_robin.o(i.os_init_robin) refers to rtx_config.o(.constdata) for os_rrobin
    libspace.o(.text) refers to libspace.o(.bss) for __libspace_start
    __main.o(!!!main) refers to rtentry.o(.ARM.Collect$$rtentry$$00000000) for __rt_entry
    rtentry.o(.ARM.Collect$$rtentry$$00000000) refers (Special) to rtentry2.o(.ARM.Collect$$rtentry$$0000000A) for __rt_entry_li
    rtentry.o(.ARM.Collect$$rtentry$$00000000) refers (Special) to rtentry2.o(.ARM.Collect$$rtentry$$0000000D) for __rt_entry_main
    rtentry.o(.ARM.Collect$$rtentry$$00000000) refers (Special) to rtentry2.o(.ARM.Collect$$rtentry$$0000000C) for __rt_entry_postli_1
    rtentry.o(.ARM.Collect$$rtentry$$00000000) refers (Special) to rtentry2.o(.ARM.Collect$$rtentry$$00000009) for __rt_entry_postsh_1
    rtentry.o(.ARM.Collect$$rtentry$$00000000) refers (Special) to rtentry2.o(.ARM.Collect$$rtentry$$00000002) for __rt_entry_presh_1
    rtentry.o(.ARM.Collect$$rtentry$$00000000) refers (Special) to rtentry4.o(.ARM.Collect$$rtentry$$00000004) for __rt_entry_sh
    rtentry2.o(.ARM.Collect$$rtentry$$00000008) refers to boardinit2.o(.text) for _platform_post_stackheap_init
    rtentry2.o(.ARM.Collect$$rtentry$$0000000A) refers to libinit.o(.ARM.Collect$$libinit$$00000000) for __rt_lib_init
    rtentry2.o(.ARM.Collect$$rtentry$$0000000B) refers to boardinit3.o(.text) for _platform_post_lib_init
    rtentry2.o(.ARM.Collect$$rtentry$$0000000D) refers to exit.o(.text) for exit
    rtentry2.o(.ARM.Collect$$rtentry$$0000000D) refers to pgm 2.o(.text) for main
    rtentry2.o(.ARM.exidx) refers to rtentry2.o(.ARM.Collect$$rtentry$$00000001) for .ARM.Collect$$rtentry$$00000001
    rtentry2.o(.ARM.exidx) refers to rtentry2.o(.ARM.Collect$$rtentry$$00000008) for .ARM.Collect$$rtentry$$00000008
    rtentry2.o(.ARM.exidx) refers to rtentry2.o(.ARM.Collect$$rtentry$$0000000A) for .ARM.Collect$$rtentry$$0000000A
    rtentry2.o(.ARM.exidx) refers to rtentry2.o(.ARM.Collect$$rtentry$$0000000B) for .ARM.Collect$$rtentry$$0000000B
    rtentry2.o(.ARM.exidx) refers to rtentry2.o(.ARM.Collect$$rtentry$$0000000D) for .ARM.Collect$$rtentry$$0000000D
    rtentry4.o(.ARM.Collect$$rtentry$$00000004) refers to sys_stackheap_outer.o(.text) for __user_setup_stackheap
    rtentry4.o(.ARM.exidx) refers to rtentry4.o(.ARM.Collect$$rtentry$$00000004) for .ARM.Collect$$rtentry$$00000004
    sys_stackheap_outer.o(.text) refers to libspace.o(.text) for __user_perproc_libspace
    sys_stackheap_outer.o(.text) refers to startup.o(.text) for __user_initial_stackheap
    exit.o(.text) refers to rtexit.o(.ARM.Collect$$rtexit$$00000000) for __rt_exit
    libinit.o(.ARM.Collect$$libinit$$00000000) refers (Special) to libinit2.o(.ARM.Collect$$libinit$$0000002C) for __rt_lib_init_alloca_1
    libinit.o(.ARM.Collect$$libinit$$00000000) refers (Special) to libinit2.o(.ARM.Collect$$libinit$$0000002A) for __rt_lib_init_argv_1
    libinit.o(.ARM.Collect$$libinit$$00000000) refers (Special) to libinit2.o(.ARM.Collect$$libinit$$00000019) for __rt_lib_init_atexit_1
    libinit.o(.ARM.Collect$$libinit$$00000000) refers (Special) to libinit2.o(.ARM.Collect$$libinit$$0000001F) for __rt_lib_init_clock_1
    libinit.o(.ARM.Collect$$libinit$$00000000) refers (Special) to libinit2.o(.ARM.Collect$$libinit$$00000030) for __rt_lib_init_cpp_1
    libinit.o(.ARM.Collect$$libinit$$00000000) refers (Special) to libinit2.o(.ARM.Collect$$libinit$$0000002E) for __rt_lib_init_exceptions_1
    libinit.o(.ARM.Collect$$libinit$$00000000) refers (Special) to libinit2.o(.ARM.Collect$$libinit$$00000002) for __rt_lib_init_fp_1
    libinit.o(.ARM.Collect$$libinit$$00000000) refers (Special) to libinit2.o(.ARM.Collect$$libinit$$0000001D) for __rt_lib_init_fp_trap_1
    libinit.o(.ARM.Collect$$libinit$$00000000) refers (Special) to libinit2.o(.ARM.Collect$$libinit$$00000021) for __rt_lib_init_getenv_1
    libinit.o(.ARM.Collect$$libinit$$00000000) refers (Special) to libinit2.o(.ARM.Collect$$libinit$$00000008) for __rt_lib_init_heap_1
    libinit.o(.ARM.Collect$$libinit$$00000000) refers (Special) to libinit2.o(.ARM.Collect$$libinit$$0000000F) for __rt_lib_init_lc_collate_1
    libinit.o(.ARM.Collect$$libinit$$00000000) refers (Special) to libinit2.o(.ARM.Collect$$libinit$$00000011) for __rt_lib_init_lc_ctype_1
    libinit.o(.ARM.Collect$$libinit$$00000000) refers (Special) to libinit2.o(.ARM.Collect$$libinit$$00000013) for __rt_lib_init_lc_monetary_1
    libinit.o(.ARM.Collect$$libinit$$00000000) refers (Special) to libinit2.o(.ARM.Collect$$libinit$$00000015) for __rt_lib_init_lc_numeric_1
    libinit.o(.ARM.Collect$$libinit$$00000000) refers (Special) to libinit2.o(.ARM.Collect$$libinit$$00000017) for __rt_lib_init_lc_time_1
    libinit.o(.ARM.Collect$$libinit$$00000000) refers (Special) to libinit2.o(.ARM.Collect$$libinit$$0000000C) for __rt_lib_init_rand_1
    libinit.o(.ARM.Collect$$libinit$$00000000) refers (Special) to libinit2.o(.ARM.Collect$$libinit$$00000031) for __rt_lib_init_return
    libinit.o(.ARM.Collect$$libinit$$00000000) refers (Special) to libinit2.o(.ARM.Collect$$libinit$$0000001B) for __rt_lib_init_signal_1
    libinit.o(.ARM.Collect$$libinit$$00000000) refers (Special) to libinit2.o(.ARM.Collect$$libinit$$00000023) for __rt_lib_init_stdio_1
    libinit.o(.ARM.Collect$$libinit$$00000000) refers (Special) to libinit2.o(.ARM.Collect$$libinit$$0000000A) for __rt_lib_init_user_alloc_1
    rtexit.o(.ARM.Collect$$rtexit$$00000000) refers (Special) to rtexit2.o(.ARM.Collect$$rtexit$$00000004) for __rt_exit_exit
    rtexit.o(.ARM.Collect$$rtexit$$00000000) refers (Special) to rtexit2.o(.ARM.Collect$$rtexit$$00000003) for __rt_exit_ls
    rtexit.o(.ARM.Collect$$rtexit$$00000000) refers (Special) to rtexit2.o(.ARM.Collect$$rtexit$$00000002) for __rt_exit_prels_1
    rtexit.o(.ARM.exidx) refers (Special) to rtexit2.o(.ARM.Collect$$rtexit$$00000004) for __rt_exit_exit
    rtexit.o(.ARM.exidx) refers (Special) to rtexit2.o(.ARM.Collect$$rtexit$$00000003) for __rt_exit_ls
    rtexit.o(.ARM.exidx) refers (Special) to rtexit2.o(.ARM.Collect$$rtexit$$00000002) for __rt_exit_prels_1
    rtexit.o(.ARM.exidx) refers to rtexit.o(.ARM.Collect$$rtexit$$00000000) for .ARM.Collect$$rtexit$$00000000
    libinit2.o(.ARM.Collect$$libinit$$00000001) refers to fpinit.o(x$fpl$fpinit) for _fp_init
    libinit2.o(.ARM.Collect$$libinit$$0000000E) refers to libinit2.o(.ARM.Collect$$libinit$$0000000D) for .ARM.Collect$$libinit$$0000000D
    libinit2.o(.ARM.Collect$$libinit$$00000010) refers to libinit2.o(.ARM.Collect$$libinit$$0000000D) for .ARM.Collect$$libinit$$0000000D
    libinit2.o(.ARM.Collect$$libinit$$00000012) refers to libinit2.o(.ARM.Collect$$libinit$$0000000D) for .ARM.Collect$$libinit$$0000000D
    libinit2.o(.ARM.Collect$$libinit$$00000014) refers to libinit2.o(.ARM.Collect$$libinit$$0000000D) for .ARM.Collect$$libinit$$0000000D
    libinit2.o(.ARM.Collect$$libinit$$00000016) refers to libinit2.o(.ARM.Collect$$libinit$$0000000D) for .ARM.Collect$$libinit$$0000000D
    libinit2.o(.ARM.Collect$$libinit$$00000024) refers to argv_veneer.o(.emb_text) for __ARM_argv_veneer
    libinit2.o(.ARM.Collect$$libinit$$00000025) refers to argv_veneer.o(.emb_text) for __ARM_argv_veneer
    rtexit2.o(.ARM.Collect$$rtexit$$00000003) refers to libshutdown.o(.ARM.Collect$$libshutdown$$00000000) for __rt_lib_shutdown
    rtexit2.o(.ARM.Collect$$rtexit$$00000004) refers to sys_exit.o(.text) for _sys_exit
    rtexit2.o(.ARM.exidx) refers to rtexit2.o(.ARM.Collect$$rtexit$$00000001) for .ARM.Collect$$rtexit$$00000001
    rtexit2.o(.ARM.exidx) refers to rtexit2.o(.ARM.Collect$$rtexit$$00000003) for .ARM.Collect$$rtexit$$00000003
    rtexit2.o(.ARM.exidx) refers to rtexit2.o(.ARM.Collect$$rtexit$$00000004) for .ARM.Collect$$rtexit$$00000004
    argv_veneer.o(.emb_text) refers to no_argv.o(.text) for __ARM_get_argv
    sys_exit.o(.text) refers (Special) to use_no_semi.o(.text) for __I$use$semihosting
    sys_exit.o(.text) refers (Special) to indicate_semi.o(.text) for __semihosting_library_function
    _get_argv_nomalloc.o(.text) refers (Special) to hrguard.o(.text) for __heap_region$guard
    _get_argv_nomalloc.o(.text) refers to defsig_rtmem_outer.o(.text) for __rt_SIGRTMEM
    _get_argv_nomalloc.o(.text) refers to sys_command.o(.text) for _sys_command_string
    libshutdown.o(.ARM.Collect$$libshutdown$$00000000) refers (Special) to libshutdown2.o(.ARM.Collect$$libshutdown$$00000006) for __rt_lib_shutdown_fp_trap_1
    libshutdown.o(.ARM.Collect$$libshutdown$$00000000) refers (Special) to libshutdown2.o(.ARM.Collect$$libshutdown$$0000000E) for __rt_lib_shutdown_heap_1
    libshutdown.o(.ARM.Collect$$libshutdown$$00000000) refers (Special) to libshutdown2.o(.ARM.Collect$$libshutdown$$0000000F) for __rt_lib_shutdown_return
    libshutdown.o(.ARM.Collect$$libshutdown$$00000000) refers (Special) to libshutdown2.o(.ARM.Collect$$libshutdown$$00000009) for __rt_lib_shutdown_signal_1
    libshutdown.o(.ARM.Collect$$libshutdown$$00000000) refers (Special) to libshutdown2.o(.ARM.Collect$$libshutdown$$00000003) for __rt_lib_shutdown_stdio_1
    libshutdown.o(.ARM.Collect$$libshutdown$$00000000) refers (Special) to libshutdown2.o(.ARM.Collect$$libshutdown$$0000000B) for __rt_lib_shutdown_user_alloc_1
    sys_command.o(.text) refers (Special) to use_no_semi.o(.text) for __I$use$semihosting
    sys_command.o(.text) refers (Special) to indicate_semi.o(.text) for __semihosting_library_function
    defsig_rtmem_outer.o(.text) refers to defsig_rtmem_inner.o(.text) for __rt_SIGRTMEM_inner
    defsig_rtmem_outer.o(.text) refers to defsig_exit.o(.text) for __sig_exit
    defsig_rtmem_formal.o(.text) refers to rt_raise.o(.text) for __rt_raise
    rt_raise.o(.text) refers to __raise.o(.text) for __raise
    rt_raise.o(.text) refers to sys_exit.o(.text) for _sys_exit
    defsig_exit.o(.text) refers to sys_exit.o(.text) for _sys_exit
    defsig_rtmem_inner.o(.text) refers to defsig_general.o(.text) for __default_signal_display
    __raise.o(.text) refers to __raise.o(i.__ARM_common_call_via_r2) for __ARM_common_call_via_r2
    __raise.o(.text) refers to defsig.o(CL$$defsig) for __default_signal_handler
    defsig_general.o(.text) refers to sys_wrch.o(.text) for _ttywrch
    sys_wrch.o(.text) refers (Special) to use_no_semi.o(.text) for __I$use$semihosting
    sys_wrch.o(.text) refers (Special) to indicate_semi.o(.text) for __semihosting_library_function
    defsig.o(CL$$defsig) refers to defsig_rtmem_inner.o(.text) for __rt_SIGRTMEM_inner
    defsig_abrt_inner.o(.text) refers to defsig_general.o(.text) for __default_signal_display
    defsig_fpe_inner.o(.text) refers to defsig_general.o(.text) for __default_signal_display
    defsig_rtred_inner.o(.text) refers to defsig_general.o(.text) for __default_signal_display
    defsig_stak_inner.o(.text) refers to defsig_general.o(.text) for __default_signal_display
    defsig_pvfn_inner.o(.text) refers to defsig_general.o(.text) for __default_signal_display
    defsig_cppl_inner.o(.text) refers to defsig_general.o(.text) for __default_signal_display
    defsig_segv_inner.o(.text) refers to defsig_general.o(.text) for __default_signal_display
    defsig_other.o(.text) refers to defsig_general.o(.text) for __default_signal_display


==============================================================================

Removing Unused input sections from the image.

    Removing rt_task.o(i.os_tsk_create_ex0), (12 bytes).
    Removing rt_task.o(i.os_tsk_delete), (336 bytes).
    Removing rt_task.o(i.os_tsk_pass), (52 bytes).
    Removing rt_event.o(i.isr_evt_set), (40 bytes).
    Removing rt_event.o(i.os_evt_clr), (40 bytes).
    Removing rt_event.o(i.os_evt_get), (12 bytes).
    Removing rt_system.o(.emb_text), (0 bytes).
    Removing rt_system.o(i.os_psh_req), (52 bytes).
    Removing rt_system.o(i.os_resume), (168 bytes).
    Removing rt_system.o(i.os_suspend), (52 bytes).
    Removing rt_list.o(i.os_get_same_rdy_prio), (36 bytes).
    Removing rt_list.o(i.os_psq_enq), (52 bytes).
    Removing rt_membox.o(i._calloc_box), (34 bytes).
    Removing rt_time.o(i.os_dly_wait), (24 bytes).
    Removing rt_time.o(i.os_itv_set), (24 bytes).
    Removing rt_time.o(i.os_itv_wait), (56 bytes).
    Removing rt_time.o(i.os_time_get), (12 bytes).
    Removing rt_mailbox.o(i.isr_mbx_receive), (76 bytes).
    Removing rt_mailbox.o(i.isr_mbx_send), (16 bytes).
    Removing rt_mailbox.o(i.os_mbx_check), (8 bytes).
    Removing rt_mailbox.o(i.os_mbx_init), (48 bytes).
    Removing rt_mailbox.o(i.os_mbx_send), (164 bytes).
    Removing rt_mailbox.o(i.os_mbx_wait), (160 bytes).
    Removing rt_semaphore.o(i.isr_sem_send), (18 bytes).
    Removing rt_semaphore.o(i.os_sem_init), (28 bytes).
    Removing rt_semaphore.o(i.os_sem_send), (58 bytes).
    Removing rt_semaphore.o(i.os_sem_wait), (96 bytes).
    Removing rt_timer.o(i.os_tmr_create), (92 bytes).
    Removing rt_timer.o(i.os_tmr_kill), (72 bytes).
    Removing rt_robin.o(i.os_chk_robin), (72 bytes).
    Removing rt_robin.o(i.os_init_robin), (24 bytes).
    Removing rt_robin.o(.data), (8 bytes).

32 unused section(s) (total 1942 bytes) removed from the image.

==============================================================================

Adding Veneers to the image

    Adding AT veneer (8 bytes, Inline) for call to '__rt_lib_init' from rtentry2.o(.ARM.Collect$$rtentry$$0000000A).
    Adding AT veneer (8 bytes, Inline) for call to '__rt_lib_shutdown' from rtexit2.o(.ARM.Collect$$rtexit$$00000003).
    Adding TA veneer (4 bytes, Inline) for call to '__rt_exit' from exit.o(.text).
    Adding AT veneer (8 bytes, Inline) for call to 'os_sys_init0' from pgm 2.o(.text).
    Adding TA veneer (4 bytes, Inline) for call to 'os_idle_demon' from rt_task.o(i.os_sys_init1).
    Adding AT veneer (8 bytes, Inline) for call to '_sys_exit' from rtexit2.o(.ARM.Collect$$rtexit$$00000004).
    Adding TA veneer (8 bytes, Short) for call to 'os_error' from rt_mailbox.o(i.os_mbx_psh).
    Adding TA veneer (8 bytes, Short) for call to 'os_tmr_call' from rt_timer.o(i.os_tmr_tick).
    Adding AT veneer (8 bytes, Inline) for call to 'os_evt_set' from pgm 2.o(.text).
    Adding AT veneer (8 bytes, Inline) for call to 'os_evt_wait' from pgm 2.o(.text).
    Adding AT veneer (8 bytes, Inline) for call to 'os_tsk_create0' from pgm 2.o(.text).
    Adding AT veneer (8 bytes, Inline) for call to 'os_tsk_prio' from pgm 2.o(.text).
    Adding AT veneer (8 bytes, Inline) for call to 'os_tsk_self' from pgm 2.o(.text).

13 Veneer(s) (total 96 bytes) added to the image.

==============================================================================

Image Symbol Table

    Local Symbols

    Symbol Name                              Value     Ov Type        Size  Object(Section)

    RESET                                    0x00000000   Section      268  startup.o(RESET)
    ../clib/angel/boardlib.s                 0x00000000   Number         0  boardshut.o ABSOLUTE
    ../clib/angel/boardlib.s                 0x00000000   Number         0  boardinit1.o ABSOLUTE
    ../clib/angel/boardlib.s                 0x00000000   Number         0  boardinit2.o ABSOLUTE
    ../clib/angel/boardlib.s                 0x00000000   Number         0  boardinit3.o ABSOLUTE
    ../clib/angel/handlers.s                 0x00000000   Number         0  __scatter_zi.o ABSOLUTE
    ../clib/angel/handlers.s                 0x00000000   Number         0  __scatter_copy.o ABSOLUTE
    ../clib/angel/kernel.s                   0x00000000   Number         0  rtexit2.o ABSOLUTE
    ../clib/angel/kernel.s                   0x00000000   Number         0  rtexit.o ABSOLUTE
    ../clib/angel/kernel.s                   0x00000000   Number         0  rtentry2.o ABSOLUTE
    ../clib/angel/kernel.s                   0x00000000   Number         0  rtentry4.o ABSOLUTE
    ../clib/angel/kernel.s                   0x00000000   Number         0  rtentry.o ABSOLUTE
    ../clib/angel/rt.s                       0x00000000   Number         0  rt_raise.o ABSOLUTE
    ../clib/angel/scatter.s                  0x00000000   Number         0  __scatter.o ABSOLUTE
    ../clib/angel/startup.s                  0x00000000   Number         0  __main.o ABSOLUTE
    ../clib/angel/sys.s                      0x00000000   Number         0  libspace.o ABSOLUTE
    ../clib/angel/sys.s                      0x00000000   Number         0  sys_stackheap_outer.o ABSOLUTE
    ../clib/angel/sys.s                      0x00000000   Number         0  indicate_semi.o ABSOLUTE
    ../clib/angel/sys.s                      0x00000000   Number         0  use_no_semi.o ABSOLUTE
    ../clib/angel/sysapp.c                   0x00000000   Number         0  sys_exit.o ABSOLUTE
    ../clib/angel/sysapp.c                   0x00000000   Number         0  sys_command.o ABSOLUTE
    ../clib/angel/sysapp.c                   0x00000000   Number         0  sys_wrch.o ABSOLUTE
    ../clib/armsys.c                         0x00000000   Number         0  _get_argv_nomalloc.o ABSOLUTE
    ../clib/armsys.c                         0x00000000   Number         0  argv_veneer.o ABSOLUTE
    ../clib/armsys.c                         0x00000000   Number         0  argv_veneer.o ABSOLUTE
    ../clib/armsys.c                         0x00000000   Number         0  no_argv.o ABSOLUTE
    ../clib/heapalloc.c                      0x00000000   Number         0  hrguard.o ABSOLUTE
    ../clib/heapaux.c                        0x00000000   Number         0  heapauxi.o ABSOLUTE
    ../clib/libinit.s                        0x00000000   Number         0  libinit2.o ABSOLUTE
    ../clib/libinit.s                        0x00000000   Number         0  libshutdown.o ABSOLUTE
    ../clib/libinit.s                        0x00000000   Number         0  libshutdown2.o ABSOLUTE
    ../clib/libinit.s                        0x00000000   Number         0  libinit.o ABSOLUTE
    ../clib/signal.c                         0x00000000   Number         0  defsig_other.o ABSOLUTE
    ../clib/signal.c                         0x00000000   Number         0  defsig_segv_inner.o ABSOLUTE
    ../clib/signal.c                         0x00000000   Number         0  defsig_rtmem_formal.o ABSOLUTE
    ../clib/signal.c                         0x00000000   Number         0  defsig_cppl_inner.o ABSOLUTE
    ../clib/signal.c                         0x00000000   Number         0  defsig_pvfn_inner.o ABSOLUTE
    ../clib/signal.c                         0x00000000   Number         0  defsig_stak_inner.o ABSOLUTE
    ../clib/signal.c                         0x00000000   Number         0  defsig_rtred_inner.o ABSOLUTE
    ../clib/signal.c                         0x00000000   Number         0  defsig_fpe_inner.o ABSOLUTE
    ../clib/signal.c                         0x00000000   Number         0  defsig_abrt_inner.o ABSOLUTE
    ../clib/signal.c                         0x00000000   Number         0  defsig_general.o ABSOLUTE
    ../clib/signal.c                         0x00000000   Number         0  __raise.o ABSOLUTE
    ../clib/signal.c                         0x00000000   Number         0  defsig_rtmem_inner.o ABSOLUTE
    ../clib/signal.c                         0x00000000   Number         0  defsig_exit.o ABSOLUTE
    ../clib/signal.c                         0x00000000   Number         0  defsig_rtmem_outer.o ABSOLUTE
    ../clib/signal.s                         0x00000000   Number         0  defsig.o ABSOLUTE
    ../clib/stdlib.c                         0x00000000   Number         0  exit.o ABSOLUTE
    ../fplib/fpinit.s                        0x00000000   Number         0  fpinit.o ABSOLUTE
    RTX_Config.c                             0x00000000   Number         0  rtx_config.o ABSOLUTE
    SRC\ARM\HAL_ARM.c                        0x00000000   Number         0  hal_arm.o ABSOLUTE
    SRC\ARM\SWI_Table.s                      0x00000000   Number         0  swi_table.o ABSOLUTE
    SRC\ARM\rt_Event.c                       0x00000000   Number         0  rt_event.o ABSOLUTE
    SRC\ARM\rt_List.c                        0x00000000   Number         0  rt_list.o ABSOLUTE
    SRC\ARM\rt_Mailbox.c                     0x00000000   Number         0  rt_mailbox.o ABSOLUTE
    SRC\ARM\rt_MemBox.c                      0x00000000   Number         0  rt_membox.o ABSOLUTE
    SRC\ARM\rt_Mutex.c                       0x00000000   Number         0  rt_mutex.o ABSOLUTE
    SRC\ARM\rt_Robin.c                       0x00000000   Number         0  rt_robin.o ABSOLUTE
    SRC\ARM\rt_Semaphore.c                   0x00000000   Number         0  rt_semaphore.o ABSOLUTE
    SRC\ARM\rt_System.c                      0x00000000   Number         0  rt_system.o ABSOLUTE
    SRC\ARM\rt_Task.c                        0x00000000   Number         0  rt_task.o ABSOLUTE
    SRC\ARM\rt_Time.c                        0x00000000   Number         0  rt_time.o ABSOLUTE
    SRC\ARM\rt_Timer.c                       0x00000000   Number         0  rt_timer.o ABSOLUTE
    SRC\\ARM\\HAL_ARM.c                      0x00000000   Number         0  hal_arm.o ABSOLUTE
    SRC\\ARM\\rt_System.c                    0x00000000   Number         0  rt_system.o ABSOLUTE
    Startup.s                                0x00000000   Number         0  startup.o ABSOLUTE
    dc.s                                     0x00000000   Number         0  dc.o ABSOLUTE
    pgm 2.c                                  0x00000000   Number         0  pgm 2.o ABSOLUTE
    Undef_Handler                            0x00000040   ARM Code       4  startup.o(RESET)
    PAbt_Handler                             0x00000044   ARM Code       4  startup.o(RESET)
    DAbt_Handler                             0x00000048   ARM Code       4  startup.o(RESET)
    IRQ_Handler                              0x0000004c   ARM Code       4  startup.o(RESET)
    FIQ_Handler                              0x00000050   ARM Code       4  startup.o(RESET)
    !!!main                                  0x0000010c   Section        8  __main.o(!!!main)
    !!!scatter                               0x00000114   Section       60  __scatter.o(!!!scatter)
    !!handler_copy                           0x00000150   Section       40  __scatter_copy.o(!!handler_copy)
    !!handler_zi                             0x00000178   Section       44  __scatter_zi.o(!!handler_zi)
    .ARM.Collect$$libinit$$00000000          0x000001ac   Section        2  libinit.o(.ARM.Collect$$libinit$$00000000)
    .ARM.Collect$$libinit$$00000002          0x000001ae   Section        0  libinit2.o(.ARM.Collect$$libinit$$00000002)
    .ARM.Collect$$libinit$$00000008          0x000001ae   Section        0  libinit2.o(.ARM.Collect$$libinit$$00000008)
    .ARM.Collect$$libinit$$0000000A          0x000001ae   Section        0  libinit2.o(.ARM.Collect$$libinit$$0000000A)
    .ARM.Collect$$libinit$$0000000C          0x000001ae   Section        0  libinit2.o(.ARM.Collect$$libinit$$0000000C)
    .ARM.Collect$$libinit$$0000000F          0x000001ae   Section        0  libinit2.o(.ARM.Collect$$libinit$$0000000F)
    .ARM.Collect$$libinit$$00000011          0x000001ae   Section        0  libinit2.o(.ARM.Collect$$libinit$$00000011)
    .ARM.Collect$$libinit$$00000013          0x000001ae   Section        0  libinit2.o(.ARM.Collect$$libinit$$00000013)
    .ARM.Collect$$libinit$$00000015          0x000001ae   Section        0  libinit2.o(.ARM.Collect$$libinit$$00000015)
    .ARM.Collect$$libinit$$00000017          0x000001ae   Section        0  libinit2.o(.ARM.Collect$$libinit$$00000017)
    .ARM.Collect$$libinit$$00000019          0x000001ae   Section        0  libinit2.o(.ARM.Collect$$libinit$$00000019)
    .ARM.Collect$$libinit$$0000001B          0x000001ae   Section        0  libinit2.o(.ARM.Collect$$libinit$$0000001B)
    .ARM.Collect$$libinit$$0000001D          0x000001ae   Section        0  libinit2.o(.ARM.Collect$$libinit$$0000001D)
    .ARM.Collect$$libinit$$0000001F          0x000001ae   Section        0  libinit2.o(.ARM.Collect$$libinit$$0000001F)
    .ARM.Collect$$libinit$$00000021          0x000001ae   Section        0  libinit2.o(.ARM.Collect$$libinit$$00000021)
    .ARM.Collect$$libinit$$00000023          0x000001ae   Section        0  libinit2.o(.ARM.Collect$$libinit$$00000023)
    .ARM.Collect$$libinit$$0000002A          0x000001ae   Section        0  libinit2.o(.ARM.Collect$$libinit$$0000002A)
    .ARM.Collect$$libinit$$0000002C          0x000001ae   Section        0  libinit2.o(.ARM.Collect$$libinit$$0000002C)
    .ARM.Collect$$libinit$$0000002E          0x000001ae   Section        0  libinit2.o(.ARM.Collect$$libinit$$0000002E)
    .ARM.Collect$$libinit$$00000030          0x000001ae   Section        0  libinit2.o(.ARM.Collect$$libinit$$00000030)
    .ARM.Collect$$libinit$$00000031          0x000001ae   Section       12  libinit2.o(.ARM.Collect$$libinit$$00000031)
    .ARM.Collect$$libshutdown$$00000000      0x000001c4   Section        4  libshutdown.o(.ARM.Collect$$libshutdown$$00000000)
    .ARM.Collect$$libshutdown$$00000003      0x000001c8   Section        0  libshutdown2.o(.ARM.Collect$$libshutdown$$00000003)
    .ARM.Collect$$libshutdown$$00000006      0x000001c8   Section        0  libshutdown2.o(.ARM.Collect$$libshutdown$$00000006)
    .ARM.Collect$$libshutdown$$00000009      0x000001c8   Section        0  libshutdown2.o(.ARM.Collect$$libshutdown$$00000009)
    .ARM.Collect$$libshutdown$$0000000B      0x000001c8   Section        0  libshutdown2.o(.ARM.Collect$$libshutdown$$0000000B)
    .ARM.Collect$$libshutdown$$0000000E      0x000001c8   Section        0  libshutdown2.o(.ARM.Collect$$libshutdown$$0000000E)
    .ARM.Collect$$libshutdown$$0000000F      0x000001c8   Section        6  libshutdown2.o(.ARM.Collect$$libshutdown$$0000000F)
    .ARM.Collect$$rtentry$$00000000          0x000001d0   Section        0  rtentry.o(.ARM.Collect$$rtentry$$00000000)
    .ARM.Collect$$rtentry$$00000002          0x000001d0   Section        0  rtentry2.o(.ARM.Collect$$rtentry$$00000002)
    .ARM.Collect$$rtentry$$00000004          0x000001d0   Section        8  rtentry4.o(.ARM.Collect$$rtentry$$00000004)
    .ARM.Collect$$rtentry$$00000009          0x000001d8   Section        0  rtentry2.o(.ARM.Collect$$rtentry$$00000009)
    .ARM.Collect$$rtentry$$0000000A          0x000001d8   Section        4  rtentry2.o(.ARM.Collect$$rtentry$$0000000A)
    .ARM.Collect$$rtentry$$0000000C          0x000001dc   Section        0  rtentry2.o(.ARM.Collect$$rtentry$$0000000C)
    .ARM.Collect$$rtentry$$0000000D          0x000001dc   Section       40  rtentry2.o(.ARM.Collect$$rtentry$$0000000D)
    .ARM.Collect$$rtexit$$00000000           0x00000208   Section        4  rtexit.o(.ARM.Collect$$rtexit$$00000000)
    .ARM.Collect$$rtexit$$00000002           0x0000020c   Section        0  rtexit2.o(.ARM.Collect$$rtexit$$00000002)
    .ARM.Collect$$rtexit$$00000003           0x0000020c   Section        4  rtexit2.o(.ARM.Collect$$rtexit$$00000003)
    .ARM.Collect$$rtexit$$00000004           0x00000210   Section        8  rtexit2.o(.ARM.Collect$$rtexit$$00000004)
    .emb_text                                0x00000220   Section      516  hal_arm.o(.emb_text)
    Switch_task                              0x0000039c   ARM Code       0  hal_arm.o(.emb_text)
    .text                                    0x00000424   Section        0  pgm 2.o(.text)
    .text                                    0x000009e4   Section        0  rtx_config.o(.text)
    os_def_interrupt                         0x000009f8   ARM Code      20  rtx_config.o(.text)
    .text                                    0x00000a0c   Section        0  rtx_config.o(.text)
    __tagsym$$used                           0x00000abd   Number         0  rtx_config.o(.text)
    __tagsym$$used                           0x00000ad5   Number         0  rtx_config.o(.text)
    .text                                    0x00000b18   Section       32  startup.o(.text)
    .text                                    0x00000b38   Section       12  libspace.o(.text)
    .text                                    0x00000b44   Section        0  heapauxi.o(.text)
    .text                                    0x00000b4c   Section       96  sys_stackheap_outer.o(.text)
    .text                                    0x00000bac   Section        0  exit.o(.text)
    .text                                    0x00000bc0   Section        0  sys_exit.o(.text)
    .text                                    0x00000bcc   Section        4  use_no_semi.o(.text)
    .text                                    0x00000bd0   Section        0  indicate_semi.o(.text)
    SWI_TABLE                                0x00000bd0   Section       36  swi_table.o(SWI_TABLE)
    i.__SWI_0                                0x00000c04   Section        0  hal_arm.o(i.__SWI_0)
    i.__SWI_1                                0x00000c38   Section        0  rt_membox.o(i.__SWI_1)
    i.__SWI_2                                0x00000c46   Section        0  rt_membox.o(i.__SWI_2)
    i.__SWI_3                                0x00000c5e   Section        0  hal_arm.o(i.__SWI_3)
    i.__SWI_4                                0x00000c66   Section        0  hal_arm.o(i.__SWI_4)
    i.__SWI_6                                0x00000c6e   Section        0  hal_arm.o(i.__SWI_6)
    i.__SWI_7                                0x00000c70   Section        0  hal_arm.o(i.__SWI_7)
    i._init_box                              0x00000c72   Section        0  rt_membox.o(i._init_box)
    i.os_block                               0x00000cbc   Section        0  rt_task.o(i.os_block)
    i.os_dec_dly                             0x00000d04   Section        0  rt_list.o(i.os_dec_dly)
    i.os_dispatch                            0x00000d80   Section        0  rt_task.o(i.os_dispatch)
    i.os_evt_psh                             0x00000dc4   Section        0  rt_event.o(i.os_evt_psh)
    i.os_evt_set                             0x00000e1c   Section        0  rt_event.o(i.os_evt_set)
    i.os_evt_wait                            0x00000e88   Section        0  rt_event.o(i.os_evt_wait)
    i.os_get_first                           0x00000ee8   Section        0  rt_list.o(i.os_get_first)
    i.os_init_context                        0x00000f14   Section        0  rt_task.o(i.os_init_context)
    os_init_context                          0x00000f15   Thumb Code    70  rt_task.o(i.os_init_context)
    i.os_init_stack                          0x00000f60   Section        0  hal_arm.o(i.os_init_stack)
    i.os_mbx_psh                             0x00000fd4   Section        0  rt_mailbox.o(i.os_mbx_psh)
    i.os_mut_init                            0x00001064   Section        0  rt_mutex.o(i.os_mut_init)
    i.os_mut_release                         0x00001094   Section        0  rt_mutex.o(i.os_mut_release)
    i.os_mut_wait                            0x00001178   Section        0  rt_mutex.o(i.os_mut_wait)
    i.os_put_dly                             0x000011fc   Section        0  rt_list.o(i.os_put_dly)
    i.os_put_prio                            0x0000124c   Section        0  rt_list.o(i.os_put_prio)
    i.os_put_rdy_first                       0x0000128c   Section        0  rt_list.o(i.os_put_rdy_first)
    i.os_resort_prio                         0x000012a0   Section        0  rt_list.o(i.os_resort_prio)
    i.os_rmv_dly                             0x000012d4   Section        0  rt_list.o(i.os_rmv_dly)
    i.os_rmv_list                            0x00001300   Section        0  rt_list.o(i.os_rmv_list)
    i.os_sem_psh                             0x00001334   Section        0  rt_semaphore.o(i.os_sem_psh)
    i.os_stk_check                           0x0000136c   Section        0  hal_arm.o(i.os_stk_check)
    i.os_sys_init1                           0x0000139c   Section        0  rt_task.o(i.os_sys_init1)
    i.os_sys_manager                         0x00001484   Section        0  rt_system.o(i.os_sys_manager)
    i.os_tmr_tick                            0x00001550   Section        0  rt_timer.o(i.os_tmr_tick)
    i.os_tsk_create0                         0x0000159c   Section        0  rt_task.o(i.os_tsk_create0)
    i.os_tsk_prio                            0x00001634   Section        0  rt_task.o(i.os_tsk_prio)
    i.os_tsk_self                            0x000016cc   Section        0  rt_task.o(i.os_tsk_self)
    .constdata                               0x000016dc   Section       32  rtx_config.o(.constdata)
    __tagsym$$used                           0x000016e8   Number         0  rtx_config.o(.constdata)
    __tagsym$$used                           0x000016ec   Number         0  rtx_config.o(.constdata)
    .constdata                               0x000016fc   Section        4  rt_system.o(.constdata)
    __tagsym$$used                           0x000016fc   Number         0  rt_system.o(.constdata)
    .data                                    0x40000000   Section       84  pgm 2.o(.data)
    .data                                    0x40000054   Section        8  rtx_config.o(.data)
    nr_mutex                                 0x40000058   Data           4  rtx_config.o(.data)
    .data                                    0x4000005c   Section        4  rt_task.o(.data)
    .data                                    0x40000060   Section        4  hal_arm.o(.data)
    .data                                    0x40000064   Section        1  hal_arm.o(.data)
    .data                                    0x40000068   Section        8  rt_system.o(.data)
    .data                                    0x40000070   Section        4  rt_time.o(.data)
    .data                                    0x40000074   Section        8  rt_timer.o(.data)
    .bss                                     0x4000007c   Section       25  pgm 2.o(.bss)
    .bss                                     0x40000098   Section     2628  rtx_config.o(.bss)
    std_libspace                             0x4000081c   Data         576  rtx_config.o(.bss)
    std_libmutex                             0x40000a5c   Data         128  rtx_config.o(.bss)
    .bss                                     0x40000adc   Section       56  rt_task.o(.bss)
    .bss                                     0x40000b14   Section       48  rt_list.o(.bss)
    .bss                                     0x40000b44   Section       96  libspace.o(.bss)
    HEAP                                     0x40000ba8   Section        0  startup.o(HEAP)
    STACK                                    0x40000ba8   Section      176  startup.o(STACK)
    Heap_Mem                                 0x40000ba8   Data           0  startup.o(HEAP)
    Stack_Mem                                0x40000ba8   Data          80  startup.o(STACK)
    Stack_Top                                0x40000c58   Data           0  startup.o(STACK)

    Global Symbols

    Symbol Name                              Value     Ov Type        Size  Object(Section)

    BuildAttributes$$THM_ISAv1$ARM_ISAv4$S$PE$A:L22$X:L11$S22$IEEE1$IW$USESV6$~STKCKD$USESV7$~SHL$OSPACE$ROPI$EBA8$UX$STANDARDLIB$REQ8$EABIv2 0x00000000   Number         0  anon$$obj.o ABSOLUTE
    __ARM_use_no_argv                        0x00000000   Number         0  pgm 2.o ABSOLUTE
    __ARM_exceptions_init                     - Undefined Weak Reference
    __alloca_initialize                       - Undefined Weak Reference
    __cpp_initialize__aeabi_                  - Undefined Weak Reference
    __cxa_finalize                            - Undefined Weak Reference
    __rt_locale                               - Undefined Weak Reference
    __sigvec_lookup                           - Undefined Weak Reference
    _atexit_init                              - Undefined Weak Reference
    _call_atexit_fns                          - Undefined Weak Reference
    _clock_init                               - Undefined Weak Reference
    _fp_trap_init                             - Undefined Weak Reference
    _fp_trap_shutdown                         - Undefined Weak Reference
    _get_lc_collate                           - Undefined Weak Reference
    _get_lc_ctype                             - Undefined Weak Reference
    _get_lc_monetary                          - Undefined Weak Reference
    _get_lc_numeric                           - Undefined Weak Reference
    _get_lc_time                              - Undefined Weak Reference
    _getenv_init                              - Undefined Weak Reference
    _handle_redirection                       - Undefined Weak Reference
    _init_alloc                               - Undefined Weak Reference
    _init_user_alloc                          - Undefined Weak Reference
    _initio                                   - Undefined Weak Reference
    _rand_init                                - Undefined Weak Reference
    _signal_finish                            - Undefined Weak Reference
    _signal_init                              - Undefined Weak Reference
    _terminate_alloc                          - Undefined Weak Reference
    _terminate_user_alloc                     - Undefined Weak Reference
    _terminateio                              - Undefined Weak Reference
    os_tmr_reload                             - Undefined Weak Reference
    rt_init                                   - Undefined Weak Reference
    rt_notify                                 - Undefined Weak Reference
    rt_post_taskswitch                        - Undefined Weak Reference
    Reset_Handler                            0x00000054   ARM Code       0  startup.o(RESET)
    __main                                   0x0000010c   ARM Code       8  __main.o(!!!main)
    __scatterload                            0x00000114   ARM Code       0  __scatter.o(!!!scatter)
    __scatterload_rt2                        0x00000114   ARM Code      52  __scatter.o(!!!scatter)
    __scatterload_null                       0x00000128   ARM Code       0  __scatter.o(!!!scatter)
    __scatterload_copy                       0x00000150   ARM Code      40  __scatter_copy.o(!!handler_copy)
    __scatterload_zeroinit                   0x00000178   ARM Code      44  __scatter_zi.o(!!handler_zi)
    Inline ARM to Thumb Veneer to __rt_lib_init 0x000001a4   ARM Code       8  libinit.o(.ARM.Collect$$libinit$$00000000)
    __rt_lib_init                            0x000001ad   Thumb Code     0  libinit.o(.ARM.Collect$$libinit$$00000000)
    __rt_lib_init_alloca_1                   0x000001af   Thumb Code     0  libinit2.o(.ARM.Collect$$libinit$$0000002C)
    __rt_lib_init_argv_1                     0x000001af   Thumb Code     0  libinit2.o(.ARM.Collect$$libinit$$0000002A)
    __rt_lib_init_atexit_1                   0x000001af   Thumb Code     0  libinit2.o(.ARM.Collect$$libinit$$00000019)
    __rt_lib_init_clock_1                    0x000001af   Thumb Code     0  libinit2.o(.ARM.Collect$$libinit$$0000001F)
    __rt_lib_init_cpp_1                      0x000001af   Thumb Code     0  libinit2.o(.ARM.Collect$$libinit$$00000030)
    __rt_lib_init_exceptions_1               0x000001af   Thumb Code     0  libinit2.o(.ARM.Collect$$libinit$$0000002E)
    __rt_lib_init_fp_1                       0x000001af   Thumb Code     0  libinit2.o(.ARM.Collect$$libinit$$00000002)
    __rt_lib_init_fp_trap_1                  0x000001af   Thumb Code     0  libinit2.o(.ARM.Collect$$libinit$$0000001D)
    __rt_lib_init_getenv_1                   0x000001af   Thumb Code     0  libinit2.o(.ARM.Collect$$libinit$$00000021)
    __rt_lib_init_heap_1                     0x000001af   Thumb Code     0  libinit2.o(.ARM.Collect$$libinit$$00000008)
    __rt_lib_init_lc_collate_1               0x000001af   Thumb Code     0  libinit2.o(.ARM.Collect$$libinit$$0000000F)
    __rt_lib_init_lc_ctype_1                 0x000001af   Thumb Code     0  libinit2.o(.ARM.Collect$$libinit$$00000011)
    __rt_lib_init_lc_monetary_1              0x000001af   Thumb Code     0  libinit2.o(.ARM.Collect$$libinit$$00000013)
    __rt_lib_init_lc_numeric_1               0x000001af   Thumb Code     0  libinit2.o(.ARM.Collect$$libinit$$00000015)
    __rt_lib_init_lc_time_1                  0x000001af   Thumb Code     0  libinit2.o(.ARM.Collect$$libinit$$00000017)
    __rt_lib_init_rand_1                     0x000001af   Thumb Code     0  libinit2.o(.ARM.Collect$$libinit$$0000000C)
    __rt_lib_init_return                     0x000001af   Thumb Code     0  libinit2.o(.ARM.Collect$$libinit$$00000031)
    __rt_lib_init_signal_1                   0x000001af   Thumb Code     0  libinit2.o(.ARM.Collect$$libinit$$0000001B)
    __rt_lib_init_stdio_1                    0x000001af   Thumb Code     0  libinit2.o(.ARM.Collect$$libinit$$00000023)
    __rt_lib_init_user_alloc_1               0x000001af   Thumb Code     0  libinit2.o(.ARM.Collect$$libinit$$0000000A)
    Inline ARM to Thumb Veneer to __rt_lib_shutdown 0x000001bc   ARM Code       8  libshutdown.o(.ARM.Collect$$libshutdown$$00000000)
    __rt_lib_shutdown                        0x000001c5   Thumb Code     0  libshutdown.o(.ARM.Collect$$libshutdown$$00000000)
    __rt_lib_shutdown_fp_trap_1              0x000001c9   Thumb Code     0  libshutdown2.o(.ARM.Collect$$libshutdown$$00000006)
    __rt_lib_shutdown_heap_1                 0x000001c9   Thumb Code     0  libshutdown2.o(.ARM.Collect$$libshutdown$$0000000E)
    __rt_lib_shutdown_return                 0x000001c9   Thumb Code     0  libshutdown2.o(.ARM.Collect$$libshutdown$$0000000F)
    __rt_lib_shutdown_signal_1               0x000001c9   Thumb Code     0  libshutdown2.o(.ARM.Collect$$libshutdown$$00000009)
    __rt_lib_shutdown_stdio_1                0x000001c9   Thumb Code     0  libshutdown2.o(.ARM.Collect$$libshutdown$$00000003)
    __rt_lib_shutdown_user_alloc_1           0x000001c9   Thumb Code     0  libshutdown2.o(.ARM.Collect$$libshutdown$$0000000B)
    __rt_entry                               0x000001d0   ARM Code       0  rtentry.o(.ARM.Collect$$rtentry$$00000000)
    __rt_entry_presh_1                       0x000001d0   ARM Code       0  rtentry2.o(.ARM.Collect$$rtentry$$00000002)
    __rt_entry_sh                            0x000001d0   ARM Code       0  rtentry4.o(.ARM.Collect$$rtentry$$00000004)
    __rt_entry_li                            0x000001d8   ARM Code       0  rtentry2.o(.ARM.Collect$$rtentry$$0000000A)
    __rt_entry_postsh_1                      0x000001d8   ARM Code       0  rtentry2.o(.ARM.Collect$$rtentry$$00000009)
    __rt_entry_main                          0x000001dc   ARM Code       0  rtentry2.o(.ARM.Collect$$rtentry$$0000000D)
    __rt_entry_postli_1                      0x000001dc   ARM Code       0  rtentry2.o(.ARM.Collect$$rtentry$$0000000C)
    Inline Thumb to ARM Veneer to __rt_exit  0x00000205   Thumb Code     4  rtexit.o(.ARM.Collect$$rtexit$$00000000)
    __rt_exit                                0x00000208   ARM Code       0  rtexit.o(.ARM.Collect$$rtexit$$00000000)
    __rt_exit_ls                             0x0000020c   ARM Code       0  rtexit2.o(.ARM.Collect$$rtexit$$00000003)
    __rt_exit_prels_1                        0x0000020c   ARM Code       0  rtexit2.o(.ARM.Collect$$rtexit$$00000002)
    __rt_exit_exit                           0x00000210   ARM Code       0  rtexit2.o(.ARM.Collect$$rtexit$$00000004)
    Inline ARM to Thumb Veneer to os_sys_init0 0x00000218   ARM Code       8  hal_arm.o(.emb_text)
    _inc_qi                                  0x00000221   Thumb Code    60  hal_arm.o(.emb_text)
    _dec_qc                                  0x0000025d   Thumb Code    32  hal_arm.o(.emb_text)
    os_set_env                               0x0000027d   Thumb Code     8  hal_arm.o(.emb_text)
    os_sys_init0                             0x00000285   Thumb Code    32  hal_arm.o(.emb_text)
    os_sys_run                               0x000002b1   Thumb Code    16  hal_arm.o(.emb_text)
    os_clock_interrupt                       0x000002c4   ARM Code     128  hal_arm.o(.emb_text)
    os_sys_manager_ret                       0x00000331   Thumb Code     0  hal_arm.o(.emb_text)
    SWI_Handler                              0x00000358   ARM Code     196  hal_arm.o(.emb_text)
    os_switch_tasks_ret                      0x00000395   Thumb Code     0  hal_arm.o(.emb_text)
    serial                                   0x00000424   ARM Code      52  pgm 2.o(.text)
    delay                                    0x00000458   ARM Code      24  pgm 2.o(.text)
    cmd                                      0x00000470   ARM Code     144  pgm 2.o(.text)
    __RL_RTX_VER                             0x00000474   Number         0  rt_system.o ABSOLUTE
    data                                     0x00000500   ARM Code     144  pgm 2.o(.text)
    job3                                     0x00000590   ARM Code     328  pgm 2.o(.text)
    job2                                     0x000006d8   ARM Code     252  pgm 2.o(.text)
    job1                                     0x000007d4   ARM Code     376  pgm 2.o(.text)
    main                                     0x0000094c   ARM Code      68  pgm 2.o(.text)
    Inline Thumb to ARM Veneer to os_idle_demon 0x000009e1   Thumb Code     4  rtx_config.o(.text)
    os_idle_demon                            0x000009e4   ARM Code       8  rtx_config.o(.text)
    os_tmr_call                              0x000009ec   ARM Code       4  rtx_config.o(.text)
    os_error                                 0x000009f0   ARM Code       8  rtx_config.o(.text)
    os_tmr_init                              0x00000a0d   Thumb Code    34  rtx_config.o(.text)
    os_tmr_force_irq                         0x00000a31   Thumb Code     8  rtx_config.o(.text)
    os_tmr_inspect_cnt                       0x00000a39   Thumb Code     6  rtx_config.o(.text)
    os_tmr_inspect_ovf                       0x00000a41   Thumb Code    10  rtx_config.o(.text)
    os_irq_ack_lock                          0x00000a4d   Thumb Code    20  rtx_config.o(.text)
    __SWI_5                                  0x00000a61   Thumb Code     8  rtx_config.o(.text)
    tsk_unlock                               0x00000a69   Thumb Code     8  rtx_config.o(.text)
    os_init_robin                            0x00000a71   Thumb Code     2  rtx_config.o(.text)
    os_chk_robin                             0x00000a75   Thumb Code     2  rtx_config.o(.text)
    __user_perthread_libspace                0x00000a79   Thumb Code    30  rtx_config.o(.text)
    _mutex_initialize                        0x00000a99   Thumb Code    34  rtx_config.o(.text)
    _mutex_acquire                           0x00000abd   Thumb Code    22  rtx_config.o(.text)
    _mutex_release                           0x00000ad5   Thumb Code    20  rtx_config.o(.text)
    __user_initial_stackheap                 0x00000b18   ARM Code       0  startup.o(.text)
    __user_libspace                          0x00000b38   ARM Code      12  libspace.o(.text)
    __user_perproc_libspace                  0x00000b38   ARM Code       0  libspace.o(.text)
    __use_two_region_memory                  0x00000b45   Thumb Code     2  heapauxi.o(.text)
    __rt_heap_escrow$2region                 0x00000b47   Thumb Code     2  heapauxi.o(.text)
    __rt_heap_expand$2region                 0x00000b49   Thumb Code     2  heapauxi.o(.text)
    __user_setup_stackheap                   0x00000b4c   ARM Code      96  sys_stackheap_outer.o(.text)
    exit                                     0x00000bad   Thumb Code    12  exit.o(.text)
    Inline ARM to Thumb Veneer to _sys_exit  0x00000bb8   ARM Code       8  sys_exit.o(.text)
    _sys_exit                                0x00000bc1   Thumb Code     8  sys_exit.o(.text)
    __I$use$semihosting                      0x00000bcc   ARM Code       0  use_no_semi.o(.text)
    __use_no_semihosting_swi                 0x00000bcc   ARM Code       4  use_no_semi.o(.text)
    SWI_Count                                0x00000bd0   Data           4  swi_table.o(SWI_TABLE)
    __semihosting_library_function           0x00000bd0   ARM Code       0  indicate_semi.o(.text)
    SWI_Table                                0x00000bd4   Data           0  swi_table.o(SWI_TABLE)
    Short Thumb to ARM Veneer to os_error    0x00000bf5   Thumb Code     8  anon$$obj.o(Veneer$$Code)
    Short Thumb to ARM Veneer to os_tmr_call 0x00000bfd   Thumb Code     8  anon$$obj.o(Veneer$$Code)
    __SWI_0                                  0x00000c05   Thumb Code    46  hal_arm.o(i.__SWI_0)
    __SWI_1                                  0x00000c39   Thumb Code    14  rt_membox.o(i.__SWI_1)
    __SWI_2                                  0x00000c47   Thumb Code    24  rt_membox.o(i.__SWI_2)
    __SWI_3                                  0x00000c5f   Thumb Code     8  hal_arm.o(i.__SWI_3)
    __SWI_4                                  0x00000c67   Thumb Code     8  hal_arm.o(i.__SWI_4)
    __SWI_6                                  0x00000c6f   Thumb Code     2  hal_arm.o(i.__SWI_6)
    __SWI_7                                  0x00000c71   Thumb Code     2  hal_arm.o(i.__SWI_7)
    _init_box                                0x00000c73   Thumb Code    74  rt_membox.o(i._init_box)
    os_block                                 0x00000cbd   Thumb Code    58  rt_task.o(i.os_block)
    os_dec_dly                               0x00000d05   Thumb Code   116  rt_list.o(i.os_dec_dly)
    os_dispatch                              0x00000d81   Thumb Code    60  rt_task.o(i.os_dispatch)
    os_evt_psh                               0x00000dc5   Thumb Code    74  rt_event.o(i.os_evt_psh)
    Inline ARM to Thumb Veneer to os_evt_set 0x00000e14   ARM Code       8  rt_event.o(i.os_evt_set)
    os_evt_set                               0x00000e1d   Thumb Code    94  rt_event.o(i.os_evt_set)
    Inline ARM to Thumb Veneer to os_evt_wait 0x00000e80   ARM Code       8  rt_event.o(i.os_evt_wait)
    os_evt_wait                              0x00000e89   Thumb Code    90  rt_event.o(i.os_evt_wait)
    os_get_first                             0x00000ee9   Thumb Code    42  rt_list.o(i.os_get_first)
    os_init_stack                            0x00000f61   Thumb Code   100  hal_arm.o(i.os_init_stack)
    os_mbx_psh                               0x00000fd5   Thumb Code   140  rt_mailbox.o(i.os_mbx_psh)
    os_mut_init                              0x00001065   Thumb Code    44  rt_mutex.o(i.os_mut_init)
    os_mut_release                           0x00001095   Thumb Code   218  rt_mutex.o(i.os_mut_release)
    os_mut_wait                              0x00001179   Thumb Code   128  rt_mutex.o(i.os_mut_wait)
    os_put_dly                               0x000011fd   Thumb Code    76  rt_list.o(i.os_put_dly)
    os_put_prio                              0x0000124d   Thumb Code    62  rt_list.o(i.os_put_prio)
    os_put_rdy_first                         0x0000128d   Thumb Code    14  rt_list.o(i.os_put_rdy_first)
    os_resort_prio                           0x000012a1   Thumb Code    48  rt_list.o(i.os_resort_prio)
    os_rmv_dly                               0x000012d5   Thumb Code    44  rt_list.o(i.os_rmv_dly)
    os_rmv_list                              0x00001301   Thumb Code    46  rt_list.o(i.os_rmv_list)
    os_sem_psh                               0x00001335   Thumb Code    50  rt_semaphore.o(i.os_sem_psh)
    os_stk_check                             0x0000136d   Thumb Code    38  hal_arm.o(i.os_stk_check)
    os_sys_init1                             0x0000139d   Thumb Code   162  rt_task.o(i.os_sys_init1)
    os_sys_manager                           0x00001485   Thumb Code   184  rt_system.o(i.os_sys_manager)
    os_tmr_tick                              0x00001551   Thumb Code    58  rt_timer.o(i.os_tmr_tick)
    Inline ARM to Thumb Veneer to os_tsk_create0 0x00001594   ARM Code       8  rt_task.o(i.os_tsk_create0)
    os_tsk_create0                           0x0000159d   Thumb Code   130  rt_task.o(i.os_tsk_create0)
    Inline ARM to Thumb Veneer to os_tsk_prio 0x0000162c   ARM Code       8  rt_task.o(i.os_tsk_prio)
    os_tsk_prio                              0x00001635   Thumb Code   128  rt_task.o(i.os_tsk_prio)
    Inline ARM to Thumb Veneer to os_tsk_self 0x000016c4   ARM Code       8  rt_task.o(i.os_tsk_self)
    os_tsk_self                              0x000016cd   Thumb Code    12  rt_task.o(i.os_tsk_self)
    os_maxtaskrun                            0x000016dc   Data           2  rtx_config.o(.constdata)
    os_stackinfo                             0x000016e0   Data           4  rtx_config.o(.constdata)
    os_rrobin                                0x000016e4   Data           4  rtx_config.o(.constdata)
    os_clockrate                             0x000016e8   Data           4  rtx_config.o(.constdata)
    os_timernum                              0x000016ec   Data           4  rtx_config.o(.constdata)
    mp_tcb_size                              0x000016f0   Data           2  rtx_config.o(.constdata)
    mp_stk_size                              0x000016f4   Data           4  rtx_config.o(.constdata)
    os_fifo_size                             0x000016f8   Data           1  rtx_config.o(.constdata)
    mp_tmr_size                              0x000016fa   Data           2  rtx_config.o(.constdata)
    RL_RTX_Version                           0x000016fc   Data           4  rt_system.o(.constdata)
    Region$$Table$$Base                      0x00001700   Number         0  anon$$obj.o(Region$$Table)
    Region$$Table$$Limit                     0x00001720   Number         0  anon$$obj.o(Region$$Table)
    c                                        0x40000000   Data          36  pgm 2.o(.data)
    i                                        0x40000024   Data           4  pgm 2.o(.data)
    j                                        0x40000028   Data           4  pgm 2.o(.data)
    s                                        0x4000002c   Data           4  pgm 2.o(.data)
    tsk1                                     0x40000030   Data           4  pgm 2.o(.data)
    tsk2                                     0x40000034   Data           4  pgm 2.o(.data)
    tsk3                                     0x40000038   Data           4  pgm 2.o(.data)
    RE1                                      0x4000003c   Data           4  pgm 2.o(.data)
    RE2                                      0x40000040   Data           4  pgm 2.o(.data)
    RE3                                      0x40000044   Data           4  pgm 2.o(.data)
    cnt1                                     0x40000048   Data           4  pgm 2.o(.data)
    cnt2                                     0x4000004c   Data           4  pgm 2.o(.data)
    cnt3                                     0x40000050   Data           4  pgm 2.o(.data)
    m_tmr                                    0x40000054   Data           4  rtx_config.o(.data)
    os_runtask                               0x4000005c   Data           4  rt_task.o(.data)
    sys_stktop                               0x40000060   Data           4  hal_arm.o(.data)
    sys_mode                                 0x40000064   Data           1  hal_arm.o(.data)
    os_psh                                   0x40000068   Data           8  rt_system.o(.data)
    os_time                                  0x40000070   Data           4  rt_time.o(.data)
    os_tmr                                   0x40000074   Data           8  rt_timer.o(.data)
    mg                                       0x4000007c   Data          25  pgm 2.o(.bss)
    mp_tcb                                   0x40000098   Data         348  rtx_config.o(.bss)
    mp_stk                                   0x400001f8   Data        1416  rtx_config.o(.bss)
    os_fifo                                  0x40000780   Data         132  rtx_config.o(.bss)
    os_active_TCB                            0x40000804   Data          24  rtx_config.o(.bss)
    os_idle_TCB                              0x40000adc   Data          56  rt_task.o(.bss)
    os_rdy                                   0x40000b14   Data          24  rt_list.o(.bss)
    os_dly                                   0x40000b2c   Data          24  rt_list.o(.bss)
    __libspace_start                         0x40000b44   Data          96  libspace.o(.bss)
    __temporary_stack_top$libspace           0x40000ba4   Data           0  libspace.o(.bss)



==============================================================================

Memory Map of the image

  Image Entry point : 0x0000010c

  Load Region LR_IROM1 (Base: 0x00000000, Size: 0x0000179c, Max: 0x00080000, ABSOLUTE)

    Execution Region ER_IROM1 (Base: 0x00000000, Size: 0x00001720, Max: 0x00080000, ABSOLUTE)

    Base Addr    Size         Type   Attr      Idx    E Section Name        Object

    0x00000000   0x0000010c   Code   RO           64    RESET               startup.o
    0x0000010c   0x00000008   Code   RO          616  * !!!main             c_t.l(__main.o)
    0x00000114   0x0000003c   Code   RO          769    !!!scatter          c_t.l(__scatter.o)
    0x00000150   0x00000028   Code   RO          771    !!handler_copy      c_t.l(__scatter_copy.o)
    0x00000178   0x0000002c   Code   RO          773    !!handler_zi        c_t.l(__scatter_zi.o)
    0x000001a4   0x00000008   Ven    RO          643    .ARM.Collect$$libinit$$00000000  c_t.l(libinit.o)
    0x000001ac   0x00000002   Code   RO          643    .ARM.Collect$$libinit$$00000000  c_t.l(libinit.o)
    0x000001ae   0x00000000   Code   RO          647    .ARM.Collect$$libinit$$00000002  c_t.l(libinit2.o)
    0x000001ae   0x00000000   Code   RO          650    .ARM.Collect$$libinit$$00000008  c_t.l(libinit2.o)
    0x000001ae   0x00000000   Code   RO          652    .ARM.Collect$$libinit$$0000000A  c_t.l(libinit2.o)
    0x000001ae   0x00000000   Code   RO          654    .ARM.Collect$$libinit$$0000000C  c_t.l(libinit2.o)
    0x000001ae   0x00000000   Code   RO          657    .ARM.Collect$$libinit$$0000000F  c_t.l(libinit2.o)
    0x000001ae   0x00000000   Code   RO          659    .ARM.Collect$$libinit$$00000011  c_t.l(libinit2.o)
    0x000001ae   0x00000000   Code   RO          661    .ARM.Collect$$libinit$$00000013  c_t.l(libinit2.o)
    0x000001ae   0x00000000   Code   RO          663    .ARM.Collect$$libinit$$00000015  c_t.l(libinit2.o)
    0x000001ae   0x00000000   Code   RO          665    .ARM.Collect$$libinit$$00000017  c_t.l(libinit2.o)
    0x000001ae   0x00000000   Code   RO          667    .ARM.Collect$$libinit$$00000019  c_t.l(libinit2.o)
    0x000001ae   0x00000000   Code   RO          669    .ARM.Collect$$libinit$$0000001B  c_t.l(libinit2.o)
    0x000001ae   0x00000000   Code   RO          671    .ARM.Collect$$libinit$$0000001D  c_t.l(libinit2.o)
    0x000001ae   0x00000000   Code   RO          673    .ARM.Collect$$libinit$$0000001F  c_t.l(libinit2.o)
    0x000001ae   0x00000000   Code   RO          675    .ARM.Collect$$libinit$$00000021  c_t.l(libinit2.o)
    0x000001ae   0x00000000   Code   RO          677    .ARM.Collect$$libinit$$00000023  c_t.l(libinit2.o)
    0x000001ae   0x00000000   Code   RO          681    .ARM.Collect$$libinit$$0000002A  c_t.l(libinit2.o)
    0x000001ae   0x00000000   Code   RO          683    .ARM.Collect$$libinit$$0000002C  c_t.l(libinit2.o)
    0x000001ae   0x00000000   Code   RO          685    .ARM.Collect$$libinit$$0000002E  c_t.l(libinit2.o)
    0x000001ae   0x00000000   Code   RO          687    .ARM.Collect$$libinit$$00000030  c_t.l(libinit2.o)
    0x000001ae   0x0000000c   Code   RO          688    .ARM.Collect$$libinit$$00000031  c_t.l(libinit2.o)
    0x000001ba   0x00000002   PAD
    0x000001bc   0x00000008   Ven    RO          708    .ARM.Collect$$libshutdown$$00000000  c_t.l(libshutdown.o)
    0x000001c4   0x00000004   Code   RO          708    .ARM.Collect$$libshutdown$$00000000  c_t.l(libshutdown.o)
    0x000001c8   0x00000000   Code   RO          722    .ARM.Collect$$libshutdown$$00000003  c_t.l(libshutdown2.o)
    0x000001c8   0x00000000   Code   RO          725    .ARM.Collect$$libshutdown$$00000006  c_t.l(libshutdown2.o)
    0x000001c8   0x00000000   Code   RO          728    .ARM.Collect$$libshutdown$$00000009  c_t.l(libshutdown2.o)
    0x000001c8   0x00000000   Code   RO          730    .ARM.Collect$$libshutdown$$0000000B  c_t.l(libshutdown2.o)
    0x000001c8   0x00000000   Code   RO          733    .ARM.Collect$$libshutdown$$0000000E  c_t.l(libshutdown2.o)
    0x000001c8   0x00000006   Code   RO          734    .ARM.Collect$$libshutdown$$0000000F  c_t.l(libshutdown2.o)
    0x000001ce   0x00000002   PAD
    0x000001d0   0x00000000   Code   RO          618    .ARM.Collect$$rtentry$$00000000  c_t.l(rtentry.o)
    0x000001d0   0x00000000   Code   RO          620    .ARM.Collect$$rtentry$$00000002  c_t.l(rtentry2.o)
    0x000001d0   0x00000008   Code   RO          632    .ARM.Collect$$rtentry$$00000004  c_t.l(rtentry4.o)
    0x000001d8   0x00000000   Code   RO          622    .ARM.Collect$$rtentry$$00000009  c_t.l(rtentry2.o)
    0x000001d8   0x00000004   Code   RO          623    .ARM.Collect$$rtentry$$0000000A  c_t.l(rtentry2.o)
    0x000001dc   0x00000000   Code   RO          625    .ARM.Collect$$rtentry$$0000000C  c_t.l(rtentry2.o)
    0x000001dc   0x00000028   Code   RO          626    .ARM.Collect$$rtentry$$0000000D  c_t.l(rtentry2.o)
    0x00000204   0x00000004   Ven    RO          644    .ARM.Collect$$rtexit$$00000000  c_t.l(rtexit.o)
    0x00000208   0x00000004   Code   RO          644    .ARM.Collect$$rtexit$$00000000  c_t.l(rtexit.o)
    0x0000020c   0x00000000   Code   RO          690    .ARM.Collect$$rtexit$$00000002  c_t.l(rtexit2.o)
    0x0000020c   0x00000004   Code   RO          691    .ARM.Collect$$rtexit$$00000003  c_t.l(rtexit2.o)
    0x00000210   0x00000008   Code   RO          692    .ARM.Collect$$rtexit$$00000004  c_t.l(rtexit2.o)
    0x00000218   0x00000008   Ven    RO          234    .emb_text           RTX_ARM_L.LIB(hal_arm.o)
    0x00000220   0x00000204   Code   RO          234    .emb_text           RTX_ARM_L.LIB(hal_arm.o)
    0x00000424   0x000005bc   Code   RO            1    .text               pgm 2.o
    0x000009e0   0x00000004   Ven    RO           29    .text               rtx_config.o
    0x000009e4   0x00000028   Code   RO           29    .text               rtx_config.o
    0x00000a0c   0x0000010c   Code   RO           30    .text               rtx_config.o
    0x00000b18   0x00000020   Code   RO           65    .text               startup.o
    0x00000b38   0x0000000c   Code   RO          611    .text               c_t.l(libspace.o)
    0x00000b44   0x00000006   Code   RO          614    .text               c_t.l(heapauxi.o)
    0x00000b4a   0x00000002   PAD
    0x00000b4c   0x00000060   Code   RO          634    .text               c_t.l(sys_stackheap_outer.o)
    0x00000bac   0x0000000c   Code   RO          636    .text               c_t.l(exit.o)
    0x00000bb8   0x00000008   Ven    RO          700    .text               c_t.l(sys_exit.o)
    0x00000bc0   0x0000000c   Code   RO          700    .text               c_t.l(sys_exit.o)
    0x00000bcc   0x00000004   Code   RO          711    .text               c_t.l(use_no_semi.o)
    0x00000bd0   0x00000000   Code   RO          713    .text               c_t.l(indicate_semi.o)
    0x00000bd0   0x00000024   Code   RO          441    SWI_TABLE           RTX_ARM_L.LIB(swi_table.o)
    0x00000bf4   0x00000008   Ven    RO          786    Veneer$$Code        anon$$obj.o
    0x00000bfc   0x00000008   Ven    RO          787    Veneer$$Code        anon$$obj.o
    0x00000c04   0x00000034   Code   RO          235    i.__SWI_0           RTX_ARM_L.LIB(hal_arm.o)
    0x00000c38   0x0000000e   Code   RO          411    i.__SWI_1           RTX_ARM_L.LIB(rt_membox.o)
    0x00000c46   0x00000018   Code   RO          412    i.__SWI_2           RTX_ARM_L.LIB(rt_membox.o)
    0x00000c5e   0x00000008   Code   RO          236    i.__SWI_3           RTX_ARM_L.LIB(hal_arm.o)
    0x00000c66   0x00000008   Code   RO          237    i.__SWI_4           RTX_ARM_L.LIB(hal_arm.o)
    0x00000c6e   0x00000002   Code   RO          238    i.__SWI_6           RTX_ARM_L.LIB(hal_arm.o)
    0x00000c70   0x00000002   Code   RO          239    i.__SWI_7           RTX_ARM_L.LIB(hal_arm.o)
    0x00000c72   0x0000004a   Code   RO          414    i._init_box         RTX_ARM_L.LIB(rt_membox.o)
    0x00000cbc   0x00000048   Code   RO           71    i.os_block          RTX_ARM_L.LIB(rt_task.o)
    0x00000d04   0x0000007c   Code   RO          339    i.os_dec_dly        RTX_ARM_L.LIB(rt_list.o)
    0x00000d80   0x00000044   Code   RO           72    i.os_dispatch       RTX_ARM_L.LIB(rt_task.o)
    0x00000dc4   0x00000050   Code   RO          167    i.os_evt_psh        RTX_ARM_L.LIB(rt_event.o)
    0x00000e14   0x00000008   Ven    RO          168    i.os_evt_set        RTX_ARM_L.LIB(rt_event.o)
    0x00000e1c   0x00000064   Code   RO          168    i.os_evt_set        RTX_ARM_L.LIB(rt_event.o)
    0x00000e80   0x00000008   Ven    RO          169    i.os_evt_wait       RTX_ARM_L.LIB(rt_event.o)
    0x00000e88   0x00000060   Code   RO          169    i.os_evt_wait       RTX_ARM_L.LIB(rt_event.o)
    0x00000ee8   0x0000002a   Code   RO          340    i.os_get_first      RTX_ARM_L.LIB(rt_list.o)
    0x00000f12   0x00000002   PAD
    0x00000f14   0x0000004c   Code   RO           73    i.os_init_context   RTX_ARM_L.LIB(rt_task.o)
    0x00000f60   0x00000074   Code   RO          240    i.os_init_stack     RTX_ARM_L.LIB(hal_arm.o)
    0x00000fd4   0x00000090   Code   RO          481    i.os_mbx_psh        RTX_ARM_L.LIB(rt_mailbox.o)
    0x00001064   0x00000030   Code   RO          210    i.os_mut_init       RTX_ARM_L.LIB(rt_mutex.o)
    0x00001094   0x000000e4   Code   RO          211    i.os_mut_release    RTX_ARM_L.LIB(rt_mutex.o)
    0x00001178   0x00000084   Code   RO          212    i.os_mut_wait       RTX_ARM_L.LIB(rt_mutex.o)
    0x000011fc   0x00000050   Code   RO          343    i.os_put_dly        RTX_ARM_L.LIB(rt_list.o)
    0x0000124c   0x0000003e   Code   RO          344    i.os_put_prio       RTX_ARM_L.LIB(rt_list.o)
    0x0000128a   0x00000002   PAD
    0x0000128c   0x00000014   Code   RO          345    i.os_put_rdy_first  RTX_ARM_L.LIB(rt_list.o)
    0x000012a0   0x00000034   Code   RO          346    i.os_resort_prio    RTX_ARM_L.LIB(rt_list.o)
    0x000012d4   0x0000002c   Code   RO          347    i.os_rmv_dly        RTX_ARM_L.LIB(rt_list.o)
    0x00001300   0x00000034   Code   RO          348    i.os_rmv_list       RTX_ARM_L.LIB(rt_list.o)
    0x00001334   0x00000038   Code   RO          527    i.os_sem_psh        RTX_ARM_L.LIB(rt_semaphore.o)
    0x0000136c   0x00000030   Code   RO          241    i.os_stk_check      RTX_ARM_L.LIB(hal_arm.o)
    0x0000139c   0x000000e8   Code   RO           74    i.os_sys_init1      RTX_ARM_L.LIB(rt_task.o)
    0x00001484   0x000000cc   Code   RO          297    i.os_sys_manager    RTX_ARM_L.LIB(rt_system.o)
    0x00001550   0x00000044   Code   RO          563    i.os_tmr_tick       RTX_ARM_L.LIB(rt_timer.o)
    0x00001594   0x00000008   Ven    RO           75    i.os_tsk_create0    RTX_ARM_L.LIB(rt_task.o)
    0x0000159c   0x00000090   Code   RO           75    i.os_tsk_create0    RTX_ARM_L.LIB(rt_task.o)
    0x0000162c   0x00000008   Ven    RO           79    i.os_tsk_prio       RTX_ARM_L.LIB(rt_task.o)
    0x00001634   0x00000090   Code   RO           79    i.os_tsk_prio       RTX_ARM_L.LIB(rt_task.o)
    0x000016c4   0x00000008   Ven    RO           80    i.os_tsk_self       RTX_ARM_L.LIB(rt_task.o)
    0x000016cc   0x00000010   Code   RO           80    i.os_tsk_self       RTX_ARM_L.LIB(rt_task.o)
    0x000016dc   0x00000020   Data   RO           32    .constdata          rtx_config.o
    0x000016fc   0x00000004   Data   RO          298    .constdata          RTX_ARM_L.LIB(rt_system.o)
    0x00001700   0x00000020   Data   RO          767    Region$$Table       anon$$obj.o


    Execution Region RW_IRAM1 (Base: 0x40000000, Size: 0x00000c58, Max: 0x00008000, ABSOLUTE)

    Base Addr    Size         Type   Attr      Idx    E Section Name        Object

    0x40000000   0x00000054   Data   RW            3    .data               pgm 2.o
    0x40000054   0x00000008   Data   RW           33    .data               rtx_config.o
    0x4000005c   0x00000004   Data   RW           82    .data               RTX_ARM_L.LIB(rt_task.o)
    0x40000060   0x00000004   Data   RW          242    .data               RTX_ARM_L.LIB(hal_arm.o)
    0x40000064   0x00000001   Data   RW          243    .data               RTX_ARM_L.LIB(hal_arm.o)
    0x40000065   0x00000003   PAD
    0x40000068   0x00000008   Data   RW          299    .data               RTX_ARM_L.LIB(rt_system.o)
    0x40000070   0x00000004   Data   RW          448    .data               RTX_ARM_L.LIB(rt_time.o)
    0x40000074   0x00000008   Data   RW          564    .data               RTX_ARM_L.LIB(rt_timer.o)
    0x4000007c   0x00000019   Zero   RW            2    .bss                pgm 2.o
    0x40000095   0x00000003   PAD
    0x40000098   0x00000a44   Zero   RW           31    .bss                rtx_config.o
    0x40000adc   0x00000038   Zero   RW           81    .bss                RTX_ARM_L.LIB(rt_task.o)
    0x40000b14   0x00000030   Zero   RW          349    .bss                RTX_ARM_L.LIB(rt_list.o)
    0x40000b44   0x00000060   Zero   RW          612    .bss                c_t.l(libspace.o)
    0x40000ba4   0x00000004   PAD
    0x40000ba8   0x00000000   Zero   RW           63    HEAP                startup.o
    0x40000ba8   0x000000b0   Zero   RW           62    STACK               startup.o


==============================================================================

Image component sizes


      Code (inc. data)   RO Data    RW Data    ZI Data      Debug   Object Name

      1468         80          0         84         25       9823   pgm 2.o
       308         48         32          8       2628       9912   rtx_config.o
       300         60          0          0        176        668   startup.o

    ----------------------------------------------------------------------
      2096        188         64         92       2832      20403   Object Totals
        20          0         32          0          0          0   (incl. Generated)
         0          0          0          0          3          0   (incl. Padding)

    ----------------------------------------------------------------------

      Code (inc. data)   RO Data    RW Data    ZI Data      Debug   Library Member Name

       760         80          0          5          0       4387   hal_arm.o
       292         18          0          0          0       1968   rt_event.o
       476         28          0          0         48       4662   rt_list.o
       144          4          0          0          0        737   rt_mailbox.o
       112          0          0          0          0       1784   rt_membox.o
       408         18          0          0          0       2133   rt_mutex.o
        56          6          0          0          0        573   rt_semaphore.o
       204         20          4          8          0       1397   rt_system.o
       776        132          0          4         56       6878   rt_task.o
         0          0          0          4          0        178   rt_time.o
        68         10          0          8          0        695   rt_timer.o
        36         36          0          0          0        172   swi_table.o
         8          0          0          0          0         68   __main.o
        60          8          0          0          0          0   __scatter.o
        40          0          0          0          0          0   __scatter_copy.o
        44          0          0          0          0          0   __scatter_zi.o
        12          0          0          0          0         64   exit.o
         6          0          0          0          0        136   heapauxi.o
         0          0          0          0          0          0   indicate_semi.o
        10          0          0          0          0          0   libinit.o
        12          0          0          0          0          0   libinit2.o
        12          0          0          0          0          0   libshutdown.o
         6          0          0          0          0          0   libshutdown2.o
        12          4          0          0         96         68   libspace.o
         0          0          0          0          0          0   rtentry.o
        44          4          0          0          0          0   rtentry2.o
         8          0          0          0          0          0   rtentry4.o
         8          0          0          0          0          0   rtexit.o
        12          0          0          0          0          0   rtexit2.o
        20          4          0          0          0         60   sys_exit.o
        96          0          0          0          0         80   sys_stackheap_outer.o
         4          0          0          0          0         68   use_no_semi.o

    ----------------------------------------------------------------------
      3756        372          4         32        204      26108   Library Totals
        10          0          0          3          4          0   (incl. Padding)

    ----------------------------------------------------------------------

      Code (inc. data)   RO Data    RW Data    ZI Data      Debug   Library Name

      3332        352          4         29        104      25564   RTX_ARM_L.LIB
       414         20          0          0         96        544   c_t.l

    ----------------------------------------------------------------------
      3756        372          4         32        204      26108   Library Totals

    ----------------------------------------------------------------------

==============================================================================


      Code (inc. data)   RO Data    RW Data    ZI Data      Debug   

      5852        560         68        124       3036      44835   Grand Totals
      5852        560         68        124       3036      44835   ELF Image Totals
      5852        560         68        124          0          0   ROM Totals

==============================================================================

    Total RO  Size (Code + RO Data)                 5920 (   5.78kB)
    Total RW  Size (RW Data + ZI Data)              3160 (   3.09kB)
    Total ROM Size (Code + RO Data + RW Data)       6044 (   5.90kB)

==============================================================================

