<html>
<body>
<pre>
<h1>µVision Build Log</h1>
<h2>Project:</h2>
C:\Users\LEGION\Desktop\Project Junks\RTOS\RTOS ASSIGN TEAM 12\Team_12_ARM\Assignment-2\RoundRobin_Event\pgm 2.uvproj
Project File Date:  10/25/2022

<h2>Output:</h2>
Rebuild target 'Target 1'
compiling pgm 2.c...
pgm 2.c(231): warning:  #1-D: last line of file ends without a newline
  }
pgm 2.c: 1 warning, 0 errors
compiling RTX_Config.c...
assembling Startup.s...
linking...
Program Size: Code=5852 RO-data=68 RW-data=124 ZI-data=3036  
FromELF: creating hex file...
".\pgm 2.axf" - 0 Error(s), 1 Warning(s).
</pre>
</body>
</html>
