<html>
<body>
<pre>
<h1>µVision Build Log</h1>
<h2>Project:</h2>
C:\Users\LEGION\Desktop\Project Junks\RTOS\RTOS ASSIGN TEAM 12\Team_12_ARM\Assignment-6\Cortex Mailbox Internal ADC\RTX-Mailbox-INT-ADC5.uvproj
Project File Date:  12/13/2022

<h2>Output:</h2>
Rebuild target 'Target 1'
compiling RTX-Mailbox-INT-ADC5.c...
RTX-Mailbox-INT-ADC5.c(129): warning:  #1-D: last line of file ends without a newline
   *------------------------------------------------------------------------------------------------------------------------------------*/
RTX-Mailbox-INT-ADC5.c: 1 warning, 0 errors
compiling system_LPC17xx.c...
compiling RTX_Conf_CM.c...
assembling startup_LPC17xx.s...
linking...
Program Size: Code=8184 RO-data=276 RW-data=72 ZI-data=5376  
FromELF: creating hex file...
".\RTX-Mailbox-INT-ADC5.axf" - 0 Error(s), 1 Warning(s).
</pre>
</body>
</html>
