Product: MDK-ARM Lite 5.10
Component: ARM Compiler 5.04 update 1 (build 49)
Tool: armlink [5040049]

==============================================================================

Section Cross References

    rtx-mailbox-int-adc5.o(.text) refers to f2d.o(.text) for __aeabi_f2d
    rtx-mailbox-int-adc5.o(.text) refers to printfa.o(i.__0sprintf) for __2sprintf
    rtx-mailbox-int-adc5.o(.text) refers to hal_cm3.o(.emb_text) for _free_box
    rtx-mailbox-int-adc5.o(.text) refers to ffltui.o(.text) for __aeabi_ui2f
    rtx-mailbox-int-adc5.o(.text) refers to fmul.o(.text) for __aeabi_fmul
    rtx-mailbox-int-adc5.o(.text) refers to fdiv.o(.text) for __aeabi_fdiv
    rtx-mailbox-int-adc5.o(.text) refers to rt_membox.o(i._init_box) for _init_box
    rtx-mailbox-int-adc5.o(.text) refers to rtx-mailbox-int-adc5.o(.bss) for .bss
    rtx-mailbox-int-adc5.o(.text) refers to rtx-mailbox-int-adc5.o(.data) for .data
    rtx-mailbox-int-adc5.o(.text) refers to rt_mailbox.o(i.rt_mbx_wait) for rt_mbx_wait
    rtx-mailbox-int-adc5.o(.text) refers to rt_mailbox.o(i.rt_mbx_init) for rt_mbx_init
    rtx-mailbox-int-adc5.o(.text) refers to rt_mailbox.o(i.rt_mbx_send) for rt_mbx_send
    rtx-mailbox-int-adc5.o(.text) refers to rt_time.o(i.rt_dly_wait) for rt_dly_wait
    rtx-mailbox-int-adc5.o(.text) refers to rt_task.o(i.rt_tsk_create) for rt_tsk_create
    rtx-mailbox-int-adc5.o(.text) refers to rt_task.o(i.rt_tsk_delete) for rt_tsk_delete
    rtx-mailbox-int-adc5.o(.text) refers to rt_task.o(i.rt_sys_init) for rt_sys_init
    system_lpc17xx.o(.text) refers to uldiv.o(.text) for __aeabi_uldivmod
    system_lpc17xx.o(.text) refers to system_lpc17xx.o(.data) for .data
    startup_lpc17xx.o(RESET) refers to startup_lpc17xx.o(STACK) for __initial_sp
    startup_lpc17xx.o(RESET) refers to startup_lpc17xx.o(.text) for Reset_Handler
    startup_lpc17xx.o(RESET) refers to hal_cm3.o(.emb_text) for SVC_Handler
    startup_lpc17xx.o(.text) refers to system_lpc17xx.o(.text) for SystemInit
    startup_lpc17xx.o(.text) refers to entry.o(.ARM.Collect$$$$00000000) for __main
    rt_task.o(i.rt_block) refers to rt_list.o(i.rt_put_dly) for rt_put_dly
    rt_task.o(i.rt_block) refers to rt_list.o(i.rt_get_first) for rt_get_first
    rt_task.o(i.rt_block) refers to rt_task.o(i.rt_switch_req) for rt_switch_req
    rt_task.o(i.rt_block) refers to rt_task.o(.data) for .data
    rt_task.o(i.rt_block) refers to rt_list.o(.bss) for os_rdy
    rt_task.o(i.rt_dispatch) refers to rt_list.o(i.rt_put_rdy_first) for rt_put_rdy_first
    rt_task.o(i.rt_dispatch) refers to rt_task.o(i.rt_switch_req) for rt_switch_req
    rt_task.o(i.rt_dispatch) refers to rt_list.o(i.rt_get_first) for rt_get_first
    rt_task.o(i.rt_dispatch) refers to rt_list.o(i.rt_put_prio) for rt_put_prio
    rt_task.o(i.rt_dispatch) refers to rt_task.o(.data) for .data
    rt_task.o(i.rt_dispatch) refers to rt_list.o(.bss) for os_rdy
    rt_task.o(i.rt_init_context) refers to rt_membox.o(i.rt_alloc_box) for rt_alloc_box
    rt_task.o(i.rt_init_context) refers to hal_cm3.o(i.rt_init_stack) for rt_init_stack
    rt_task.o(i.rt_init_context) refers to rtx_conf_cm.o(.bss) for mp_stk
    rt_task.o(i.rt_switch_req) refers to hal_cm3.o(i.dbg_task_switch) for dbg_task_switch
    rt_task.o(i.rt_switch_req) refers to rt_task.o(.data) for .data
    rt_task.o(i.rt_switch_req) refers to hal_cm3.o(.data) for dbg_msg
    rt_task.o(i.rt_sys_init) refers to hal_cm3.o(i.dbg_init) for dbg_init
    rt_task.o(i.rt_sys_init) refers to rt_membox.o(i._init_box) for _init_box
    rt_task.o(i.rt_sys_init) refers to rt_task.o(i.rt_init_context) for rt_init_context
    rt_task.o(i.rt_sys_init) refers to hal_cm3.o(.emb_text) for rt_set_PSP
    rt_task.o(i.rt_sys_init) refers to rtx_conf_cm.o(.text) for rt_init_robin
    rt_task.o(i.rt_sys_init) refers to rt_system.o(i.os_tick_init) for os_tick_init
    rt_task.o(i.rt_sys_init) refers to rt_task.o(i.rt_tsk_create) for rt_tsk_create
    rt_task.o(i.rt_sys_init) refers to rtx_conf_cm.o(.bss) for os_active_TCB
    rt_task.o(i.rt_sys_init) refers to rtx_conf_cm.o(.constdata) for os_maxtaskrun
    rt_task.o(i.rt_sys_init) refers to rtx_conf_cm.o(.constdata) for mp_tcb_size
    rt_task.o(i.rt_sys_init) refers to rtx_conf_cm.o(.bss) for mp_tcb
    rt_task.o(i.rt_sys_init) refers to rtx_conf_cm.o(.constdata) for os_stackinfo
    rt_task.o(i.rt_sys_init) refers to rtx_conf_cm.o(.constdata) for mp_stk_size
    rt_task.o(i.rt_sys_init) refers to rtx_conf_cm.o(.bss) for mp_stk
    rt_task.o(i.rt_sys_init) refers to rtx_conf_cm.o(.constdata) for mp_tmr_size
    rt_task.o(i.rt_sys_init) refers to rtx_conf_cm.o(.data) for m_tmr
    rt_task.o(i.rt_sys_init) refers to rt_task.o(.bss) for .bss
    rt_task.o(i.rt_sys_init) refers to rt_list.o(.bss) for os_rdy
    rt_task.o(i.rt_sys_init) refers to rt_task.o(.data) for .data
    rt_task.o(i.rt_sys_init) refers to rtx_conf_cm.o(.bss) for os_fifo
    rt_task.o(i.rt_sys_init) refers to rtx_conf_cm.o(.constdata) for os_fifo_size
    rt_task.o(i.rt_sys_init) refers to rt_system.o(.data) for os_tick_irqn
    rt_task.o(i.rt_tsk_create) refers to rt_membox.o(i.rt_alloc_box) for rt_alloc_box
    rt_task.o(i.rt_tsk_create) refers to rt_task.o(i.rt_init_context) for rt_init_context
    rt_task.o(i.rt_tsk_create) refers to hal_cm3.o(i.dbg_task_notify) for dbg_task_notify
    rt_task.o(i.rt_tsk_create) refers to rt_task.o(i.rt_dispatch) for rt_dispatch
    rt_task.o(i.rt_tsk_create) refers to rtx_conf_cm.o(.bss) for mp_tcb
    rt_task.o(i.rt_tsk_create) refers to rtx_conf_cm.o(.bss) for os_active_TCB
    rt_task.o(i.rt_tsk_create) refers to rtx_conf_cm.o(.constdata) for os_maxtaskrun
    rt_task.o(i.rt_tsk_create) refers to hal_cm3.o(.data) for dbg_msg
    rt_task.o(i.rt_tsk_create) refers to rt_task.o(.data) for .data
    rt_task.o(i.rt_tsk_delete) refers to hal_cm3.o(.emb_text) for rt_get_PSP
    rt_task.o(i.rt_tsk_delete) refers to rt_system.o(i.rt_stk_check) for rt_stk_check
    rt_task.o(i.rt_tsk_delete) refers to rt_list.o(i.rt_get_first) for rt_get_first
    rt_task.o(i.rt_tsk_delete) refers to rt_list.o(i.rt_rmv_dly) for rt_rmv_dly
    rt_task.o(i.rt_tsk_delete) refers to rt_list.o(i.rt_put_prio) for rt_put_prio
    rt_task.o(i.rt_tsk_delete) refers to rt_membox.o(i.rt_free_box) for rt_free_box
    rt_task.o(i.rt_tsk_delete) refers to hal_cm3.o(i.dbg_task_notify) for dbg_task_notify
    rt_task.o(i.rt_tsk_delete) refers to rt_list.o(i.rt_rmv_list) for rt_rmv_list
    rt_task.o(i.rt_tsk_delete) refers to rt_task.o(i.rt_dispatch) for rt_dispatch
    rt_task.o(i.rt_tsk_delete) refers to hal_cm3.o(.data) for dbg_msg
    rt_task.o(i.rt_tsk_delete) refers to rtx_conf_cm.o(.bss) for os_active_TCB
    rt_task.o(i.rt_tsk_delete) refers to rt_task.o(.data) for .data
    rt_task.o(i.rt_tsk_delete) refers to rt_list.o(.bss) for os_rdy
    rt_task.o(i.rt_tsk_delete) refers to rtx_conf_cm.o(.bss) for mp_stk
    rt_task.o(i.rt_tsk_delete) refers to rtx_conf_cm.o(.bss) for mp_tcb
    rt_task.o(i.rt_tsk_delete) refers to rtx_conf_cm.o(.constdata) for os_maxtaskrun
    rt_task.o(i.rt_tsk_pass) refers to rt_list.o(i.rt_get_same_rdy_prio) for rt_get_same_rdy_prio
    rt_task.o(i.rt_tsk_pass) refers to rt_list.o(i.rt_put_prio) for rt_put_prio
    rt_task.o(i.rt_tsk_pass) refers to rt_task.o(i.rt_switch_req) for rt_switch_req
    rt_task.o(i.rt_tsk_pass) refers to rt_task.o(.data) for .data
    rt_task.o(i.rt_tsk_pass) refers to rt_list.o(.bss) for os_rdy
    rt_task.o(i.rt_tsk_prio) refers to rt_list.o(i.rt_put_prio) for rt_put_prio
    rt_task.o(i.rt_tsk_prio) refers to rt_list.o(i.rt_resort_prio) for rt_resort_prio
    rt_task.o(i.rt_tsk_prio) refers to rt_list.o(i.rt_get_first) for rt_get_first
    rt_task.o(i.rt_tsk_prio) refers to rt_task.o(i.rt_dispatch) for rt_dispatch
    rt_task.o(i.rt_tsk_prio) refers to rt_task.o(.data) for .data
    rt_task.o(i.rt_tsk_prio) refers to rtx_conf_cm.o(.constdata) for os_maxtaskrun
    rt_task.o(i.rt_tsk_prio) refers to rtx_conf_cm.o(.bss) for os_active_TCB
    rt_task.o(i.rt_tsk_prio) refers to rt_list.o(.bss) for os_rdy
    rt_task.o(i.rt_tsk_self) refers to rt_task.o(.data) for .data
    rt_mailbox.o(i.isr_mbx_receive) refers to rt_list.o(i.rt_psq_enq) for rt_psq_enq
    rt_mailbox.o(i.isr_mbx_receive) refers to rt_system.o(i.rt_psh_req) for rt_psh_req
    rt_mailbox.o(i.isr_mbx_send) refers to rt_list.o(i.rt_psq_enq) for rt_psq_enq
    rt_mailbox.o(i.isr_mbx_send) refers to rt_system.o(i.rt_psh_req) for rt_psh_req
    rt_mailbox.o(i.rt_mbx_psh) refers to rt_list.o(i.rt_get_first) for rt_get_first
    rt_mailbox.o(i.rt_mbx_psh) refers to rt_list.o(i.rt_rmv_dly) for rt_rmv_dly
    rt_mailbox.o(i.rt_mbx_psh) refers to rt_list.o(i.rt_put_prio) for rt_put_prio
    rt_mailbox.o(i.rt_mbx_psh) refers to rtx_conf_cm.o(.text) for os_error
    rt_mailbox.o(i.rt_mbx_psh) refers to rt_list.o(.bss) for os_rdy
    rt_mailbox.o(i.rt_mbx_send) refers to rt_list.o(i.rt_put_prio) for rt_put_prio
    rt_mailbox.o(i.rt_mbx_send) refers to rt_list.o(i.rt_get_first) for rt_get_first
    rt_mailbox.o(i.rt_mbx_send) refers to rt_list.o(i.rt_rmv_dly) for rt_rmv_dly
    rt_mailbox.o(i.rt_mbx_send) refers to rt_task.o(i.rt_dispatch) for rt_dispatch
    rt_mailbox.o(i.rt_mbx_send) refers to rt_task.o(i.rt_block) for rt_block
    rt_mailbox.o(i.rt_mbx_send) refers to rt_task.o(.data) for os_tsk
    rt_mailbox.o(i.rt_mbx_wait) refers to rt_list.o(i.rt_get_first) for rt_get_first
    rt_mailbox.o(i.rt_mbx_wait) refers to rt_list.o(i.rt_rmv_dly) for rt_rmv_dly
    rt_mailbox.o(i.rt_mbx_wait) refers to rt_task.o(i.rt_dispatch) for rt_dispatch
    rt_mailbox.o(i.rt_mbx_wait) refers to rt_list.o(i.rt_put_prio) for rt_put_prio
    rt_mailbox.o(i.rt_mbx_wait) refers to rt_task.o(i.rt_block) for rt_block
    rt_mailbox.o(i.rt_mbx_wait) refers to rt_task.o(.data) for os_tsk
    rt_time.o(i.rt_dly_wait) refers to rt_task.o(i.rt_block) for rt_block
    rt_time.o(i.rt_itv_set) refers to rt_task.o(.data) for os_tsk
    rt_time.o(i.rt_itv_set) refers to rt_time.o(.data) for .data
    rt_time.o(i.rt_itv_wait) refers to rt_task.o(i.rt_block) for rt_block
    rt_time.o(i.rt_itv_wait) refers to rt_task.o(.data) for os_tsk
    rt_time.o(i.rt_itv_wait) refers to rt_time.o(.data) for .data
    rt_time.o(i.rt_time_get) refers to rt_time.o(.data) for .data
    rt_membox.o(i._calloc_box) refers to hal_cm3.o(.emb_text) for _alloc_box
    hal_cm3.o(.emb_text) refers to rtx_conf_cm.o(.constdata) for os_flags
    hal_cm3.o(.emb_text) refers to rt_membox.o(i.rt_alloc_box) for rt_alloc_box
    hal_cm3.o(.emb_text) refers to rt_membox.o(i.rt_free_box) for rt_free_box
    hal_cm3.o(.emb_text) refers to rt_system.o(i.rt_stk_check) for rt_stk_check
    hal_cm3.o(.emb_text) refers to rt_task.o(.data) for os_tsk
    hal_cm3.o(.emb_text) refers to svc_table.o(SVC_TABLE) for SVC_Count
    hal_cm3.o(.emb_text) refers to rt_system.o(i.rt_pop_req) for rt_pop_req
    hal_cm3.o(.emb_text) refers to rt_system.o(i.rt_systick) for rt_systick
    hal_cm3.o(.emb_text) refers to rt_system.o(i.os_tick_irqack) for os_tick_irqack
    hal_cm3.o(i.dbg_init) refers to hal_cm3.o(.data) for .data
    hal_cm3.o(i.rt_init_stack) refers to rtx_conf_cm.o(.constdata) for os_stackinfo
    rt_system.o(i.os_tick_init) refers to rtx_conf_cm.o(.constdata) for os_trv
    rt_system.o(i.rt_pop_req) refers to rt_list.o(i.rt_put_rdy_first) for rt_put_rdy_first
    rt_system.o(i.rt_pop_req) refers to rt_semaphore.o(i.rt_sem_psh) for rt_sem_psh
    rt_system.o(i.rt_pop_req) refers to rt_list.o(i.rt_get_first) for rt_get_first
    rt_system.o(i.rt_pop_req) refers to rt_task.o(i.rt_switch_req) for rt_switch_req
    rt_system.o(i.rt_pop_req) refers to rt_event.o(i.rt_evt_psh) for rt_evt_psh
    rt_system.o(i.rt_pop_req) refers to rt_mailbox.o(i.rt_mbx_psh) for rt_mbx_psh
    rt_system.o(i.rt_pop_req) refers to rt_task.o(.data) for os_tsk
    rt_system.o(i.rt_pop_req) refers to rtx_conf_cm.o(.bss) for os_fifo
    rt_system.o(i.rt_pop_req) refers to rt_list.o(.bss) for os_rdy
    rt_system.o(i.rt_psh_req) refers to rt_system.o(.data) for .data
    rt_system.o(i.rt_resume) refers to rt_list.o(i.rt_put_rdy_first) for rt_put_rdy_first
    rt_system.o(i.rt_resume) refers to rt_list.o(i.rt_dec_dly) for rt_dec_dly
    rt_system.o(i.rt_resume) refers to rt_timer.o(i.rt_tmr_tick) for rt_tmr_tick
    rt_system.o(i.rt_resume) refers to rt_list.o(i.rt_get_first) for rt_get_first
    rt_system.o(i.rt_resume) refers to rt_task.o(i.rt_switch_req) for rt_switch_req
    rt_system.o(i.rt_resume) refers to rt_system.o(i.rt_tsk_unlock) for rt_tsk_unlock
    rt_system.o(i.rt_resume) refers to rt_task.o(.data) for os_tsk
    rt_system.o(i.rt_resume) refers to rt_robin.o(.data) for os_robin
    rt_system.o(i.rt_resume) refers to rt_list.o(.bss) for os_dly
    rt_system.o(i.rt_resume) refers to rt_time.o(.data) for os_time
    rt_system.o(i.rt_resume) refers to rt_timer.o(.data) for os_tmr
    rt_system.o(i.rt_stk_check) refers to rtx_conf_cm.o(.text) for os_error
    rt_system.o(i.rt_stk_check) refers to rt_task.o(.data) for os_tsk
    rt_system.o(i.rt_suspend) refers to rt_system.o(i.rt_tsk_lock) for rt_tsk_lock
    rt_system.o(i.rt_suspend) refers to rt_list.o(.bss) for os_dly
    rt_system.o(i.rt_suspend) refers to rt_timer.o(.data) for os_tmr
    rt_system.o(i.rt_systick) refers to rt_list.o(i.rt_put_rdy_first) for rt_put_rdy_first
    rt_system.o(i.rt_systick) refers to rtx_conf_cm.o(.text) for rt_chk_robin
    rt_system.o(i.rt_systick) refers to rt_list.o(i.rt_dec_dly) for rt_dec_dly
    rt_system.o(i.rt_systick) refers to rt_timer.o(i.rt_tmr_tick) for rt_tmr_tick
    rt_system.o(i.rt_systick) refers to rt_list.o(i.rt_get_first) for rt_get_first
    rt_system.o(i.rt_systick) refers to rt_task.o(i.rt_switch_req) for rt_switch_req
    rt_system.o(i.rt_systick) refers to rt_task.o(.data) for os_tsk
    rt_system.o(i.rt_systick) refers to rt_time.o(.data) for os_time
    rt_system.o(i.rt_systick) refers to rt_list.o(.bss) for os_rdy
    rt_system.o(i.rt_tsk_lock) refers to rt_system.o(.data) for .data
    rt_system.o(i.rt_tsk_unlock) refers to rt_system.o(.data) for .data
    rt_list.o(i.rt_dec_dly) refers to rt_list.o(i.rt_put_prio) for rt_put_prio
    rt_list.o(i.rt_dec_dly) refers to rt_list.o(.bss) for .bss
    rt_list.o(i.rt_dec_dly) refers to rt_time.o(.data) for os_time
    rt_list.o(i.rt_get_same_rdy_prio) refers to rt_list.o(.bss) for .bss
    rt_list.o(i.rt_get_same_rdy_prio) refers to rt_task.o(.data) for os_tsk
    rt_list.o(i.rt_psq_enq) refers to rtx_conf_cm.o(.text) for os_error
    rt_list.o(i.rt_psq_enq) refers to rtx_conf_cm.o(.bss) for os_fifo
    rt_list.o(i.rt_put_dly) refers to rt_list.o(.bss) for .bss
    rt_list.o(i.rt_put_rdy_first) refers to rt_list.o(.bss) for .bss
    rt_list.o(i.rt_resort_prio) refers to rt_list.o(i.rt_rmv_list) for rt_rmv_list
    rt_list.o(i.rt_resort_prio) refers to rt_list.o(i.rt_put_prio) for rt_put_prio
    rt_list.o(i.rt_resort_prio) refers to rt_list.o(.bss) for .bss
    rt_list.o(i.rt_rmv_list) refers to rt_list.o(.bss) for .bss
    rt_event.o(i.isr_evt_set) refers to rt_list.o(i.rt_psq_enq) for rt_psq_enq
    rt_event.o(i.isr_evt_set) refers to rt_system.o(i.rt_psh_req) for rt_psh_req
    rt_event.o(i.isr_evt_set) refers to rtx_conf_cm.o(.bss) for os_active_TCB
    rt_event.o(i.rt_evt_clr) refers to rtx_conf_cm.o(.bss) for os_active_TCB
    rt_event.o(i.rt_evt_get) refers to rt_task.o(.data) for os_tsk
    rt_event.o(i.rt_evt_psh) refers to rt_list.o(i.rt_rmv_dly) for rt_rmv_dly
    rt_event.o(i.rt_evt_psh) refers to rt_list.o(i.rt_put_prio) for rt_put_prio
    rt_event.o(i.rt_evt_psh) refers to rt_list.o(.bss) for os_rdy
    rt_event.o(i.rt_evt_set) refers to rt_list.o(i.rt_rmv_dly) for rt_rmv_dly
    rt_event.o(i.rt_evt_set) refers to rt_task.o(i.rt_dispatch) for rt_dispatch
    rt_event.o(i.rt_evt_set) refers to rtx_conf_cm.o(.bss) for os_active_TCB
    rt_event.o(i.rt_evt_wait) refers to rt_task.o(i.rt_block) for rt_block
    rt_event.o(i.rt_evt_wait) refers to rt_task.o(.data) for os_tsk
    rt_semaphore.o(i.isr_sem_send) refers to rt_list.o(i.rt_psq_enq) for rt_psq_enq
    rt_semaphore.o(i.isr_sem_send) refers to rt_system.o(i.rt_psh_req) for rt_psh_req
    rt_semaphore.o(i.rt_sem_psh) refers to rt_list.o(i.rt_get_first) for rt_get_first
    rt_semaphore.o(i.rt_sem_psh) refers to rt_list.o(i.rt_rmv_dly) for rt_rmv_dly
    rt_semaphore.o(i.rt_sem_psh) refers to rt_list.o(i.rt_put_prio) for rt_put_prio
    rt_semaphore.o(i.rt_sem_psh) refers to rt_list.o(.bss) for os_rdy
    rt_semaphore.o(i.rt_sem_send) refers to rt_list.o(i.rt_get_first) for rt_get_first
    rt_semaphore.o(i.rt_sem_send) refers to rt_list.o(i.rt_rmv_dly) for rt_rmv_dly
    rt_semaphore.o(i.rt_sem_send) refers to rt_task.o(i.rt_dispatch) for rt_dispatch
    rt_semaphore.o(i.rt_sem_send) refers to rt_task.o(.data) for os_tsk
    rt_semaphore.o(i.rt_sem_wait) refers to rt_list.o(i.rt_put_prio) for rt_put_prio
    rt_semaphore.o(i.rt_sem_wait) refers to rt_task.o(i.rt_block) for rt_block
    rt_semaphore.o(i.rt_sem_wait) refers to rt_task.o(.data) for os_tsk
    rt_timer.o(i.rt_tmr_create) refers to rt_membox.o(i.rt_alloc_box) for rt_alloc_box
    rt_timer.o(i.rt_tmr_create) refers to rtx_conf_cm.o(.data) for m_tmr
    rt_timer.o(i.rt_tmr_create) refers to rt_timer.o(.data) for .data
    rt_timer.o(i.rt_tmr_kill) refers to rt_membox.o(i.rt_free_box) for rt_free_box
    rt_timer.o(i.rt_tmr_kill) refers to rt_timer.o(.data) for .data
    rt_timer.o(i.rt_tmr_kill) refers to rtx_conf_cm.o(.data) for m_tmr
    rt_timer.o(i.rt_tmr_tick) refers to rtx_conf_cm.o(.text) for os_tmr_call
    rt_timer.o(i.rt_tmr_tick) refers to rt_membox.o(i.rt_free_box) for rt_free_box
    rt_timer.o(i.rt_tmr_tick) refers to rt_timer.o(.data) for .data
    rt_timer.o(i.rt_tmr_tick) refers to rtx_conf_cm.o(.data) for m_tmr
    rt_robin.o(i.rt_chk_robin) refers to rt_list.o(i.rt_get_first) for rt_get_first
    rt_robin.o(i.rt_chk_robin) refers to rt_list.o(i.rt_put_prio) for rt_put_prio
    rt_robin.o(i.rt_chk_robin) refers to rt_robin.o(.data) for .data
    rt_robin.o(i.rt_chk_robin) refers to rt_list.o(.bss) for os_rdy
    rt_robin.o(i.rt_chk_robin) refers to rt_time.o(.data) for os_time
    rt_robin.o(i.rt_init_robin) refers to rt_robin.o(.data) for .data
    rt_robin.o(i.rt_init_robin) refers to rtx_conf_cm.o(.constdata) for os_rrobin
    entry.o(.ARM.Collect$$$$00000000) refers (Special) to entry10a.o(.ARM.Collect$$$$0000000D) for __rt_final_cpp
    entry.o(.ARM.Collect$$$$00000000) refers (Special) to entry11a.o(.ARM.Collect$$$$0000000F) for __rt_final_exit
    entry.o(.ARM.Collect$$$$00000000) refers (Special) to entry7b.o(.ARM.Collect$$$$00000008) for _main_clock
    entry.o(.ARM.Collect$$$$00000000) refers (Special) to entry8b.o(.ARM.Collect$$$$0000000A) for _main_cpp_init
    entry.o(.ARM.Collect$$$$00000000) refers (Special) to entry9a.o(.ARM.Collect$$$$0000000B) for _main_init
    entry.o(.ARM.Collect$$$$00000000) refers (Special) to entry5.o(.ARM.Collect$$$$00000004) for _main_scatterload
    entry.o(.ARM.Collect$$$$00000000) refers (Special) to entry2.o(.ARM.Collect$$$$00000001) for _main_stk
    uldiv.o(.text) refers to llushr.o(.text) for __aeabi_llsr
    uldiv.o(.text) refers to llshl.o(.text) for __aeabi_llsl
    printfb.o(i.__0fprintf$bare) refers to printfb.o(i._printf_core) for _printf_core
    printfb.o(i.__0fprintf$bare) refers to fputc.o(i.fputc) for fputc
    printfb.o(i.__0printf$bare) refers to printfb.o(i._printf_core) for _printf_core
    printfb.o(i.__0printf$bare) refers to fputc.o(i.fputc) for fputc
    printfb.o(i.__0printf$bare) refers to stdout.o(.data) for __stdout
    printfb.o(i.__0snprintf$bare) refers to printfb.o(i._printf_core) for _printf_core
    printfb.o(i.__0snprintf$bare) refers to printfb.o(i._snputc) for _snputc
    printfb.o(i.__0sprintf$bare) refers to printfb.o(i._printf_core) for _printf_core
    printfb.o(i.__0sprintf$bare) refers to printfb.o(i._sputc) for _sputc
    printfb.o(i.__0vfprintf$bare) refers to printfb.o(i._printf_core) for _printf_core
    printfb.o(i.__0vfprintf$bare) refers to fputc.o(i.fputc) for fputc
    printfb.o(i.__0vprintf$bare) refers to printfb.o(i._printf_core) for _printf_core
    printfb.o(i.__0vprintf$bare) refers to fputc.o(i.fputc) for fputc
    printfb.o(i.__0vprintf$bare) refers to stdout.o(.data) for __stdout
    printfb.o(i.__0vsnprintf$bare) refers to printfb.o(i._printf_core) for _printf_core
    printfb.o(i.__0vsnprintf$bare) refers to printfb.o(i._snputc) for _snputc
    printfb.o(i.__0vsprintf$bare) refers to printfb.o(i._printf_core) for _printf_core
    printfb.o(i.__0vsprintf$bare) refers to printfb.o(i._sputc) for _sputc
    printf0.o(i.__0fprintf$0) refers to printf0.o(i._printf_core) for _printf_core
    printf0.o(i.__0fprintf$0) refers to fputc.o(i.fputc) for fputc
    printf0.o(i.__0printf$0) refers to printf0.o(i._printf_core) for _printf_core
    printf0.o(i.__0printf$0) refers to fputc.o(i.fputc) for fputc
    printf0.o(i.__0printf$0) refers to stdout.o(.data) for __stdout
    printf0.o(i.__0snprintf$0) refers to printf0.o(i._printf_core) for _printf_core
    printf0.o(i.__0snprintf$0) refers to printf0.o(i._snputc) for _snputc
    printf0.o(i.__0sprintf$0) refers to printf0.o(i._printf_core) for _printf_core
    printf0.o(i.__0sprintf$0) refers to printf0.o(i._sputc) for _sputc
    printf0.o(i.__0vfprintf$0) refers to printf0.o(i._printf_core) for _printf_core
    printf0.o(i.__0vfprintf$0) refers to fputc.o(i.fputc) for fputc
    printf0.o(i.__0vprintf$0) refers to printf0.o(i._printf_core) for _printf_core
    printf0.o(i.__0vprintf$0) refers to fputc.o(i.fputc) for fputc
    printf0.o(i.__0vprintf$0) refers to stdout.o(.data) for __stdout
    printf0.o(i.__0vsnprintf$0) refers to printf0.o(i._printf_core) for _printf_core
    printf0.o(i.__0vsnprintf$0) refers to printf0.o(i._snputc) for _snputc
    printf0.o(i.__0vsprintf$0) refers to printf0.o(i._printf_core) for _printf_core
    printf0.o(i.__0vsprintf$0) refers to printf0.o(i._sputc) for _sputc
    printf1.o(i.__0fprintf$1) refers to printf1.o(i._printf_core) for _printf_core
    printf1.o(i.__0fprintf$1) refers to fputc.o(i.fputc) for fputc
    printf1.o(i.__0printf$1) refers to printf1.o(i._printf_core) for _printf_core
    printf1.o(i.__0printf$1) refers to fputc.o(i.fputc) for fputc
    printf1.o(i.__0printf$1) refers to stdout.o(.data) for __stdout
    printf1.o(i.__0snprintf$1) refers to printf1.o(i._printf_core) for _printf_core
    printf1.o(i.__0snprintf$1) refers to printf1.o(i._snputc) for _snputc
    printf1.o(i.__0sprintf$1) refers to printf1.o(i._printf_core) for _printf_core
    printf1.o(i.__0sprintf$1) refers to printf1.o(i._sputc) for _sputc
    printf1.o(i.__0vfprintf$1) refers to printf1.o(i._printf_core) for _printf_core
    printf1.o(i.__0vfprintf$1) refers to fputc.o(i.fputc) for fputc
    printf1.o(i.__0vprintf$1) refers to printf1.o(i._printf_core) for _printf_core
    printf1.o(i.__0vprintf$1) refers to fputc.o(i.fputc) for fputc
    printf1.o(i.__0vprintf$1) refers to stdout.o(.data) for __stdout
    printf1.o(i.__0vsnprintf$1) refers to printf1.o(i._printf_core) for _printf_core
    printf1.o(i.__0vsnprintf$1) refers to printf1.o(i._snputc) for _snputc
    printf1.o(i.__0vsprintf$1) refers to printf1.o(i._printf_core) for _printf_core
    printf1.o(i.__0vsprintf$1) refers to printf1.o(i._sputc) for _sputc
    printf1.o(i._printf_core) refers to uidiv.o(.text) for __aeabi_uidivmod
    printf2.o(i.__0fprintf$2) refers to printf2.o(i._printf_core) for _printf_core
    printf2.o(i.__0fprintf$2) refers to fputc.o(i.fputc) for fputc
    printf2.o(i.__0printf$2) refers to printf2.o(i._printf_core) for _printf_core
    printf2.o(i.__0printf$2) refers to fputc.o(i.fputc) for fputc
    printf2.o(i.__0printf$2) refers to stdout.o(.data) for __stdout
    printf2.o(i.__0snprintf$2) refers to printf2.o(i._printf_core) for _printf_core
    printf2.o(i.__0snprintf$2) refers to printf2.o(i._snputc) for _snputc
    printf2.o(i.__0sprintf$2) refers to printf2.o(i._printf_core) for _printf_core
    printf2.o(i.__0sprintf$2) refers to printf2.o(i._sputc) for _sputc
    printf2.o(i.__0vfprintf$2) refers to printf2.o(i._printf_core) for _printf_core
    printf2.o(i.__0vfprintf$2) refers to fputc.o(i.fputc) for fputc
    printf2.o(i.__0vprintf$2) refers to printf2.o(i._printf_core) for _printf_core
    printf2.o(i.__0vprintf$2) refers to fputc.o(i.fputc) for fputc
    printf2.o(i.__0vprintf$2) refers to stdout.o(.data) for __stdout
    printf2.o(i.__0vsnprintf$2) refers to printf2.o(i._printf_core) for _printf_core
    printf2.o(i.__0vsnprintf$2) refers to printf2.o(i._snputc) for _snputc
    printf2.o(i.__0vsprintf$2) refers to printf2.o(i._printf_core) for _printf_core
    printf2.o(i.__0vsprintf$2) refers to printf2.o(i._sputc) for _sputc
    printf3.o(i.__0fprintf$3) refers to printf3.o(i._printf_core) for _printf_core
    printf3.o(i.__0fprintf$3) refers to fputc.o(i.fputc) for fputc
    printf3.o(i.__0printf$3) refers to printf3.o(i._printf_core) for _printf_core
    printf3.o(i.__0printf$3) refers to fputc.o(i.fputc) for fputc
    printf3.o(i.__0printf$3) refers to stdout.o(.data) for __stdout
    printf3.o(i.__0snprintf$3) refers to printf3.o(i._printf_core) for _printf_core
    printf3.o(i.__0snprintf$3) refers to printf3.o(i._snputc) for _snputc
    printf3.o(i.__0sprintf$3) refers to printf3.o(i._printf_core) for _printf_core
    printf3.o(i.__0sprintf$3) refers to printf3.o(i._sputc) for _sputc
    printf3.o(i.__0vfprintf$3) refers to printf3.o(i._printf_core) for _printf_core
    printf3.o(i.__0vfprintf$3) refers to fputc.o(i.fputc) for fputc
    printf3.o(i.__0vprintf$3) refers to printf3.o(i._printf_core) for _printf_core
    printf3.o(i.__0vprintf$3) refers to fputc.o(i.fputc) for fputc
    printf3.o(i.__0vprintf$3) refers to stdout.o(.data) for __stdout
    printf3.o(i.__0vsnprintf$3) refers to printf3.o(i._printf_core) for _printf_core
    printf3.o(i.__0vsnprintf$3) refers to printf3.o(i._snputc) for _snputc
    printf3.o(i.__0vsprintf$3) refers to printf3.o(i._printf_core) for _printf_core
    printf3.o(i.__0vsprintf$3) refers to printf3.o(i._sputc) for _sputc
    printf3.o(i._printf_core) refers to uidiv.o(.text) for __aeabi_uidivmod
    printf4.o(i.__0fprintf$4) refers to printf4.o(i._printf_core) for _printf_core
    printf4.o(i.__0fprintf$4) refers to fputc.o(i.fputc) for fputc
    printf4.o(i.__0printf$4) refers to printf4.o(i._printf_core) for _printf_core
    printf4.o(i.__0printf$4) refers to fputc.o(i.fputc) for fputc
    printf4.o(i.__0printf$4) refers to stdout.o(.data) for __stdout
    printf4.o(i.__0snprintf$4) refers to printf4.o(i._printf_core) for _printf_core
    printf4.o(i.__0snprintf$4) refers to printf4.o(i._snputc) for _snputc
    printf4.o(i.__0sprintf$4) refers to printf4.o(i._printf_core) for _printf_core
    printf4.o(i.__0sprintf$4) refers to printf4.o(i._sputc) for _sputc
    printf4.o(i.__0vfprintf$4) refers to printf4.o(i._printf_core) for _printf_core
    printf4.o(i.__0vfprintf$4) refers to fputc.o(i.fputc) for fputc
    printf4.o(i.__0vprintf$4) refers to printf4.o(i._printf_core) for _printf_core
    printf4.o(i.__0vprintf$4) refers to fputc.o(i.fputc) for fputc
    printf4.o(i.__0vprintf$4) refers to stdout.o(.data) for __stdout
    printf4.o(i.__0vsnprintf$4) refers to printf4.o(i._printf_core) for _printf_core
    printf4.o(i.__0vsnprintf$4) refers to printf4.o(i._snputc) for _snputc
    printf4.o(i.__0vsprintf$4) refers to printf4.o(i._printf_core) for _printf_core
    printf4.o(i.__0vsprintf$4) refers to printf4.o(i._sputc) for _sputc
    printf4.o(i._printf_core) refers to uldiv.o(.text) for __aeabi_uldivmod
    printf5.o(i.__0fprintf$5) refers to printf5.o(i._printf_core) for _printf_core
    printf5.o(i.__0fprintf$5) refers to fputc.o(i.fputc) for fputc
    printf5.o(i.__0printf$5) refers to printf5.o(i._printf_core) for _printf_core
    printf5.o(i.__0printf$5) refers to fputc.o(i.fputc) for fputc
    printf5.o(i.__0printf$5) refers to stdout.o(.data) for __stdout
    printf5.o(i.__0snprintf$5) refers to printf5.o(i._printf_core) for _printf_core
    printf5.o(i.__0snprintf$5) refers to printf5.o(i._snputc) for _snputc
    printf5.o(i.__0sprintf$5) refers to printf5.o(i._printf_core) for _printf_core
    printf5.o(i.__0sprintf$5) refers to printf5.o(i._sputc) for _sputc
    printf5.o(i.__0vfprintf$5) refers to printf5.o(i._printf_core) for _printf_core
    printf5.o(i.__0vfprintf$5) refers to fputc.o(i.fputc) for fputc
    printf5.o(i.__0vprintf$5) refers to printf5.o(i._printf_core) for _printf_core
    printf5.o(i.__0vprintf$5) refers to fputc.o(i.fputc) for fputc
    printf5.o(i.__0vprintf$5) refers to stdout.o(.data) for __stdout
    printf5.o(i.__0vsnprintf$5) refers to printf5.o(i._printf_core) for _printf_core
    printf5.o(i.__0vsnprintf$5) refers to printf5.o(i._snputc) for _snputc
    printf5.o(i.__0vsprintf$5) refers to printf5.o(i._printf_core) for _printf_core
    printf5.o(i.__0vsprintf$5) refers to printf5.o(i._sputc) for _sputc
    printf5.o(i._printf_core) refers to uldiv.o(.text) for __aeabi_uldivmod
    printf6.o(i.__0fprintf$6) refers to printf6.o(i._printf_core) for _printf_core
    printf6.o(i.__0fprintf$6) refers to fputc.o(i.fputc) for fputc
    printf6.o(i.__0printf$6) refers to printf6.o(i._printf_core) for _printf_core
    printf6.o(i.__0printf$6) refers to fputc.o(i.fputc) for fputc
    printf6.o(i.__0printf$6) refers to stdout.o(.data) for __stdout
    printf6.o(i.__0snprintf$6) refers to printf6.o(i._printf_core) for _printf_core
    printf6.o(i.__0snprintf$6) refers to printf6.o(i._snputc) for _snputc
    printf6.o(i.__0sprintf$6) refers to printf6.o(i._printf_core) for _printf_core
    printf6.o(i.__0sprintf$6) refers to printf6.o(i._sputc) for _sputc
    printf6.o(i.__0vfprintf$6) refers to printf6.o(i._printf_core) for _printf_core
    printf6.o(i.__0vfprintf$6) refers to fputc.o(i.fputc) for fputc
    printf6.o(i.__0vprintf$6) refers to printf6.o(i._printf_core) for _printf_core
    printf6.o(i.__0vprintf$6) refers to fputc.o(i.fputc) for fputc
    printf6.o(i.__0vprintf$6) refers to stdout.o(.data) for __stdout
    printf6.o(i.__0vsnprintf$6) refers to printf6.o(i._printf_core) for _printf_core
    printf6.o(i.__0vsnprintf$6) refers to printf6.o(i._snputc) for _snputc
    printf6.o(i.__0vsprintf$6) refers to printf6.o(i._printf_core) for _printf_core
    printf6.o(i.__0vsprintf$6) refers to printf6.o(i._sputc) for _sputc
    printf6.o(i._printf_core) refers to printf6.o(i._printf_pre_padding) for _printf_pre_padding
    printf6.o(i._printf_core) refers to uidiv.o(.text) for __aeabi_uidivmod
    printf6.o(i._printf_core) refers to printf6.o(i._printf_post_padding) for _printf_post_padding
    printf7.o(i.__0fprintf$7) refers to printf7.o(i._printf_core) for _printf_core
    printf7.o(i.__0fprintf$7) refers to fputc.o(i.fputc) for fputc
    printf7.o(i.__0printf$7) refers to printf7.o(i._printf_core) for _printf_core
    printf7.o(i.__0printf$7) refers to fputc.o(i.fputc) for fputc
    printf7.o(i.__0printf$7) refers to stdout.o(.data) for __stdout
    printf7.o(i.__0snprintf$7) refers to printf7.o(i._printf_core) for _printf_core
    printf7.o(i.__0snprintf$7) refers to printf7.o(i._snputc) for _snputc
    printf7.o(i.__0sprintf$7) refers to printf7.o(i._printf_core) for _printf_core
    printf7.o(i.__0sprintf$7) refers to printf7.o(i._sputc) for _sputc
    printf7.o(i.__0vfprintf$7) refers to printf7.o(i._printf_core) for _printf_core
    printf7.o(i.__0vfprintf$7) refers to fputc.o(i.fputc) for fputc
    printf7.o(i.__0vprintf$7) refers to printf7.o(i._printf_core) for _printf_core
    printf7.o(i.__0vprintf$7) refers to fputc.o(i.fputc) for fputc
    printf7.o(i.__0vprintf$7) refers to stdout.o(.data) for __stdout
    printf7.o(i.__0vsnprintf$7) refers to printf7.o(i._printf_core) for _printf_core
    printf7.o(i.__0vsnprintf$7) refers to printf7.o(i._snputc) for _snputc
    printf7.o(i.__0vsprintf$7) refers to printf7.o(i._printf_core) for _printf_core
    printf7.o(i.__0vsprintf$7) refers to printf7.o(i._sputc) for _sputc
    printf7.o(i._printf_core) refers to printf7.o(i._printf_pre_padding) for _printf_pre_padding
    printf7.o(i._printf_core) refers to uldiv.o(.text) for __aeabi_uldivmod
    printf7.o(i._printf_core) refers to printf7.o(i._printf_post_padding) for _printf_post_padding
    printf8.o(i.__0fprintf$8) refers to printf8.o(i._printf_core) for _printf_core
    printf8.o(i.__0fprintf$8) refers to fputc.o(i.fputc) for fputc
    printf8.o(i.__0printf$8) refers to printf8.o(i._printf_core) for _printf_core
    printf8.o(i.__0printf$8) refers to fputc.o(i.fputc) for fputc
    printf8.o(i.__0printf$8) refers to stdout.o(.data) for __stdout
    printf8.o(i.__0snprintf$8) refers to printf8.o(i._printf_core) for _printf_core
    printf8.o(i.__0snprintf$8) refers to printf8.o(i._snputc) for _snputc
    printf8.o(i.__0sprintf$8) refers to printf8.o(i._printf_core) for _printf_core
    printf8.o(i.__0sprintf$8) refers to printf8.o(i._sputc) for _sputc
    printf8.o(i.__0vfprintf$8) refers to printf8.o(i._printf_core) for _printf_core
    printf8.o(i.__0vfprintf$8) refers to fputc.o(i.fputc) for fputc
    printf8.o(i.__0vprintf$8) refers to printf8.o(i._printf_core) for _printf_core
    printf8.o(i.__0vprintf$8) refers to fputc.o(i.fputc) for fputc
    printf8.o(i.__0vprintf$8) refers to stdout.o(.data) for __stdout
    printf8.o(i.__0vsnprintf$8) refers to printf8.o(i._printf_core) for _printf_core
    printf8.o(i.__0vsnprintf$8) refers to printf8.o(i._snputc) for _snputc
    printf8.o(i.__0vsprintf$8) refers to printf8.o(i._printf_core) for _printf_core
    printf8.o(i.__0vsprintf$8) refers to printf8.o(i._sputc) for _sputc
    printf8.o(i._printf_core) refers to printf8.o(i._printf_pre_padding) for _printf_pre_padding
    printf8.o(i._printf_core) refers to uldiv.o(.text) for __aeabi_uldivmod
    printf8.o(i._printf_core) refers to printf8.o(i._printf_post_padding) for _printf_post_padding
    printfa.o(i.__0fprintf) refers (Special) to iusefp.o(.text) for __I$use$fp
    printfa.o(i.__0fprintf) refers to printfa.o(i._printf_core) for _printf_core
    printfa.o(i.__0fprintf) refers to fputc.o(i.fputc) for fputc
    printfa.o(i.__0printf) refers (Special) to iusefp.o(.text) for __I$use$fp
    printfa.o(i.__0printf) refers to printfa.o(i._printf_core) for _printf_core
    printfa.o(i.__0printf) refers to fputc.o(i.fputc) for fputc
    printfa.o(i.__0printf) refers to stdout.o(.data) for __stdout
    printfa.o(i.__0snprintf) refers (Special) to iusefp.o(.text) for __I$use$fp
    printfa.o(i.__0snprintf) refers to printfa.o(i._printf_core) for _printf_core
    printfa.o(i.__0snprintf) refers to printfa.o(i._snputc) for _snputc
    printfa.o(i.__0sprintf) refers (Special) to iusefp.o(.text) for __I$use$fp
    printfa.o(i.__0sprintf) refers to printfa.o(i._printf_core) for _printf_core
    printfa.o(i.__0sprintf) refers to printfa.o(i._sputc) for _sputc
    printfa.o(i.__0vfprintf) refers (Special) to iusefp.o(.text) for __I$use$fp
    printfa.o(i.__0vfprintf) refers to printfa.o(i._printf_core) for _printf_core
    printfa.o(i.__0vfprintf) refers to fputc.o(i.fputc) for fputc
    printfa.o(i.__0vprintf) refers (Special) to iusefp.o(.text) for __I$use$fp
    printfa.o(i.__0vprintf) refers to printfa.o(i._printf_core) for _printf_core
    printfa.o(i.__0vprintf) refers to fputc.o(i.fputc) for fputc
    printfa.o(i.__0vprintf) refers to stdout.o(.data) for __stdout
    printfa.o(i.__0vsnprintf) refers (Special) to iusefp.o(.text) for __I$use$fp
    printfa.o(i.__0vsnprintf) refers to printfa.o(i._printf_core) for _printf_core
    printfa.o(i.__0vsnprintf) refers to printfa.o(i._snputc) for _snputc
    printfa.o(i.__0vsprintf) refers (Special) to iusefp.o(.text) for __I$use$fp
    printfa.o(i.__0vsprintf) refers to printfa.o(i._printf_core) for _printf_core
    printfa.o(i.__0vsprintf) refers to printfa.o(i._sputc) for _sputc
    printfa.o(i._fp_digits) refers (Special) to iusefp.o(.text) for __I$use$fp
    printfa.o(i._fp_digits) refers to dmul.o(.text) for __aeabi_dmul
    printfa.o(i._fp_digits) refers to ddiv.o(.text) for __aeabi_ddiv
    printfa.o(i._fp_digits) refers to cdrcmple.o(.text) for __aeabi_cdrcmple
    printfa.o(i._fp_digits) refers to dadd.o(.text) for __aeabi_dadd
    printfa.o(i._fp_digits) refers to dfixul.o(.text) for __aeabi_d2ulz
    printfa.o(i._fp_digits) refers to uldiv.o(.text) for __aeabi_uldivmod
    printfa.o(i._printf_core) refers (Special) to iusefp.o(.text) for __I$use$fp
    printfa.o(i._printf_core) refers to printfa.o(i._printf_pre_padding) for _printf_pre_padding
    printfa.o(i._printf_core) refers to uldiv.o(.text) for __aeabi_uldivmod
    printfa.o(i._printf_core) refers to printfa.o(i._printf_post_padding) for _printf_post_padding
    printfa.o(i._printf_core) refers to printfa.o(i._fp_digits) for _fp_digits
    printfa.o(i._printf_core) refers to uidiv.o(.text) for __aeabi_uidivmod
    printfa.o(i._printf_post_padding) refers (Special) to iusefp.o(.text) for __I$use$fp
    printfa.o(i._printf_pre_padding) refers (Special) to iusefp.o(.text) for __I$use$fp
    printfa.o(i._snputc) refers (Special) to iusefp.o(.text) for __I$use$fp
    printfa.o(i._sputc) refers (Special) to iusefp.o(.text) for __I$use$fp
    fmul.o(.text) refers (Special) to iusefp.o(.text) for __I$use$fp
    fdiv.o(.text) refers (Special) to iusefp.o(.text) for __I$use$fp
    fdiv.o(.text) refers to fepilogue.o(.text) for _float_round
    ffltui.o(.text) refers (Special) to iusefp.o(.text) for __I$use$fp
    ffltui.o(.text) refers to fepilogue.o(.text) for _float_epilogue
    f2d.o(.text) refers (Special) to iusefp.o(.text) for __I$use$fp
    entry2.o(.ARM.Collect$$$$00000001) refers to entry2.o(.ARM.Collect$$$$00002712) for __lit__00000000
    entry2.o(.ARM.Collect$$$$00002712) refers to startup_lpc17xx.o(STACK) for __initial_sp
    entry2.o(__vectab_stack_and_reset_area) refers to startup_lpc17xx.o(STACK) for __initial_sp
    entry2.o(__vectab_stack_and_reset_area) refers to entry.o(.ARM.Collect$$$$00000000) for __main
    entry5.o(.ARM.Collect$$$$00000004) refers to init.o(.text) for __scatterload
    entry9a.o(.ARM.Collect$$$$0000000B) refers to rtx-mailbox-int-adc5.o(.text) for main
    entry9b.o(.ARM.Collect$$$$0000000C) refers to rtx-mailbox-int-adc5.o(.text) for main
    fputc.o(i.fputc) refers (Special) to iusesemip.o(.text) for __I$use$semihosting$fputc
    fputc.o(i.fputc) refers (Special) to semi.o(.text) for __semihosting_library_function
    dadd.o(.text) refers to llshl.o(.text) for __aeabi_llsl
    dadd.o(.text) refers to llsshr.o(.text) for __aeabi_lasr
    dadd.o(.text) refers to depilogue.o(.text) for _double_epilogue
    dmul.o(.text) refers to depilogue.o(.text) for _double_epilogue
    ddiv.o(.text) refers to depilogue.o(.text) for _double_round
    dfixul.o(.text) refers to llushr.o(.text) for __aeabi_llsr
    dfixul.o(.text) refers to llshl.o(.text) for __aeabi_llsl
    init.o(.text) refers to entry5.o(.ARM.Collect$$$$00000004) for __main_after_scatterload
    depilogue.o(.text) refers to llshl.o(.text) for __aeabi_llsl
    depilogue.o(.text) refers to llushr.o(.text) for __aeabi_llsr


==============================================================================

Removing Unused input sections from the image.

    Removing rtx-mailbox-int-adc5.o(.rev16_text), (4 bytes).
    Removing rtx-mailbox-int-adc5.o(.revsh_text), (4 bytes).
    Removing rtx-mailbox-int-adc5.o(.data), (4 bytes).
    Removing system_lpc17xx.o(.rev16_text), (4 bytes).
    Removing system_lpc17xx.o(.revsh_text), (4 bytes).
    Removing rtx_conf_cm.o(.constdata), (4 bytes).
    Removing startup_lpc17xx.o(HEAP), (0 bytes).
    Removing rt_task.o(i.rt_tsk_pass), (48 bytes).
    Removing rt_task.o(i.rt_tsk_prio), (140 bytes).
    Removing rt_task.o(i.rt_tsk_self), (16 bytes).
    Removing rt_mailbox.o(i.isr_mbx_receive), (86 bytes).
    Removing rt_mailbox.o(i.isr_mbx_send), (14 bytes).
    Removing rt_mailbox.o(i.rt_mbx_check), (8 bytes).
    Removing rt_time.o(i.rt_itv_set), (24 bytes).
    Removing rt_time.o(i.rt_itv_wait), (40 bytes).
    Removing rt_time.o(i.rt_time_get), (12 bytes).
    Removing rt_membox.o(i._calloc_box), (30 bytes).
    Removing rt_system.o(.emb_text), (0 bytes).
    Removing rt_system.o(i.rt_psh_req), (32 bytes).
    Removing rt_system.o(i.rt_resume), (176 bytes).
    Removing rt_system.o(i.rt_suspend), (44 bytes).
    Removing rt_system.o(i.rt_tsk_lock), (80 bytes).
    Removing rt_system.o(i.rt_tsk_unlock), (80 bytes).
    Removing rt_list.o(i.rt_get_same_rdy_prio), (36 bytes).
    Removing rt_list.o(i.rt_psq_enq), (92 bytes).
    Removing rt_list.o(i.rt_resort_prio), (52 bytes).
    Removing rt_event.o(i.isr_evt_set), (40 bytes).
    Removing rt_event.o(i.rt_evt_clr), (28 bytes).
    Removing rt_event.o(i.rt_evt_get), (12 bytes).
    Removing rt_event.o(i.rt_evt_set), (96 bytes).
    Removing rt_event.o(i.rt_evt_wait), (60 bytes).
    Removing rt_semaphore.o(i.isr_sem_send), (16 bytes).
    Removing rt_semaphore.o(i.rt_sem_init), (12 bytes).
    Removing rt_semaphore.o(i.rt_sem_send), (56 bytes).
    Removing rt_semaphore.o(i.rt_sem_wait), (64 bytes).
    Removing rt_timer.o(i.rt_tmr_create), (80 bytes).
    Removing rt_timer.o(i.rt_tmr_kill), (52 bytes).
    Removing rt_robin.o(i.rt_chk_robin), (72 bytes).
    Removing rt_robin.o(i.rt_init_robin), (24 bytes).
    Removing rt_robin.o(.data), (8 bytes).

40 unused section(s) (total 1654 bytes) removed from the image.

==============================================================================

Image Symbol Table

    Local Symbols

    Symbol Name                              Value     Ov Type        Size  Object(Section)

    RESET                                    0x00000000   Section      204  startup_lpc17xx.o(RESET)
    ../clib/microlib/division.c              0x00000000   Number         0  uidiv.o ABSOLUTE
    ../clib/microlib/division.c              0x00000000   Number         0  uldiv.o ABSOLUTE
    ../clib/microlib/init/entry.s            0x00000000   Number         0  entry2.o ABSOLUTE
    ../clib/microlib/init/entry.s            0x00000000   Number         0  entry11b.o ABSOLUTE
    ../clib/microlib/init/entry.s            0x00000000   Number         0  entry7b.o ABSOLUTE
    ../clib/microlib/init/entry.s            0x00000000   Number         0  entry.o ABSOLUTE
    ../clib/microlib/init/entry.s            0x00000000   Number         0  entry8a.o ABSOLUTE
    ../clib/microlib/init/entry.s            0x00000000   Number         0  entry9a.o ABSOLUTE
    ../clib/microlib/init/entry.s            0x00000000   Number         0  entry7a.o ABSOLUTE
    ../clib/microlib/init/entry.s            0x00000000   Number         0  entry11a.o ABSOLUTE
    ../clib/microlib/init/entry.s            0x00000000   Number         0  entry8b.o ABSOLUTE
    ../clib/microlib/init/entry.s            0x00000000   Number         0  entry9b.o ABSOLUTE
    ../clib/microlib/init/entry.s            0x00000000   Number         0  entry5.o ABSOLUTE
    ../clib/microlib/init/entry.s            0x00000000   Number         0  entry10b.o ABSOLUTE
    ../clib/microlib/init/entry.s            0x00000000   Number         0  entry10a.o ABSOLUTE
    ../clib/microlib/longlong.c              0x00000000   Number         0  llushr.o ABSOLUTE
    ../clib/microlib/longlong.c              0x00000000   Number         0  llshl.o ABSOLUTE
    ../clib/microlib/longlong.c              0x00000000   Number         0  llsshr.o ABSOLUTE
    ../clib/microlib/printf/printf.c         0x00000000   Number         0  printf3.o ABSOLUTE
    ../clib/microlib/printf/printf.c         0x00000000   Number         0  printf5.o ABSOLUTE
    ../clib/microlib/printf/printf.c         0x00000000   Number         0  printf4.o ABSOLUTE
    ../clib/microlib/printf/printf.c         0x00000000   Number         0  printfb.o ABSOLUTE
    ../clib/microlib/printf/printf.c         0x00000000   Number         0  printfa.o ABSOLUTE
    ../clib/microlib/printf/printf.c         0x00000000   Number         0  printf2.o ABSOLUTE
    ../clib/microlib/printf/printf.c         0x00000000   Number         0  printf1.o ABSOLUTE
    ../clib/microlib/printf/printf.c         0x00000000   Number         0  printf6.o ABSOLUTE
    ../clib/microlib/printf/printf.c         0x00000000   Number         0  printf0.o ABSOLUTE
    ../clib/microlib/printf/printf.c         0x00000000   Number         0  printf7.o ABSOLUTE
    ../clib/microlib/printf/printf.c         0x00000000   Number         0  printf8.o ABSOLUTE
    ../clib/microlib/printf/stubs.s          0x00000000   Number         0  stubs.o ABSOLUTE
    ../clib/microlib/stdio/fputc.c           0x00000000   Number         0  fputc.o ABSOLUTE
    ../clib/microlib/stdio/semi.s            0x00000000   Number         0  semi.o ABSOLUTE
    ../clib/microlib/stdio/streams.c         0x00000000   Number         0  stdout.o ABSOLUTE
    ../clib/microlib/stubs.s                 0x00000000   Number         0  iusefp.o ABSOLUTE
    ../clib/microlib/stubs.s                 0x00000000   Number         0  iusesemip.o ABSOLUTE
    ../fplib/microlib/f2d.c                  0x00000000   Number         0  f2d.o ABSOLUTE
    ../fplib/microlib/fpadd.c                0x00000000   Number         0  dadd.o ABSOLUTE
    ../fplib/microlib/fpdiv.c                0x00000000   Number         0  ddiv.o ABSOLUTE
    ../fplib/microlib/fpdiv.c                0x00000000   Number         0  fdiv.o ABSOLUTE
    ../fplib/microlib/fpepilogue.c           0x00000000   Number         0  fepilogue.o ABSOLUTE
    ../fplib/microlib/fpepilogue.c           0x00000000   Number         0  depilogue.o ABSOLUTE
    ../fplib/microlib/fpfix.c                0x00000000   Number         0  dfixul.o ABSOLUTE
    ../fplib/microlib/fpflt.c                0x00000000   Number         0  ffltui.o ABSOLUTE
    ../fplib/microlib/fpmul.c                0x00000000   Number         0  fmul.o ABSOLUTE
    ../fplib/microlib/fpmul.c                0x00000000   Number         0  dmul.o ABSOLUTE
    RTX-Mailbox-INT-ADC5.c                   0x00000000   Number         0  rtx-mailbox-int-adc5.o ABSOLUTE
    RTX-Mailbox-INT-ADC5.c                   0x00000000   Number         0  rtx-mailbox-int-adc5.o ABSOLUTE
    RTX_Conf_CM.c                            0x00000000   Number         0  rtx_conf_cm.o ABSOLUTE
    SRC\CM\HAL_CM3.c                         0x00000000   Number         0  hal_cm3.o ABSOLUTE
    SRC\CM\SVC_Table.s                       0x00000000   Number         0  svc_table.o ABSOLUTE
    SRC\CM\rt_Event.c                        0x00000000   Number         0  rt_event.o ABSOLUTE
    SRC\CM\rt_List.c                         0x00000000   Number         0  rt_list.o ABSOLUTE
    SRC\CM\rt_Mailbox.c                      0x00000000   Number         0  rt_mailbox.o ABSOLUTE
    SRC\CM\rt_MemBox.c                       0x00000000   Number         0  rt_membox.o ABSOLUTE
    SRC\CM\rt_Robin.c                        0x00000000   Number         0  rt_robin.o ABSOLUTE
    SRC\CM\rt_Semaphore.c                    0x00000000   Number         0  rt_semaphore.o ABSOLUTE
    SRC\CM\rt_System.c                       0x00000000   Number         0  rt_system.o ABSOLUTE
    SRC\CM\rt_Task.c                         0x00000000   Number         0  rt_task.o ABSOLUTE
    SRC\CM\rt_Time.c                         0x00000000   Number         0  rt_time.o ABSOLUTE
    SRC\CM\rt_Timer.c                        0x00000000   Number         0  rt_timer.o ABSOLUTE
    SRC\\CM\\HAL_CM3.c                       0x00000000   Number         0  hal_cm3.o ABSOLUTE
    SRC\\CM\\rt_System.c                     0x00000000   Number         0  rt_system.o ABSOLUTE
    cdrcmple.s                               0x00000000   Number         0  cdrcmple.o ABSOLUTE
    dc.s                                     0x00000000   Number         0  dc.o ABSOLUTE
    handlers.s                               0x00000000   Number         0  handlers.o ABSOLUTE
    init.s                                   0x00000000   Number         0  init.o ABSOLUTE
    startup_LPC17xx.s                        0x00000000   Number         0  startup_lpc17xx.o ABSOLUTE
    system_LPC17xx.c                         0x00000000   Number         0  system_lpc17xx.o ABSOLUTE
    system_LPC17xx.c                         0x00000000   Number         0  system_lpc17xx.o ABSOLUTE
    .ARM.Collect$$$$00000000                 0x000000cc   Section        0  entry.o(.ARM.Collect$$$$00000000)
    .ARM.Collect$$$$00000001                 0x000000cc   Section        4  entry2.o(.ARM.Collect$$$$00000001)
    .ARM.Collect$$$$00000004                 0x000000d0   Section        4  entry5.o(.ARM.Collect$$$$00000004)
    .ARM.Collect$$$$00000008                 0x000000d4   Section        0  entry7b.o(.ARM.Collect$$$$00000008)
    .ARM.Collect$$$$0000000A                 0x000000d4   Section        0  entry8b.o(.ARM.Collect$$$$0000000A)
    .ARM.Collect$$$$0000000B                 0x000000d4   Section        8  entry9a.o(.ARM.Collect$$$$0000000B)
    .ARM.Collect$$$$0000000D                 0x000000dc   Section        0  entry10a.o(.ARM.Collect$$$$0000000D)
    .ARM.Collect$$$$0000000F                 0x000000dc   Section        0  entry11a.o(.ARM.Collect$$$$0000000F)
    .ARM.Collect$$$$00002712                 0x000000dc   Section        4  entry2.o(.ARM.Collect$$$$00002712)
    __lit__00000000                          0x000000dc   Data           4  entry2.o(.ARM.Collect$$$$00002712)
    .emb_text                                0x000000e0   Section      340  hal_cm3.o(.emb_text)
    .text                                    0x00000234   Section        0  rtx_conf_cm.o(.text)
    .text                                    0x00000240   Section       36  startup_lpc17xx.o(.text)
    .text                                    0x00000264   Section        0  uldiv.o(.text)
    .text                                    0x000002c6   Section        0  ffltui.o(.text)
    .text                                    0x000002d0   Section        0  f2d.o(.text)
    .text                                    0x000002f6   Section        0  iusefp.o(.text)
    SVC_TABLE                                0x000002f8   Section        4  svc_table.o(SVC_TABLE)
    .ARM.__at_0x02FC                         0x000002fc   Section        4  startup_lpc17xx.o(.ARM.__at_0x02FC)
    .text                                    0x00000300   Section        0  rtx-mailbox-int-adc5.o(.text)
    .text                                    0x00000510   Section        0  system_lpc17xx.o(.text)
    .text                                    0x000006a8   Section        0  fmul.o(.text)
    .text                                    0x0000070c   Section        0  fdiv.o(.text)
    .text                                    0x00000788   Section        0  uidiv.o(.text)
    .text                                    0x000007b4   Section        0  llshl.o(.text)
    .text                                    0x000007d2   Section        0  llushr.o(.text)
    .text                                    0x000007f2   Section        0  fepilogue.o(.text)
    .text                                    0x00000860   Section        0  dadd.o(.text)
    .text                                    0x000009ae   Section        0  dmul.o(.text)
    .text                                    0x00000a92   Section        0  ddiv.o(.text)
    .text                                    0x00000b70   Section        0  dfixul.o(.text)
    .text                                    0x00000ba0   Section       40  cdrcmple.o(.text)
    .text                                    0x00000bc8   Section       36  init.o(.text)
    .text                                    0x00000bec   Section        0  llsshr.o(.text)
    .text                                    0x00000c10   Section        0  depilogue.o(.text)
    i.__0sprintf                             0x00000cc8   Section        0  printfa.o(i.__0sprintf)
    i.__scatterload_copy                     0x00000cf0   Section       14  handlers.o(i.__scatterload_copy)
    i.__scatterload_null                     0x00000cfe   Section        2  handlers.o(i.__scatterload_null)
    i.__scatterload_zeroinit                 0x00000d00   Section       14  handlers.o(i.__scatterload_zeroinit)
    i._fp_digits                             0x00000d10   Section        0  printfa.o(i._fp_digits)
    _fp_digits                               0x00000d11   Thumb Code   334  printfa.o(i._fp_digits)
    i._init_box                              0x00000e74   Section        0  rt_membox.o(i._init_box)
    i._printf_core                           0x00000ebc   Section        0  printfa.o(i._printf_core)
    _printf_core                             0x00000ebd   Thumb Code  1744  printfa.o(i._printf_core)
    i._printf_post_padding                   0x00001598   Section        0  printfa.o(i._printf_post_padding)
    _printf_post_padding                     0x00001599   Thumb Code    36  printfa.o(i._printf_post_padding)
    i._printf_pre_padding                    0x000015bc   Section        0  printfa.o(i._printf_pre_padding)
    _printf_pre_padding                      0x000015bd   Thumb Code    46  printfa.o(i._printf_pre_padding)
    i._sputc                                 0x000015ea   Section        0  printfa.o(i._sputc)
    _sputc                                   0x000015eb   Thumb Code    10  printfa.o(i._sputc)
    i.dbg_init                               0x000015f4   Section        0  hal_cm3.o(i.dbg_init)
    i.dbg_task_notify                        0x00001624   Section        0  hal_cm3.o(i.dbg_task_notify)
    i.dbg_task_switch                        0x00001644   Section        0  hal_cm3.o(i.dbg_task_switch)
    i.os_tick_init                           0x00001654   Section        0  rt_system.o(i.os_tick_init)
    i.os_tick_irqack                         0x0000167c   Section        0  rt_system.o(i.os_tick_irqack)
    i.rt_alloc_box                           0x0000167e   Section        0  rt_membox.o(i.rt_alloc_box)
    i.rt_block                               0x00001698   Section        0  rt_task.o(i.rt_block)
    i.rt_dec_dly                             0x000016d0   Section        0  rt_list.o(i.rt_dec_dly)
    i.rt_dispatch                            0x00001744   Section        0  rt_task.o(i.rt_dispatch)
    i.rt_dly_wait                            0x00001788   Section        0  rt_time.o(i.rt_dly_wait)
    i.rt_evt_psh                             0x00001790   Section        0  rt_event.o(i.rt_evt_psh)
    i.rt_free_box                            0x000017dc   Section        0  rt_membox.o(i.rt_free_box)
    i.rt_get_first                           0x000017fc   Section        0  rt_list.o(i.rt_get_first)
    i.rt_init_context                        0x00001824   Section        0  rt_task.o(i.rt_init_context)
    rt_init_context                          0x00001825   Thumb Code    70  rt_task.o(i.rt_init_context)
    i.rt_init_stack                          0x00001870   Section        0  hal_cm3.o(i.rt_init_stack)
    i.rt_mbx_init                            0x000018c0   Section        0  rt_mailbox.o(i.rt_mbx_init)
    i.rt_mbx_psh                             0x000018d8   Section        0  rt_mailbox.o(i.rt_mbx_psh)
    i.rt_mbx_send                            0x000019ac   Section        0  rt_mailbox.o(i.rt_mbx_send)
    i.rt_mbx_wait                            0x00001a50   Section        0  rt_mailbox.o(i.rt_mbx_wait)
    i.rt_pop_req                             0x00001b0c   Section        0  rt_system.o(i.rt_pop_req)
    i.rt_put_dly                             0x00001b88   Section        0  rt_list.o(i.rt_put_dly)
    i.rt_put_prio                            0x00001bd0   Section        0  rt_list.o(i.rt_put_prio)
    i.rt_put_rdy_first                       0x00001c08   Section        0  rt_list.o(i.rt_put_rdy_first)
    i.rt_rmv_dly                             0x00001c1c   Section        0  rt_list.o(i.rt_rmv_dly)
    i.rt_rmv_list                            0x00001c44   Section        0  rt_list.o(i.rt_rmv_list)
    i.rt_sem_psh                             0x00001c74   Section        0  rt_semaphore.o(i.rt_sem_psh)
    i.rt_stk_check                           0x00001ca8   Section        0  rt_system.o(i.rt_stk_check)
    i.rt_switch_req                          0x00001ccc   Section        0  rt_task.o(i.rt_switch_req)
    i.rt_sys_init                            0x00001cf4   Section        0  rt_task.o(i.rt_sys_init)
    i.rt_systick                             0x00001e48   Section        0  rt_system.o(i.rt_systick)
    i.rt_tmr_tick                            0x00001e88   Section        0  rt_timer.o(i.rt_tmr_tick)
    i.rt_tsk_create                          0x00001ec8   Section        0  rt_task.o(i.rt_tsk_create)
    i.rt_tsk_delete                          0x00001f58   Section        0  rt_task.o(i.rt_tsk_delete)
    .constdata                               0x000020c4   Section        2  rtx_conf_cm.o(.constdata)
    .constdata                               0x000020c8   Section        4  rtx_conf_cm.o(.constdata)
    .constdata                               0x000020cc   Section        4  rtx_conf_cm.o(.constdata)
    .constdata                               0x000020d0   Section        1  rtx_conf_cm.o(.constdata)
    .constdata                               0x000020d4   Section        8  rtx_conf_cm.o(.constdata)
    __tagsym$$used                           0x000020d4   Number         0  rtx_conf_cm.o(.constdata)
    __tagsym$$used                           0x000020d8   Number         0  rtx_conf_cm.o(.constdata)
    .constdata                               0x000020dc   Section        2  rtx_conf_cm.o(.constdata)
    .constdata                               0x000020e0   Section        4  rtx_conf_cm.o(.constdata)
    .constdata                               0x000020e4   Section        1  rtx_conf_cm.o(.constdata)
    .constdata                               0x000020e6   Section        2  rtx_conf_cm.o(.constdata)
    .constdata                               0x000020e8   Section        4  rt_system.o(.constdata)
    __tagsym$$used                           0x000020e8   Number         0  rt_system.o(.constdata)
    .data                                    0x10000000   Section       32  rtx-mailbox-int-adc5.o(.data)
    .data                                    0x10000020   Section        4  system_lpc17xx.o(.data)
    .data                                    0x10000024   Section        4  rtx_conf_cm.o(.data)
    .data                                    0x10000028   Section        8  rt_task.o(.data)
    .data                                    0x10000030   Section        4  rt_time.o(.data)
    .data                                    0x10000034   Section        1  hal_cm3.o(.data)
    .data                                    0x10000038   Section        8  rt_system.o(.data)
    os_lock                                  0x10000038   Data           1  rt_system.o(.data)
    os_psh_flag                              0x10000039   Data           1  rt_system.o(.data)
    pend_flags                               0x1000003a   Data           1  rt_system.o(.data)
    .data                                    0x10000040   Section        8  rt_timer.o(.data)
    .bss                                     0x10000048   Section       80  rtx-mailbox-int-adc5.o(.bss)
    .bss                                     0x10000098   Section      404  rtx_conf_cm.o(.bss)
    .bss                                     0x10000230   Section     4112  rtx_conf_cm.o(.bss)
    .bss                                     0x10001240   Section      132  rtx_conf_cm.o(.bss)
    .bss                                     0x100012c4   Section       28  rtx_conf_cm.o(.bss)
    .bss                                     0x100012e0   Section       56  rt_task.o(.bss)
    .bss                                     0x10001318   Section       48  rt_list.o(.bss)
    STACK                                    0x10001348   Section      512  startup_lpc17xx.o(STACK)

    Global Symbols

    Symbol Name                              Value     Ov Type        Size  Object(Section)

    BuildAttributes$$THM_ISAv4$P$D$K$B$S$PE$A:L22UL41UL21$X:L11$S22US41US21$IEEE1$IW$USESV6$~STKCKD$USESV7$~SHL$OTIME$ROPI$EBA8$MICROLIB$REQ8$PRES8$EABIv2 0x00000000   Number         0  anon$$obj.o ABSOLUTE
    __ARM_use_no_argv                        0x00000000   Number         0  rtx-mailbox-int-adc5.o ABSOLUTE
    __Vectors                                0x00000000   Data           4  startup_lpc17xx.o(RESET)
    _printf_a                                0x00000000   Number         0  stubs.o ABSOLUTE
    _printf_c                                0x00000000   Number         0  stubs.o ABSOLUTE
    _printf_charcount                        0x00000000   Number         0  stubs.o ABSOLUTE
    _printf_d                                0x00000000   Number         0  stubs.o ABSOLUTE
    _printf_e                                0x00000000   Number         0  stubs.o ABSOLUTE
    _printf_f                                0x00000000   Number         0  stubs.o ABSOLUTE
    _printf_flags                            0x00000000   Number         0  stubs.o ABSOLUTE
    _printf_fp_dec                           0x00000000   Number         0  stubs.o ABSOLUTE
    _printf_fp_hex                           0x00000000   Number         0  stubs.o ABSOLUTE
    _printf_g                                0x00000000   Number         0  stubs.o ABSOLUTE
    _printf_i                                0x00000000   Number         0  stubs.o ABSOLUTE
    _printf_int_dec                          0x00000000   Number         0  stubs.o ABSOLUTE
    _printf_l                                0x00000000   Number         0  stubs.o ABSOLUTE
    _printf_lc                               0x00000000   Number         0  stubs.o ABSOLUTE
    _printf_ll                               0x00000000   Number         0  stubs.o ABSOLUTE
    _printf_lld                              0x00000000   Number         0  stubs.o ABSOLUTE
    _printf_lli                              0x00000000   Number         0  stubs.o ABSOLUTE
    _printf_llo                              0x00000000   Number         0  stubs.o ABSOLUTE
    _printf_llu                              0x00000000   Number         0  stubs.o ABSOLUTE
    _printf_llx                              0x00000000   Number         0  stubs.o ABSOLUTE
    _printf_longlong_dec                     0x00000000   Number         0  stubs.o ABSOLUTE
    _printf_longlong_hex                     0x00000000   Number         0  stubs.o ABSOLUTE
    _printf_longlong_oct                     0x00000000   Number         0  stubs.o ABSOLUTE
    _printf_ls                               0x00000000   Number         0  stubs.o ABSOLUTE
    _printf_mbtowc                           0x00000000   Number         0  stubs.o ABSOLUTE
    _printf_n                                0x00000000   Number         0  stubs.o ABSOLUTE
    _printf_o                                0x00000000   Number         0  stubs.o ABSOLUTE
    _printf_p                                0x00000000   Number         0  stubs.o ABSOLUTE
    _printf_percent                          0x00000000   Number         0  stubs.o ABSOLUTE
    _printf_pre_padding                      0x00000000   Number         0  stubs.o ABSOLUTE
    _printf_return_value                     0x00000000   Number         0  stubs.o ABSOLUTE
    _printf_s                                0x00000000   Number         0  stubs.o ABSOLUTE
    _printf_sizespec                         0x00000000   Number         0  stubs.o ABSOLUTE
    _printf_str                              0x00000000   Number         0  stubs.o ABSOLUTE
    _printf_truncate_signed                  0x00000000   Number         0  stubs.o ABSOLUTE
    _printf_truncate_unsigned                0x00000000   Number         0  stubs.o ABSOLUTE
    _printf_u                                0x00000000   Number         0  stubs.o ABSOLUTE
    _printf_wc                               0x00000000   Number         0  stubs.o ABSOLUTE
    _printf_wctomb                           0x00000000   Number         0  stubs.o ABSOLUTE
    _printf_widthprec                        0x00000000   Number         0  stubs.o ABSOLUTE
    _printf_x                                0x00000000   Number         0  stubs.o ABSOLUTE
    __cpp_initialize__aeabi_                  - Undefined Weak Reference
    __cxa_finalize                            - Undefined Weak Reference
    __decompress                              - Undefined Weak Reference
    _clock_init                               - Undefined Weak Reference
    _microlib_exit                            - Undefined Weak Reference
    __main                                   0x000000cd   Thumb Code     0  entry.o(.ARM.Collect$$$$00000000)
    _main_stk                                0x000000cd   Thumb Code     0  entry2.o(.ARM.Collect$$$$00000001)
    _main_scatterload                        0x000000d1   Thumb Code     0  entry5.o(.ARM.Collect$$$$00000004)
    __main_after_scatterload                 0x000000d5   Thumb Code     0  entry5.o(.ARM.Collect$$$$00000004)
    _main_clock                              0x000000d5   Thumb Code     0  entry7b.o(.ARM.Collect$$$$00000008)
    _main_cpp_init                           0x000000d5   Thumb Code     0  entry8b.o(.ARM.Collect$$$$0000000A)
    _main_init                               0x000000d5   Thumb Code     0  entry9a.o(.ARM.Collect$$$$0000000B)
    __rt_final_cpp                           0x000000dd   Thumb Code     0  entry10a.o(.ARM.Collect$$$$0000000D)
    __rt_final_exit                          0x000000dd   Thumb Code     0  entry11a.o(.ARM.Collect$$$$0000000F)
    rt_set_PSP                               0x000000e1   Thumb Code     6  hal_cm3.o(.emb_text)
    rt_get_PSP                               0x000000e7   Thumb Code     6  hal_cm3.o(.emb_text)
    os_set_env                               0x000000ed   Thumb Code    24  hal_cm3.o(.emb_text)
    _alloc_box                               0x00000109   Thumb Code    28  hal_cm3.o(.emb_text)
    _free_box                                0x00000129   Thumb Code    28  hal_cm3.o(.emb_text)
    SVC_Handler                              0x00000149   Thumb Code   124  hal_cm3.o(.emb_text)
    PendSV_Handler                           0x000001d1   Thumb Code    76  hal_cm3.o(.emb_text)
    SysTick_Handler                          0x00000221   Thumb Code     8  hal_cm3.o(.emb_text)
    OS_Tick_Handler                          0x00000229   Thumb Code    12  hal_cm3.o(.emb_text)
    os_idle_demon                            0x00000235   Thumb Code     2  rtx_conf_cm.o(.text)
    os_tmr_call                              0x00000237   Thumb Code     2  rtx_conf_cm.o(.text)
    os_error                                 0x00000239   Thumb Code     2  rtx_conf_cm.o(.text)
    rt_init_robin                            0x0000023b   Thumb Code     2  rtx_conf_cm.o(.text)
    rt_chk_robin                             0x0000023d   Thumb Code     2  rtx_conf_cm.o(.text)
    Reset_Handler                            0x00000241   Thumb Code     8  startup_lpc17xx.o(.text)
    NMI_Handler                              0x00000249   Thumb Code     2  startup_lpc17xx.o(.text)
    HardFault_Handler                        0x0000024b   Thumb Code     2  startup_lpc17xx.o(.text)
    MemManage_Handler                        0x0000024d   Thumb Code     2  startup_lpc17xx.o(.text)
    BusFault_Handler                         0x0000024f   Thumb Code     2  startup_lpc17xx.o(.text)
    UsageFault_Handler                       0x00000251   Thumb Code     2  startup_lpc17xx.o(.text)
    DebugMon_Handler                         0x00000255   Thumb Code     2  startup_lpc17xx.o(.text)
    ADC_IRQHandler                           0x0000025b   Thumb Code     0  startup_lpc17xx.o(.text)
    BOD_IRQHandler                           0x0000025b   Thumb Code     0  startup_lpc17xx.o(.text)
    CANActivity_IRQHandler                   0x0000025b   Thumb Code     0  startup_lpc17xx.o(.text)
    CAN_IRQHandler                           0x0000025b   Thumb Code     0  startup_lpc17xx.o(.text)
    DMA_IRQHandler                           0x0000025b   Thumb Code     0  startup_lpc17xx.o(.text)
    EINT0_IRQHandler                         0x0000025b   Thumb Code     0  startup_lpc17xx.o(.text)
    EINT1_IRQHandler                         0x0000025b   Thumb Code     0  startup_lpc17xx.o(.text)
    EINT2_IRQHandler                         0x0000025b   Thumb Code     0  startup_lpc17xx.o(.text)
    EINT3_IRQHandler                         0x0000025b   Thumb Code     0  startup_lpc17xx.o(.text)
    ENET_IRQHandler                          0x0000025b   Thumb Code     0  startup_lpc17xx.o(.text)
    I2C0_IRQHandler                          0x0000025b   Thumb Code     0  startup_lpc17xx.o(.text)
    I2C1_IRQHandler                          0x0000025b   Thumb Code     0  startup_lpc17xx.o(.text)
    I2C2_IRQHandler                          0x0000025b   Thumb Code     0  startup_lpc17xx.o(.text)
    I2S_IRQHandler                           0x0000025b   Thumb Code     0  startup_lpc17xx.o(.text)
    MCPWM_IRQHandler                         0x0000025b   Thumb Code     0  startup_lpc17xx.o(.text)
    PLL0_IRQHandler                          0x0000025b   Thumb Code     0  startup_lpc17xx.o(.text)
    PLL1_IRQHandler                          0x0000025b   Thumb Code     0  startup_lpc17xx.o(.text)
    PWM1_IRQHandler                          0x0000025b   Thumb Code     0  startup_lpc17xx.o(.text)
    QEI_IRQHandler                           0x0000025b   Thumb Code     0  startup_lpc17xx.o(.text)
    RIT_IRQHandler                           0x0000025b   Thumb Code     0  startup_lpc17xx.o(.text)
    RTC_IRQHandler                           0x0000025b   Thumb Code     0  startup_lpc17xx.o(.text)
    SPI_IRQHandler                           0x0000025b   Thumb Code     0  startup_lpc17xx.o(.text)
    SSP0_IRQHandler                          0x0000025b   Thumb Code     0  startup_lpc17xx.o(.text)
    SSP1_IRQHandler                          0x0000025b   Thumb Code     0  startup_lpc17xx.o(.text)
    TIMER0_IRQHandler                        0x0000025b   Thumb Code     0  startup_lpc17xx.o(.text)
    TIMER1_IRQHandler                        0x0000025b   Thumb Code     0  startup_lpc17xx.o(.text)
    TIMER2_IRQHandler                        0x0000025b   Thumb Code     0  startup_lpc17xx.o(.text)
    TIMER3_IRQHandler                        0x0000025b   Thumb Code     0  startup_lpc17xx.o(.text)
    UART0_IRQHandler                         0x0000025b   Thumb Code     0  startup_lpc17xx.o(.text)
    UART1_IRQHandler                         0x0000025b   Thumb Code     0  startup_lpc17xx.o(.text)
    UART2_IRQHandler                         0x0000025b   Thumb Code     0  startup_lpc17xx.o(.text)
    UART3_IRQHandler                         0x0000025b   Thumb Code     0  startup_lpc17xx.o(.text)
    USBActivity_IRQHandler                   0x0000025b   Thumb Code     0  startup_lpc17xx.o(.text)
    USB_IRQHandler                           0x0000025b   Thumb Code     0  startup_lpc17xx.o(.text)
    WDT_IRQHandler                           0x0000025b   Thumb Code     0  startup_lpc17xx.o(.text)
    __aeabi_uldivmod                         0x00000265   Thumb Code    98  uldiv.o(.text)
    __aeabi_ui2f                             0x000002c7   Thumb Code    10  ffltui.o(.text)
    __aeabi_f2d                              0x000002d1   Thumb Code    38  f2d.o(.text)
    __I$use$fp                               0x000002f7   Thumb Code     0  iusefp.o(.text)
    SVC_Count                                0x000002f8   Data           4  svc_table.o(SVC_TABLE)
    SVC_Table                                0x000002fc   Data           0  svc_table.o(SVC_TABLE)
    rec_task                                 0x00000301   Thumb Code   126  rtx-mailbox-int-adc5.o(.text)
    send_task                                0x0000037f   Thumb Code   128  rtx-mailbox-int-adc5.o(.text)
    init_task                                0x000003ff   Thumb Code    48  rtx-mailbox-int-adc5.o(.text)
    UART0_Init                               0x0000042f   Thumb Code    56  rtx-mailbox-int-adc5.o(.text)
    main                                     0x00000467   Thumb Code    70  rtx-mailbox-int-adc5.o(.text)
    __RL_RTX_VER                             0x00000475   Number         0  rt_system.o ABSOLUTE
    SystemCoreClockUpdate                    0x00000511   Thumb Code   184  system_lpc17xx.o(.text)
    SystemInit                               0x000005c9   Thumb Code   190  system_lpc17xx.o(.text)
    __aeabi_fmul                             0x000006a9   Thumb Code   100  fmul.o(.text)
    __aeabi_fdiv                             0x0000070d   Thumb Code   124  fdiv.o(.text)
    __aeabi_uidiv                            0x00000789   Thumb Code     0  uidiv.o(.text)
    __aeabi_uidivmod                         0x00000789   Thumb Code    44  uidiv.o(.text)
    __aeabi_llsl                             0x000007b5   Thumb Code    30  llshl.o(.text)
    _ll_shift_l                              0x000007b5   Thumb Code     0  llshl.o(.text)
    __aeabi_llsr                             0x000007d3   Thumb Code    32  llushr.o(.text)
    _ll_ushift_r                             0x000007d3   Thumb Code     0  llushr.o(.text)
    _float_round                             0x000007f3   Thumb Code    18  fepilogue.o(.text)
    _float_epilogue                          0x00000805   Thumb Code    92  fepilogue.o(.text)
    __aeabi_dadd                             0x00000861   Thumb Code   322  dadd.o(.text)
    __aeabi_dsub                             0x000009a3   Thumb Code     6  dadd.o(.text)
    __aeabi_drsub                            0x000009a9   Thumb Code     6  dadd.o(.text)
    __aeabi_dmul                             0x000009af   Thumb Code   228  dmul.o(.text)
    __aeabi_ddiv                             0x00000a93   Thumb Code   222  ddiv.o(.text)
    __aeabi_d2ulz                            0x00000b71   Thumb Code    48  dfixul.o(.text)
    __aeabi_cdrcmple                         0x00000ba1   Thumb Code    38  cdrcmple.o(.text)
    __scatterload                            0x00000bc9   Thumb Code    28  init.o(.text)
    __scatterload_rt2                        0x00000bc9   Thumb Code     0  init.o(.text)
    __aeabi_lasr                             0x00000bed   Thumb Code    36  llsshr.o(.text)
    _ll_sshift_r                             0x00000bed   Thumb Code     0  llsshr.o(.text)
    _double_round                            0x00000c11   Thumb Code    26  depilogue.o(.text)
    _double_epilogue                         0x00000c2b   Thumb Code   156  depilogue.o(.text)
    __0sprintf                               0x00000cc9   Thumb Code    34  printfa.o(i.__0sprintf)
    __1sprintf                               0x00000cc9   Thumb Code     0  printfa.o(i.__0sprintf)
    __2sprintf                               0x00000cc9   Thumb Code     0  printfa.o(i.__0sprintf)
    __c89sprintf                             0x00000cc9   Thumb Code     0  printfa.o(i.__0sprintf)
    sprintf                                  0x00000cc9   Thumb Code     0  printfa.o(i.__0sprintf)
    __scatterload_copy                       0x00000cf1   Thumb Code    14  handlers.o(i.__scatterload_copy)
    __scatterload_null                       0x00000cff   Thumb Code     2  handlers.o(i.__scatterload_null)
    __scatterload_zeroinit                   0x00000d01   Thumb Code    14  handlers.o(i.__scatterload_zeroinit)
    _init_box                                0x00000e75   Thumb Code    70  rt_membox.o(i._init_box)
    dbg_init                                 0x000015f5   Thumb Code    34  hal_cm3.o(i.dbg_init)
    dbg_task_notify                          0x00001625   Thumb Code    32  hal_cm3.o(i.dbg_task_notify)
    dbg_task_switch                          0x00001645   Thumb Code    16  hal_cm3.o(i.dbg_task_switch)
    os_tick_init                             0x00001655   Thumb Code    32  rt_system.o(i.os_tick_init)
    os_tick_irqack                           0x0000167d   Thumb Code     2  rt_system.o(i.os_tick_irqack)
    rt_alloc_box                             0x0000167f   Thumb Code    26  rt_membox.o(i.rt_alloc_box)
    rt_block                                 0x00001699   Thumb Code    48  rt_task.o(i.rt_block)
    rt_dec_dly                               0x000016d1   Thumb Code   106  rt_list.o(i.rt_dec_dly)
    rt_dispatch                              0x00001745   Thumb Code    60  rt_task.o(i.rt_dispatch)
    rt_dly_wait                              0x00001789   Thumb Code     6  rt_time.o(i.rt_dly_wait)
    rt_evt_psh                               0x00001791   Thumb Code    72  rt_event.o(i.rt_evt_psh)
    rt_free_box                              0x000017dd   Thumb Code    32  rt_membox.o(i.rt_free_box)
    rt_get_first                             0x000017fd   Thumb Code    40  rt_list.o(i.rt_get_first)
    rt_init_stack                            0x00001871   Thumb Code    70  hal_cm3.o(i.rt_init_stack)
    rt_mbx_init                              0x000018c1   Thumb Code    24  rt_mailbox.o(i.rt_mbx_init)
    rt_mbx_psh                               0x000018d9   Thumb Code   206  rt_mailbox.o(i.rt_mbx_psh)
    rt_mbx_send                              0x000019ad   Thumb Code   160  rt_mailbox.o(i.rt_mbx_send)
    rt_mbx_wait                              0x00001a51   Thumb Code   182  rt_mailbox.o(i.rt_mbx_wait)
    rt_pop_req                               0x00001b0d   Thumb Code   112  rt_system.o(i.rt_pop_req)
    rt_put_dly                               0x00001b89   Thumb Code    68  rt_list.o(i.rt_put_dly)
    rt_put_prio                              0x00001bd1   Thumb Code    54  rt_list.o(i.rt_put_prio)
    rt_put_rdy_first                         0x00001c09   Thumb Code    14  rt_list.o(i.rt_put_rdy_first)
    rt_rmv_dly                               0x00001c1d   Thumb Code    40  rt_list.o(i.rt_rmv_dly)
    rt_rmv_list                              0x00001c45   Thumb Code    44  rt_list.o(i.rt_rmv_list)
    rt_sem_psh                               0x00001c75   Thumb Code    46  rt_semaphore.o(i.rt_sem_psh)
    rt_stk_check                             0x00001ca9   Thumb Code    28  rt_system.o(i.rt_stk_check)
    rt_switch_req                            0x00001ccd   Thumb Code    30  rt_task.o(i.rt_switch_req)
    rt_sys_init                              0x00001cf5   Thumb Code   268  rt_task.o(i.rt_sys_init)
    rt_systick                               0x00001e49   Thumb Code    50  rt_system.o(i.rt_systick)
    rt_tmr_tick                              0x00001e89   Thumb Code    56  rt_timer.o(i.rt_tmr_tick)
    rt_tsk_create                            0x00001ec9   Thumb Code   122  rt_task.o(i.rt_tsk_create)
    rt_tsk_delete                            0x00001f59   Thumb Code   336  rt_task.o(i.rt_tsk_delete)
    os_maxtaskrun                            0x000020c4   Data           2  rtx_conf_cm.o(.constdata)
    os_stackinfo                             0x000020c8   Data           4  rtx_conf_cm.o(.constdata)
    os_trv                                   0x000020cc   Data           4  rtx_conf_cm.o(.constdata)
    os_flags                                 0x000020d0   Data           1  rtx_conf_cm.o(.constdata)
    os_clockrate                             0x000020d4   Data           4  rtx_conf_cm.o(.constdata)
    os_timernum                              0x000020d8   Data           4  rtx_conf_cm.o(.constdata)
    mp_tcb_size                              0x000020dc   Data           2  rtx_conf_cm.o(.constdata)
    mp_stk_size                              0x000020e0   Data           4  rtx_conf_cm.o(.constdata)
    os_fifo_size                             0x000020e4   Data           1  rtx_conf_cm.o(.constdata)
    mp_tmr_size                              0x000020e6   Data           2  rtx_conf_cm.o(.constdata)
    RL_RTX_Version                           0x000020e8   Data           4  rt_system.o(.constdata)
    Region$$Table$$Base                      0x000020ec   Number         0  anon$$obj.o(Region$$Table)
    Region$$Table$$Limit                     0x0000210c   Number         0  anon$$obj.o(Region$$Table)
    i                                        0x10000000   Data           4  rtx-mailbox-int-adc5.o(.data)
    k                                        0x10000004   Data           4  rtx-mailbox-int-adc5.o(.data)
    cnt1                                     0x10000008   Data           4  rtx-mailbox-int-adc5.o(.data)
    cnt2                                     0x1000000c   Data           4  rtx-mailbox-int-adc5.o(.data)
    adc_temp                                 0x10000010   Data           4  rtx-mailbox-int-adc5.o(.data)
    tsk1                                     0x10000014   Data           4  rtx-mailbox-int-adc5.o(.data)
    tsk2                                     0x10000018   Data           4  rtx-mailbox-int-adc5.o(.data)
    in_vtg                                   0x1000001c   Data           4  rtx-mailbox-int-adc5.o(.data)
    SystemCoreClock                          0x10000020   Data           4  system_lpc17xx.o(.data)
    m_tmr                                    0x10000024   Data           4  rtx_conf_cm.o(.data)
    os_tsk                                   0x10000028   Data           8  rt_task.o(.data)
    os_time                                  0x10000030   Data           4  rt_time.o(.data)
    dbg_msg                                  0x10000034   Data           1  hal_cm3.o(.data)
    os_tick_irqn                             0x1000003c   Data           4  rt_system.o(.data)
    os_tmr                                   0x10000040   Data           8  rt_timer.o(.data)
    buf                                      0x10000048   Data          40  rtx-mailbox-int-adc5.o(.bss)
    MsgBox                                   0x10000070   Data          20  rtx-mailbox-int-adc5.o(.bss)
    mpool                                    0x10000084   Data          20  rtx-mailbox-int-adc5.o(.bss)
    mp_tcb                                   0x10000098   Data         404  rtx_conf_cm.o(.bss)
    mp_stk                                   0x10000230   Data        4112  rtx_conf_cm.o(.bss)
    os_fifo                                  0x10001240   Data         132  rtx_conf_cm.o(.bss)
    os_active_TCB                            0x100012c4   Data          28  rtx_conf_cm.o(.bss)
    os_idle_TCB                              0x100012e0   Data          56  rt_task.o(.bss)
    os_rdy                                   0x10001318   Data          24  rt_list.o(.bss)
    os_dly                                   0x10001330   Data          24  rt_list.o(.bss)
    __initial_sp                             0x10001548   Data           0  startup_lpc17xx.o(STACK)



==============================================================================

Memory Map of the image

  Image Entry point : 0x000000cd

  Load Region LR_IROM1 (Base: 0x00000000, Size: 0x00002154, Max: 0x00080000, ABSOLUTE)

    Execution Region ER_IROM1 (Base: 0x00000000, Size: 0x0000210c, Max: 0x00080000, ABSOLUTE)

    Base Addr    Size         Type   Attr      Idx    E Section Name        Object

    0x00000000   0x000000cc   Data   RO          116    RESET               startup_lpc17xx.o
    0x000000cc   0x00000000   Code   RO          676  * .ARM.Collect$$$$00000000  mc_w.l(entry.o)
    0x000000cc   0x00000004   Code   RO          950    .ARM.Collect$$$$00000001  mc_w.l(entry2.o)
    0x000000d0   0x00000004   Code   RO          953    .ARM.Collect$$$$00000004  mc_w.l(entry5.o)
    0x000000d4   0x00000000   Code   RO          955    .ARM.Collect$$$$00000008  mc_w.l(entry7b.o)
    0x000000d4   0x00000000   Code   RO          957    .ARM.Collect$$$$0000000A  mc_w.l(entry8b.o)
    0x000000d4   0x00000008   Code   RO          958    .ARM.Collect$$$$0000000B  mc_w.l(entry9a.o)
    0x000000dc   0x00000000   Code   RO          960    .ARM.Collect$$$$0000000D  mc_w.l(entry10a.o)
    0x000000dc   0x00000000   Code   RO          962    .ARM.Collect$$$$0000000F  mc_w.l(entry11a.o)
    0x000000dc   0x00000004   Code   RO          951    .ARM.Collect$$$$00002712  mc_w.l(entry2.o)
    0x000000e0   0x00000154   Code   RO          342    .emb_text           RTX_CM3.LIB(hal_cm3.o)
    0x00000234   0x0000000a   Code   RO           82    .text               rtx_conf_cm.o
    0x0000023e   0x00000002   PAD
    0x00000240   0x00000024   Code   RO          118    .text               startup_lpc17xx.o
    0x00000264   0x00000062   Code   RO          679    .text               mc_w.l(uldiv.o)
    0x000002c6   0x0000000a   Code   RO          946    .text               mf_w.l(ffltui.o)
    0x000002d0   0x00000026   Code   RO          948    .text               mf_w.l(f2d.o)
    0x000002f6   0x00000000   Code   RO          973    .text               mc_w.l(iusefp.o)
    0x000002f6   0x00000002   PAD
    0x000002f8   0x00000004   Code   RO          547    SVC_TABLE           RTX_CM3.LIB(svc_table.o)
    0x000002fc   0x00000004   Code   RO          117    .ARM.__at_0x02FC    startup_lpc17xx.o
    0x00000300   0x00000210   Code   RO            3    .text               rtx-mailbox-int-adc5.o
    0x00000510   0x00000198   Code   RO           58    .text               system_lpc17xx.o
    0x000006a8   0x00000064   Code   RO          942    .text               mf_w.l(fmul.o)
    0x0000070c   0x0000007c   Code   RO          944    .text               mf_w.l(fdiv.o)
    0x00000788   0x0000002c   Code   RO          967    .text               mc_w.l(uidiv.o)
    0x000007b4   0x0000001e   Code   RO          969    .text               mc_w.l(llshl.o)
    0x000007d2   0x00000020   Code   RO          971    .text               mc_w.l(llushr.o)
    0x000007f2   0x0000006e   Code   RO          974    .text               mf_w.l(fepilogue.o)
    0x00000860   0x0000014e   Code   RO          976    .text               mf_w.l(dadd.o)
    0x000009ae   0x000000e4   Code   RO          978    .text               mf_w.l(dmul.o)
    0x00000a92   0x000000de   Code   RO          980    .text               mf_w.l(ddiv.o)
    0x00000b70   0x00000030   Code   RO          982    .text               mf_w.l(dfixul.o)
    0x00000ba0   0x00000028   Code   RO          984    .text               mf_w.l(cdrcmple.o)
    0x00000bc8   0x00000024   Code   RO          986    .text               mc_w.l(init.o)
    0x00000bec   0x00000024   Code   RO          989    .text               mc_w.l(llsshr.o)
    0x00000c10   0x000000b6   Code   RO          992    .text               mf_w.l(depilogue.o)
    0x00000cc6   0x00000002   PAD
    0x00000cc8   0x00000028   Code   RO          916    i.__0sprintf        mc_w.l(printfa.o)
    0x00000cf0   0x0000000e   Code   RO          996    i.__scatterload_copy  mc_w.l(handlers.o)
    0x00000cfe   0x00000002   Code   RO          997    i.__scatterload_null  mc_w.l(handlers.o)
    0x00000d00   0x0000000e   Code   RO          998    i.__scatterload_zeroinit  mc_w.l(handlers.o)
    0x00000d0e   0x00000002   PAD
    0x00000d10   0x00000164   Code   RO          921    i._fp_digits        mc_w.l(printfa.o)
    0x00000e74   0x00000046   Code   RO          313    i._init_box         RTX_CM3.LIB(rt_membox.o)
    0x00000eba   0x00000002   PAD
    0x00000ebc   0x000006dc   Code   RO          922    i._printf_core      mc_w.l(printfa.o)
    0x00001598   0x00000024   Code   RO          923    i._printf_post_padding  mc_w.l(printfa.o)
    0x000015bc   0x0000002e   Code   RO          924    i._printf_pre_padding  mc_w.l(printfa.o)
    0x000015ea   0x0000000a   Code   RO          926    i._sputc            mc_w.l(printfa.o)
    0x000015f4   0x00000030   Code   RO          343    i.dbg_init          RTX_CM3.LIB(hal_cm3.o)
    0x00001624   0x00000020   Code   RO          344    i.dbg_task_notify   RTX_CM3.LIB(hal_cm3.o)
    0x00001644   0x00000010   Code   RO          345    i.dbg_task_switch   RTX_CM3.LIB(hal_cm3.o)
    0x00001654   0x00000028   Code   RO          384    i.os_tick_init      RTX_CM3.LIB(rt_system.o)
    0x0000167c   0x00000002   Code   RO          385    i.os_tick_irqack    RTX_CM3.LIB(rt_system.o)
    0x0000167e   0x0000001a   Code   RO          314    i.rt_alloc_box      RTX_CM3.LIB(rt_membox.o)
    0x00001698   0x00000038   Code   RO          124    i.rt_block          RTX_CM3.LIB(rt_task.o)
    0x000016d0   0x00000074   Code   RO          468    i.rt_dec_dly        RTX_CM3.LIB(rt_list.o)
    0x00001744   0x00000044   Code   RO          125    i.rt_dispatch       RTX_CM3.LIB(rt_task.o)
    0x00001788   0x00000006   Code   RO          279    i.rt_dly_wait       RTX_CM3.LIB(rt_time.o)
    0x0000178e   0x00000002   PAD
    0x00001790   0x0000004c   Code   RO          553    i.rt_evt_psh        RTX_CM3.LIB(rt_event.o)
    0x000017dc   0x00000020   Code   RO          315    i.rt_free_box       RTX_CM3.LIB(rt_membox.o)
    0x000017fc   0x00000028   Code   RO          469    i.rt_get_first      RTX_CM3.LIB(rt_list.o)
    0x00001824   0x0000004c   Code   RO          126    i.rt_init_context   RTX_CM3.LIB(rt_task.o)
    0x00001870   0x00000050   Code   RO          346    i.rt_init_stack     RTX_CM3.LIB(hal_cm3.o)
    0x000018c0   0x00000018   Code   RO          226    i.rt_mbx_init       RTX_CM3.LIB(rt_mailbox.o)
    0x000018d8   0x000000d4   Code   RO          227    i.rt_mbx_psh        RTX_CM3.LIB(rt_mailbox.o)
    0x000019ac   0x000000a4   Code   RO          228    i.rt_mbx_send       RTX_CM3.LIB(rt_mailbox.o)
    0x00001a50   0x000000bc   Code   RO          229    i.rt_mbx_wait       RTX_CM3.LIB(rt_mailbox.o)
    0x00001b0c   0x0000007c   Code   RO          386    i.rt_pop_req        RTX_CM3.LIB(rt_system.o)
    0x00001b88   0x00000048   Code   RO          472    i.rt_put_dly        RTX_CM3.LIB(rt_list.o)
    0x00001bd0   0x00000036   Code   RO          473    i.rt_put_prio       RTX_CM3.LIB(rt_list.o)
    0x00001c06   0x00000002   PAD
    0x00001c08   0x00000014   Code   RO          474    i.rt_put_rdy_first  RTX_CM3.LIB(rt_list.o)
    0x00001c1c   0x00000028   Code   RO          476    i.rt_rmv_dly        RTX_CM3.LIB(rt_list.o)
    0x00001c44   0x00000030   Code   RO          477    i.rt_rmv_list       RTX_CM3.LIB(rt_list.o)
    0x00001c74   0x00000034   Code   RO          594    i.rt_sem_psh        RTX_CM3.LIB(rt_semaphore.o)
    0x00001ca8   0x00000024   Code   RO          389    i.rt_stk_check      RTX_CM3.LIB(rt_system.o)
    0x00001ccc   0x00000028   Code   RO          127    i.rt_switch_req     RTX_CM3.LIB(rt_task.o)
    0x00001cf4   0x00000154   Code   RO          128    i.rt_sys_init       RTX_CM3.LIB(rt_task.o)
    0x00001e48   0x00000040   Code   RO          391    i.rt_systick        RTX_CM3.LIB(rt_system.o)
    0x00001e88   0x00000040   Code   RO          630    i.rt_tmr_tick       RTX_CM3.LIB(rt_timer.o)
    0x00001ec8   0x00000090   Code   RO          129    i.rt_tsk_create     RTX_CM3.LIB(rt_task.o)
    0x00001f58   0x0000016c   Code   RO          130    i.rt_tsk_delete     RTX_CM3.LIB(rt_task.o)
    0x000020c4   0x00000002   Data   RO           87    .constdata          rtx_conf_cm.o
    0x000020c6   0x00000002   PAD
    0x000020c8   0x00000004   Data   RO           88    .constdata          rtx_conf_cm.o
    0x000020cc   0x00000004   Data   RO           90    .constdata          rtx_conf_cm.o
    0x000020d0   0x00000001   Data   RO           91    .constdata          rtx_conf_cm.o
    0x000020d1   0x00000003   PAD
    0x000020d4   0x00000008   Data   RO           92    .constdata          rtx_conf_cm.o
    0x000020dc   0x00000002   Data   RO           93    .constdata          rtx_conf_cm.o
    0x000020de   0x00000002   PAD
    0x000020e0   0x00000004   Data   RO           94    .constdata          rtx_conf_cm.o
    0x000020e4   0x00000001   Data   RO           95    .constdata          rtx_conf_cm.o
    0x000020e5   0x00000001   PAD
    0x000020e6   0x00000002   Data   RO           96    .constdata          rtx_conf_cm.o
    0x000020e8   0x00000004   Data   RO          394    .constdata          RTX_CM3.LIB(rt_system.o)
    0x000020ec   0x00000020   Data   RO          994    Region$$Table       anon$$obj.o


    Execution Region RW_IRAM1 (Base: 0x10000000, Size: 0x00001548, Max: 0x00008000, ABSOLUTE)

    Base Addr    Size         Type   Attr      Idx    E Section Name        Object

    0x10000000   0x00000020   Data   RW            5    .data               rtx-mailbox-int-adc5.o
    0x10000020   0x00000004   Data   RW           59    .data               system_lpc17xx.o
    0x10000024   0x00000004   Data   RW           97    .data               rtx_conf_cm.o
    0x10000028   0x00000008   Data   RW          135    .data               RTX_CM3.LIB(rt_task.o)
    0x10000030   0x00000004   Data   RW          283    .data               RTX_CM3.LIB(rt_time.o)
    0x10000034   0x00000001   Data   RW          347    .data               RTX_CM3.LIB(hal_cm3.o)
    0x10000035   0x00000003   PAD
    0x10000038   0x00000008   Data   RW          395    .data               RTX_CM3.LIB(rt_system.o)
    0x10000040   0x00000008   Data   RW          631    .data               RTX_CM3.LIB(rt_timer.o)
    0x10000048   0x00000050   Zero   RW            4    .bss                rtx-mailbox-int-adc5.o
    0x10000098   0x00000194   Zero   RW           83    .bss                rtx_conf_cm.o
    0x1000022c   0x00000004   PAD
    0x10000230   0x00001010   Zero   RW           84    .bss                rtx_conf_cm.o
    0x10001240   0x00000084   Zero   RW           85    .bss                rtx_conf_cm.o
    0x100012c4   0x0000001c   Zero   RW           86    .bss                rtx_conf_cm.o
    0x100012e0   0x00000038   Zero   RW          134    .bss                RTX_CM3.LIB(rt_task.o)
    0x10001318   0x00000030   Zero   RW          478    .bss                RTX_CM3.LIB(rt_list.o)
    0x10001348   0x00000200   Zero   RW          114    STACK               startup_lpc17xx.o


==============================================================================

Image component sizes


      Code (inc. data)   RO Data    RW Data    ZI Data      Debug   Object Name

       528        100          0         32         80      14019   rtx-mailbox-int-adc5.o
        10          0         28          4       4676       2215   rtx_conf_cm.o
        40         12        204          0        512       1084   startup_lpc17xx.o
       408         34          0          4          0       1205   system_lpc17xx.o

    ----------------------------------------------------------------------
       988        146        272         40       5272      18523   Object Totals
         0          0         32          0          0          0   (incl. Generated)
         2          0          8          0          4          0   (incl. Padding)

    ----------------------------------------------------------------------

      Code (inc. data)   RO Data    RW Data    ZI Data      Debug   Library Member Name

       516         56          0          1          0       2793   hal_cm3.o
        76          4          0          0          0        613   rt_event.o
       390         24          0          0         48       3961   rt_list.o
       588         16          0          0          0       2923   rt_mailbox.o
       128          0          0          0          0       1785   rt_membox.o
        52          6          0          0          0        537   rt_semaphore.o
       266         42          4          8          0       3301   rt_system.o
      1088        154          0          8         56       7262   rt_task.o
         6          0          0          4          0        576   rt_time.o
        64          8          0          8          0        631   rt_timer.o
         4          4          0          0          0        168   svc_table.o
         0          0          0          0          0          0   entry.o
         0          0          0          0          0          0   entry10a.o
         0          0          0          0          0          0   entry11a.o
         8          4          0          0          0          0   entry2.o
         4          0          0          0          0          0   entry5.o
         0          0          0          0          0          0   entry7b.o
         0          0          0          0          0          0   entry8b.o
         8          4          0          0          0          0   entry9a.o
        30          0          0          0          0          0   handlers.o
        36          8          0          0          0         68   init.o
         0          0          0          0          0          0   iusefp.o
        30          0          0          0          0         68   llshl.o
        36          0          0          0          0         68   llsshr.o
        32          0          0          0          0         68   llushr.o
      2244         86          0          0          0        512   printfa.o
        44          0          0          0          0         80   uidiv.o
        98          0          0          0          0         92   uldiv.o
        40          2          0          0          0         68   cdrcmple.o
       334          0          0          0          0        148   dadd.o
       222          0          0          0          0        100   ddiv.o
       182          0          0          0          0        176   depilogue.o
        48          0          0          0          0         68   dfixul.o
       228          0          0          0          0         96   dmul.o
        38          0          0          0          0         68   f2d.o
       124          0          0          0          0         88   fdiv.o
       110          0          0          0          0        168   fepilogue.o
        10          0          0          0          0         68   ffltui.o
       100          0          0          0          0         76   fmul.o

    ----------------------------------------------------------------------
      7196        418          4         32        104      26630   Library Totals
        12          0          0          3          0          0   (incl. Padding)

    ----------------------------------------------------------------------

      Code (inc. data)   RO Data    RW Data    ZI Data      Debug   Library Name

      3178        314          4         29        104      24550   RTX_CM3.LIB
      2570        102          0          0          0        956   mc_w.l
      1436          2          0          0          0       1124   mf_w.l

    ----------------------------------------------------------------------
      7196        418          4         32        104      26630   Library Totals

    ----------------------------------------------------------------------

==============================================================================


      Code (inc. data)   RO Data    RW Data    ZI Data      Debug   

      8184        564        276         72       5376      42237   Grand Totals
      8184        564        276         72       5376      42237   ELF Image Totals
      8184        564        276         72          0          0   ROM Totals

==============================================================================

    Total RO  Size (Code + RO Data)                 8460 (   8.26kB)
    Total RW  Size (RW Data + ZI Data)              5448 (   5.32kB)
    Total ROM Size (Code + RO Data + RW Data)       8532 (   8.33kB)

==============================================================================

